 tbb

 Timestamp is 5ea94b7c (Wed Apr 29 12:40:12 2020)

 Preferred load address is 0000000180000000

 Start         Length     Name                   Class
 0001:00000000 00000040H .text$di                CODE
 0001:00000040 0003d990H .text$mn                CODE
 0001:0003d9d0 00000020H .text$mn$00             CODE
 0001:0003d9f0 00001b40H .text$x                 CODE
 0001:0003f530 0000000cH .text$yd                CODE
 0002:00000000 00000320H .idata$5                DATA
 0002:00000320 00000010H .00cfg                  DATA
 0002:00000330 00000008H .CRT$XCA                DATA
 0002:00000338 00000010H .CRT$XCU                DATA
 0002:00000348 00000008H .CRT$XCZ                DATA
 0002:00000350 00000008H .CRT$XIA                DATA
 0002:00000358 00000028H .CRT$XIC                DATA
 0002:00000380 00000008H .CRT$XIZ                DATA
 0002:00000388 00000008H .CRT$XLA                DATA
 0002:00000390 00000008H .CRT$XLZ                DATA
 0002:00000398 00000008H .CRT$XPA                DATA
 0002:000003a0 00000010H .CRT$XPX                DATA
 0002:000003b0 00000008H .CRT$XPXA               DATA
 0002:000003b8 00000008H .CRT$XPZ                DATA
 0002:000003c0 00000008H .CRT$XTA                DATA
 0002:000003c8 00000008H .CRT$XTZ                DATA
 0002:000003d0 00000000H .gfids$y                DATA
 0002:000003d0 0000d2e8H .rdata                  DATA
 0002:0000d6b8 00000028H .rdata$T                DATA
 0002:0000d6e0 000023acH .rdata$r                DATA
 0002:0000fa8c 000003ccH .rdata$zzzdbg           DATA
 0002:0000fe58 00000008H .rtc$IAA                DATA
 0002:0000fe60 00000008H .rtc$IZZ                DATA
 0002:0000fe68 00000008H .rtc$TAA                DATA
 0002:0000fe70 00000008H .rtc$TZZ                DATA
 0002:0000fe78 00000004H .tls                    DATA
 0002:0000fe7c 00000004H .tls$                   DATA
 0002:0000fe80 00000010H .tls$ZZZ                DATA
 0002:0000fe90 000046d8H .xdata                  DATA
 0002:00014568 00000718H .xdata$x                DATA
 0002:00014c80 00004264H .edata                  DATA
 0002:00018ee4 00000014H .idata$2                DATA
 0002:00018ef8 00000018H .idata$3                DATA
 0002:00018f10 00000320H .idata$4                DATA
 0002:00019230 00000766H .idata$6                DATA
 0003:00000000 00003110H .data                   DATA
 0003:00003110 00000e70H .data$r                 DATA
 0003:00003f80 00002d04H .bss                    DATA
 0004:00000000 00004374H .pdata                  DATA
 0005:00000000 00000094H _RDATA                  DATA
 0006:00000000 000000a0H .rsrc$01                DATA
 0006:000000a0 00000560H .rsrc$02                DATA

  Address         Publics by Value              Rva+Base               Lib:Object

 0000:00000000       __guard_longjmp_count      0000000000000000     <absolute>
 0000:00000000       __guard_fids_count         0000000000000000     <absolute>
 0000:00000000       __hybrid_code_map_count    0000000000000000     <absolute>
 0000:00000000       __guard_iat_table          0000000000000000     <absolute>
 0000:00000000       __hybrid_code_map          0000000000000000     <absolute>
 0000:00000000       __guard_iat_count          0000000000000000     <absolute>
 0000:00000000       __volatile_metadata        0000000000000000     <absolute>
 0000:00000000       __guard_longjmp_table      0000000000000000     <absolute>
 0000:00000000       __enclave_config           0000000000000000     <absolute>
 0000:00000000       __AbsoluteZero             0000000000000000     <absolute>
 0000:00000000       __guard_fids_table         0000000000000000     <absolute>
 0000:00000000       __hybrid_auxiliary_iat     0000000000000000     <absolute>
 0000:00000000       __dynamic_value_reloc_table 0000000000000000     <absolute>
 0000:00000100       __guard_flags              0000000000000100     <absolute>
 0000:00000000       __ImageBase                0000000180000000     <linker-defined>
 0001:00000040       ?internal_grow_predicate@hash_map_segment_base@internal@tbb@@QEBA_NXZ 0000000180001040 f   concurrent_hash_map.obj
 0001:00000070       _guard_check_icall_nop     0000000180001070 f i LIBCMT:guard_support.obj
 0001:00000070       ?note_affinity@task@tbb@@UEAAXG@Z 0000000180001070 f i task.obj
 0001:00000070       ?register_master@private_server@rml@internal@tbb@@UEAAXAEAPEAX@Z 0000000180001070 f i private_server.obj
 0001:00000070       ?on_scheduler_exit@task_scheduler_observer_v3@internal@tbb@@UEAAX_N@Z 0000000180001070 f i arena.obj
 0001:00000070       ?__global_delete@@YAXPEAX_K@Z 0000000180001070 f i * CIL library *:* CIL module *
 0001:00000070       ?__empty_global_delete@@YAXPEAX_K@Z 0000000180001070 f i concurrent_hash_map.obj
 0001:00000070       ?inject_token@pipeline@tbb@@AEAAXAEAVtask@2@@Z 0000000180001070 f i pipeline.obj
 0001:00000070       ?internal_destroy@reader_writer_lock@interface5@tbb@@AEAAXXZ 0000000180001070 f i reader_writer_lock.obj
 0001:00000070       ?independent_thread_number_changed@private_server@rml@internal@tbb@@UEAAXH@Z 0000000180001070 f i private_server.obj
 0001:00000070       ?on_scheduler_entry@task_scheduler_observer_v3@internal@tbb@@UEAAX_N@Z 0000000180001070 f i arena.obj
 0001:00000070       ?destroy_condvar_noop@internal@tbb@@YAXPEAU_RTL_CONDITION_VARIABLE@@@Z 0000000180001070 f i condition_variable.obj
 0001:00000070       ?unregister_master@private_server@rml@internal@tbb@@UEAAXPEAX@Z 0000000180001070 f i private_server.obj
 0001:00000070       ?apply_active@stack_size_control@internal@tbb@@EEBAXXZ 0000000180001070 f i tbb_main.obj
 0001:00000070       ?finalize@filter@tbb@@UEAAXPEAX@Z 0000000180001070 f i pipeline.obj
 0001:00000080       ??1scoped_lock@spin_mutex@tbb@@QEAA@XZ 0000000180001080 f i concurrent_queue.obj
 0001:00000090       ??1binary_semaphore@internal@tbb@@QEAA@XZ 0000000180001090 f i concurrent_queue.obj
 0001:000000a0       ??1thread_context@concurrent_monitor@internal@tbb@@QEAA@XZ 00000001800010a0 f i concurrent_queue.obj
 0001:000000e0       ?commit_wait@concurrent_monitor@internal@tbb@@QEAA_NAEAVthread_context@123@@Z 00000001800010e0 f i concurrent_queue.obj
 0001:000001f0       ?abort_all@concurrent_monitor@internal@tbb@@QEAAXXZ 00000001800011f0 f i concurrent_queue.obj
 0001:00000320       ??1micro_queue_pop_finalizer@internal@tbb@@QEAA@XZ 0000000180001320 f i concurrent_queue.obj
 0001:000003f0       ?choose@concurrent_queue_rep@internal@tbb@@QEAAAEAUmicro_queue@23@_K@Z 00000001800013f0 f i concurrent_queue.obj
 0001:00000410       ?push@micro_queue@internal@tbb@@QEAAXPEBX_KAEAVconcurrent_queue_base_v3@23@W4copy_specifics@423@@Z 0000000180001410 f   concurrent_queue.obj
 0001:000005d0       ?abort_push@micro_queue@internal@tbb@@QEAAX_KAEAVconcurrent_queue_base_v3@23@@Z 00000001800015d0 f   concurrent_queue.obj
 0001:000005f0       ?pop@micro_queue@internal@tbb@@QEAA_NPEAX_KAEAVconcurrent_queue_base_v3@23@@Z 00000001800015f0 f   concurrent_queue.obj
 0001:000007e0       ?assign@micro_queue@internal@tbb@@QEAAAEAU123@AEBU123@AEAVconcurrent_queue_base_v3@23@W4copy_specifics@423@@Z 00000001800017e0 f   concurrent_queue.obj
 0001:00000a40       ?make_invalid@micro_queue@internal@tbb@@QEAAX_K@Z 0000000180001a40 f   concurrent_queue.obj
 0001:00000b00       ??0concurrent_queue_base_v3@internal@tbb@@IEAA@_K@Z 0000000180001b00 f   concurrent_queue.obj
 0001:00000c30       ??_Econcurrent_queue_base_v3@internal@tbb@@MEAAPEAXI@Z 0000000180001c30 f i * CIL library *:* CIL module *
 0001:00000c30       ??_Gconcurrent_queue_base_v3@internal@tbb@@MEAAPEAXI@Z 0000000180001c30 f i concurrent_queue.obj
 0001:00000c80       ??1concurrent_queue_base_v3@internal@tbb@@MEAA@XZ 0000000180001c80 f   concurrent_queue.obj
 0001:00000ca0       ?internal_push@concurrent_queue_base_v3@internal@tbb@@IEAAXPEBX@Z 0000000180001ca0 f   concurrent_queue.obj
 0001:00000cb0       ?internal_push_move@concurrent_queue_base_v8@internal@tbb@@IEAAXPEBX@Z 0000000180001cb0 f   concurrent_queue.obj
 0001:00000cc0       ?internal_insert_item@concurrent_queue_base_v3@internal@tbb@@IEAAXPEBXW4copy_specifics@123@@Z 0000000180001cc0 f   concurrent_queue.obj
 0001:00001010       ?internal_pop@concurrent_queue_base_v3@internal@tbb@@IEAAXPEAX@Z 0000000180002010 f   concurrent_queue.obj
 0001:000013b0       ?internal_abort@concurrent_queue_base_v3@internal@tbb@@IEAAXXZ 00000001800023b0 f   concurrent_queue.obj
 0001:000013f0       ?internal_pop_if_present@concurrent_queue_base_v3@internal@tbb@@IEAA_NPEAX@Z 00000001800023f0 f   concurrent_queue.obj
 0001:000014a0       ?internal_push_if_not_full@concurrent_queue_base_v3@internal@tbb@@IEAA_NPEBX@Z 00000001800024a0 f   concurrent_queue.obj
 0001:000014b0       ?internal_push_move_if_not_full@concurrent_queue_base_v8@internal@tbb@@IEAA_NPEBX@Z 00000001800024b0 f   concurrent_queue.obj
 0001:000014c0       ?internal_insert_if_not_full@concurrent_queue_base_v3@internal@tbb@@IEAA_NPEBXW4copy_specifics@123@@Z 00000001800024c0 f   concurrent_queue.obj
 0001:00001570       ?internal_size@concurrent_queue_base_v3@internal@tbb@@IEBA_JXZ 0000000180002570 f   concurrent_queue.obj
 0001:000015a0       ?internal_empty@concurrent_queue_base_v3@internal@tbb@@IEBA_NXZ 00000001800025a0 f   concurrent_queue.obj
 0001:000015e0       ?internal_set_capacity@concurrent_queue_base_v3@internal@tbb@@IEAAX_J_K@Z 00000001800025e0 f   concurrent_queue.obj
 0001:000015e0       ?internal_set_capacity@concurrent_queue_base@internal@tbb@@IEAAX_J_K@Z 00000001800025e0 f   concurrent_queue_v2.obj
 0001:00001600       ?internal_finish_clear@concurrent_queue_base_v3@internal@tbb@@IEAAXXZ 0000000180002600 f   concurrent_queue.obj
 0001:00001670       ?internal_throw_exception@concurrent_queue_base_v3@internal@tbb@@IEBAXXZ 0000000180002670 f   concurrent_queue.obj
 0001:00001680       ?internal_assign@concurrent_queue_base_v3@internal@tbb@@IEAAXAEBV123@W4copy_specifics@123@@Z 0000000180002680 f   concurrent_queue.obj
 0001:00001750       ?assign@concurrent_queue_base_v3@internal@tbb@@IEAAXAEBV123@@Z 0000000180002750 f   concurrent_queue.obj
 0001:00001760       ?move_content@concurrent_queue_base_v8@internal@tbb@@IEAAXAEAV123@@Z 0000000180002760 f   concurrent_queue.obj
 0001:00001770       ?initialize@concurrent_queue_iterator_base_v3@internal@tbb@@AEAAXAEBVconcurrent_queue_base_v3@23@_K@Z 0000000180002770 f   concurrent_queue.obj
 0001:00001870       ??0concurrent_queue_iterator_base_v3@internal@tbb@@IEAA@AEBVconcurrent_queue_base_v3@12@@Z 0000000180002870 f   concurrent_queue.obj
 0001:00001890       ??0concurrent_queue_iterator_base_v3@internal@tbb@@IEAA@AEBVconcurrent_queue_base_v3@12@_K@Z 0000000180002890 f   concurrent_queue.obj
 0001:000018b0       ?assign@concurrent_queue_iterator_base_v3@internal@tbb@@IEAAXAEBV123@@Z 00000001800028b0 f   concurrent_queue.obj
 0001:00001980       ?advance@concurrent_queue_iterator_base_v3@internal@tbb@@IEAAXXZ 0000000180002980 f   concurrent_queue.obj
 0001:00001a30       ??1concurrent_queue_iterator_base_v3@internal@tbb@@IEAA@XZ 0000000180002a30 f   concurrent_queue.obj
 0001:00001a50       ??F?$atomic_impl_with_arithmetic@_K_KD@internal@tbb@@QEAA_KH@Z 0000000180002a50 f i concurrent_queue.obj
 0001:00001a60       ??E?$atomic_impl_with_arithmetic@_K_KD@internal@tbb@@QEAA_KXZ 0000000180002a60 f i concurrent_queue.obj
 0001:00001a70       ??Y?$atomic_impl_with_arithmetic@_K_KD@internal@tbb@@QEAA_K_K@Z 0000000180002a70 f i concurrent_queue.obj
 0001:00001a80       ??$notify@Upredicate_leq@internal@tbb@@@concurrent_monitor@internal@tbb@@QEAAXAEBUpredicate_leq@12@@Z 0000000180002a80 f i concurrent_queue.obj
 0001:00001bd0       ?segment_base@concurrent_vector_base_v3@internal@tbb@@KA_K_K@Z 0000000180002bd0 f i concurrent_vector.obj
 0001:00001be0       ?acquire_segment@helper@concurrent_vector_base_v3@internal@tbb@@SAAEAVsegment_t@234@AEAV234@_K1_N@Z 0000000180002be0 f i concurrent_vector.obj
 0001:00001c90       ??0helper@concurrent_vector_base_v3@internal@tbb@@QEAA@PEAVsegment_t@123@_K1111@Z 0000000180002c90 f i concurrent_vector.obj
 0001:00001cd0       ??1helper@concurrent_vector_base_v3@internal@tbb@@QEAA@XZ 0000000180002cd0 f i concurrent_vector.obj
 0001:00001cf0       ??0destroy_body@helper@concurrent_vector_base_v3@internal@tbb@@QEAA@P6AXPEAX_K@Z@Z 0000000180002cf0 f i concurrent_vector.obj
 0001:00001d00       ?extend_segment_table@helper@concurrent_vector_base_v3@internal@tbb@@SAXAEAV234@_K@Z 0000000180002d00 f   concurrent_vector.obj
 0001:00001ea0       ?enable_segment@helper@concurrent_vector_base_v3@internal@tbb@@SA_KAEAV234@_K1_N@Z 0000000180002ea0 f   concurrent_vector.obj
 0001:000020b0       ?cleanup@helper@concurrent_vector_base_v3@internal@tbb@@QEAAXXZ 00000001800030b0 f   concurrent_vector.obj
 0001:000023d0       ??1concurrent_vector_base_v3@internal@tbb@@IEAA@XZ 00000001800033d0 f   concurrent_vector.obj
 0001:00002400       ?internal_capacity@concurrent_vector_base_v3@internal@tbb@@IEBA_KXZ 0000000180003400 f   concurrent_vector.obj
 0001:00002440       ?internal_throw_exception@concurrent_vector_base_v3@internal@tbb@@IEBAX_K@Z 0000000180003440 f   concurrent_vector.obj
 0001:00002490       ?internal_reserve@concurrent_vector_base_v3@internal@tbb@@IEAAX_K00@Z 0000000180003490 f   concurrent_vector.obj
 0001:00002590       ?internal_copy@concurrent_vector_base_v3@internal@tbb@@IEAAXAEBV123@_KP6AXPEAXPEBX1@Z@Z 0000000180003590 f   concurrent_vector.obj
 0001:000026c0       ?internal_assign@concurrent_vector_base_v3@internal@tbb@@IEAAXAEBV123@_KP6AXPEAX1@ZP6AX2PEBX1@Z5@Z 00000001800036c0 f   concurrent_vector.obj
 0001:000028e0       ?internal_push_back@concurrent_vector_base_v3@internal@tbb@@IEAAPEAX_KAEA_K@Z 00000001800038e0 f   concurrent_vector.obj
 0001:00002990       ?internal_grow_to_at_least@concurrent_vector_base_v3@internal@tbb@@IEAAX_K0P6AXPEAXPEBX0@Z2@Z 0000000180003990 f   concurrent_vector.obj
 0001:000029a0       ?internal_grow_to_at_least_with_result@concurrent_vector_base_v3@internal@tbb@@IEAA_K_K0P6AXPEAXPEBX0@Z2@Z 00000001800039a0 f   concurrent_vector.obj
 0001:00002b20       ?internal_grow_by@concurrent_vector_base_v3@internal@tbb@@IEAA_K_K0P6AXPEAXPEBX0@Z2@Z 0000000180003b20 f   concurrent_vector.obj
 0001:00002b60       ?internal_grow@concurrent_vector_base_v3@internal@tbb@@IEAAX_K00P6AXPEAXPEBX0@Z2@Z 0000000180003b60 f   concurrent_vector.obj
 0001:00002db0       ?internal_resize@concurrent_vector_base_v3@internal@tbb@@IEAAX_K00PEBXP6AXPEAX0@ZP6AX210@Z@Z 0000000180003db0 f   concurrent_vector.obj
 0001:00003050       ?internal_clear@concurrent_vector_base_v3@internal@tbb@@IEAA_KP6AXPEAX_K@Z@Z 0000000180004050 f   concurrent_vector.obj
 0001:00003100       ?internal_compact@concurrent_vector_base_v3@internal@tbb@@IEAAPEAX_KPEAXP6AX10@ZP6AX1PEBX0@Z@Z 0000000180004100 f   concurrent_vector.obj
 0001:00003490       ?internal_swap@concurrent_vector_base_v3@internal@tbb@@IEAAXAEAV123@@Z 0000000180004490 f   concurrent_vector.obj
 0001:00003590       ??$apply@Udestroy_body@helper@concurrent_vector_base_v3@internal@tbb@@@helper@concurrent_vector_base_v3@internal@tbb@@QEAA_KAEBUdestroy_body@0123@@Z 0000000180004590 f i concurrent_vector.obj
 0001:00003800       ?init_dynamic_link_data@internal@tbb@@YAXXZ 0000000180004800 f   dynamic_link.obj
 0001:000038b0       ?dynamic_link@internal@tbb@@YA_NPEBDQEBUdynamic_link_descriptor@12@_KPEAPEAUHINSTANCE__@@H@Z 00000001800048b0 f   dynamic_link.obj
 0001:00008a80       __itt_fini_ittlib          0000000180009a80 f   itt_notify.obj
 0001:00008bb0       __itt_init_ittlib          0000000180009bb0 f   itt_notify.obj
 0001:00008f70       ?initialize_handler_pointers@internal@tbb@@YAXXZ 0000000180009f70 f   cache_aligned_allocator.obj
 0001:00009170       ?initialize_cache_aligned_allocator@internal@tbb@@YAXXZ 000000018000a170 f   cache_aligned_allocator.obj
 0001:000092b0       ?NFS_GetLineSize@internal@tbb@@YA_KXZ 000000018000a2b0 f   cache_aligned_allocator.obj
 0001:000092c0       ?NFS_Allocate@internal@tbb@@YAPEAX_K0PEAX@Z 000000018000a2c0 f   cache_aligned_allocator.obj
 0001:00009320       ?NFS_Free@internal@tbb@@YAXPEAX@Z 000000018000a320 f   cache_aligned_allocator.obj
 0001:00009380       ?allocate_via_handler_v3@internal@tbb@@YAPEAX_K@Z 000000018000a380 f   cache_aligned_allocator.obj
 0001:00009380       ?allocate_closure_v3@internal@tbb@@YAPEAX_K@Z 000000018000a380 f   tbb_thread.obj
 0001:000093b0       ?free_closure_v3@internal@tbb@@YAXPEAX@Z 000000018000a3b0 f   tbb_thread.obj
 0001:000093b0       ?deallocate_via_handler_v3@internal@tbb@@YAXPEAX@Z 000000018000a3b0 f   cache_aligned_allocator.obj
 0001:000093c0       ?is_malloc_used_v3@internal@tbb@@YA_NXZ 000000018000a3c0 f   cache_aligned_allocator.obj
 0001:00009400       ??0task_group_context@tbb@@QEAA@W4kind_type@01@_K@Z 000000018000a400 f i pipeline.obj
 0001:00009580       ??_Gtask@tbb@@UEAAPEAXI@Z  000000018000a580 f i pipeline.obj
 0001:00009580       ??_Gempty_task@tbb@@UEAAPEAXI@Z 000000018000a580 f i arena.obj
 0001:00009580       ??_Etask@tbb@@UEAAPEAXI@Z  000000018000a580 f i * CIL library *:* CIL module *
 0001:00009580       ??_Eempty_task@tbb@@UEAAPEAXI@Z 000000018000a580 f i * CIL library *:* CIL module *
 0001:000095b0       ??2@YAPEAX_KAEBVallocate_root_with_context_proxy@internal@tbb@@@Z 000000018000a5b0 f i pipeline.obj
 0001:000096b0       ??_Gfilter@tbb@@UEAAPEAXI@Z 000000018000a6b0 f i pipeline.obj
 0001:000096b0       ??_Efilter@tbb@@UEAAPEAXI@Z 000000018000a6b0 f i * CIL library *:* CIL module *
 0001:000097e0       ??0input_buffer@internal@tbb@@QEAA@_N0@Z 000000018000a7e0 f i pipeline.obj
 0001:00009860       ?put_token@input_buffer@internal@tbb@@QEAA_NAEAUtask_info@23@_N@Z 000000018000a860 f i pipeline.obj
 0001:000099c0       ?return_item@input_buffer@internal@tbb@@QEAA_NAEAUtask_info@23@_N@Z 000000018000a9c0 f i pipeline.obj
 0001:00009a90       ?grow@input_buffer@internal@tbb@@AEAAXK@Z 000000018000aa90 f   pipeline.obj
 0001:00009ba0       ??_Gstage_task@internal@tbb@@UEAAPEAXI@Z 000000018000aba0 f i pipeline.obj
 0001:00009ba0       ??_Estage_task@internal@tbb@@UEAAPEAXI@Z 000000018000aba0 f i * CIL library *:* CIL module *
 0001:00009c10       ?execute@stage_task@internal@tbb@@UEAAPEAVtask@3@XZ 000000018000ac10 f   pipeline.obj
 0001:0000a080       ?execute@pipeline_root_task@internal@tbb@@EEAAPEAVtask@3@XZ 000000018000b080 f i pipeline.obj
 0001:0000a3d0       ??_Gpipeline_root_task@internal@tbb@@UEAAPEAXI@Z 000000018000b3d0 f i pipeline.obj
 0001:0000a3d0       ??_Epipeline_root_task@internal@tbb@@UEAAPEAXI@Z 000000018000b3d0 f i * CIL library *:* CIL module *
 0001:0000a400       ??1pipeline_cleaner@internal@tbb@@QEAA@XZ 000000018000b400 f i pipeline.obj
 0001:0000a4d0       ??0pipeline@tbb@@QEAA@XZ   000000018000b4d0 f   pipeline.obj
 0001:0000a500       ??_Epipeline@tbb@@UEAAPEAXI@Z 000000018000b500 f i * CIL library *:* CIL module *
 0001:0000a500       ??_Gpipeline@tbb@@UEAAPEAXI@Z 000000018000b500 f i pipeline.obj
 0001:0000a600       ??1pipeline@tbb@@UEAA@XZ   000000018000b600 f   pipeline.obj
 0001:0000a700       ?clear@pipeline@tbb@@QEAAXXZ 000000018000b700 f   pipeline.obj
 0001:0000a7f0       ?add_filter@pipeline@tbb@@QEAAXAEAVfilter@2@@Z 000000018000b7f0 f   pipeline.obj
 0001:0000aab0       ?run@pipeline@tbb@@QEAAX_KAEAVtask_group_context@2@@Z 000000018000bab0 f   pipeline.obj
 0001:0000ac60       ?run@pipeline@tbb@@QEAAX_K@Z 000000018000bc60 f   pipeline.obj
 0001:0000acf0       ??1filter@tbb@@UEAA@XZ     000000018000bcf0 f   pipeline.obj
 0001:0000adf0       ?set_end_of_input@filter@tbb@@IEAAXXZ 000000018000bdf0 f   pipeline.obj
 0001:0000ae20       ?process_item@thread_bound_filter@tbb@@QEAA?AW4result_type@12@XZ 000000018000be20 f   pipeline.obj
 0001:0000ae30       ?try_process_item@thread_bound_filter@tbb@@QEAA?AW4result_type@12@XZ 000000018000be30 f   pipeline.obj
 0001:0000ae40       ?internal_process_item@thread_bound_filter@tbb@@AEAA?AW4result_type@12@_N@Z 000000018000be40 f   pipeline.obj
 0001:0000b100       ??$note_done@Vstage_task@internal@tbb@@@input_buffer@internal@tbb@@QEAAXKAEAVstage_task@12@@Z 000000018000c100 f i pipeline.obj
 0001:0000b290       ?acquire@scoped_lock@queuing_mutex@tbb@@QEAAXAEAV23@@Z 000000018000c290 f   queuing_mutex.obj
 0001:0000b330       ?try_acquire@scoped_lock@queuing_mutex@tbb@@QEAA_NAEAV23@@Z 000000018000c330 f   queuing_mutex.obj
 0001:0000b370       ?release@scoped_lock@queuing_mutex@tbb@@QEAAXXZ 000000018000c370 f   queuing_mutex.obj
 0001:0000b410       ?internal_construct@queuing_mutex@tbb@@QEAAXXZ 000000018000c410 f   queuing_mutex.obj
 0001:0000b440       ?acquire@scoped_lock@queuing_rw_mutex@tbb@@QEAAXAEAV23@_N@Z 000000018000c440 f   queuing_rw_mutex.obj
 0001:0000b610       ?try_acquire@scoped_lock@queuing_rw_mutex@tbb@@QEAA_NAEAV23@_N@Z 000000018000c610 f   queuing_rw_mutex.obj
 0001:0000b670       ?release@scoped_lock@queuing_rw_mutex@tbb@@QEAAXXZ 000000018000c670 f   queuing_rw_mutex.obj
 0001:0000b9e0       ?downgrade_to_reader@scoped_lock@queuing_rw_mutex@tbb@@QEAA_NXZ 000000018000c9e0 f   queuing_rw_mutex.obj
 0001:0000bab0       ?upgrade_to_writer@scoped_lock@queuing_rw_mutex@tbb@@QEAA_NXZ 000000018000cab0 f   queuing_rw_mutex.obj
 0001:0000be60       ?internal_construct@queuing_rw_mutex@tbb@@QEAAXXZ 000000018000ce60 f   queuing_rw_mutex.obj
 0001:0000be90       ??1scoped_lock_read@reader_writer_lock@interface5@tbb@@QEAA@XZ 000000018000ce90 f i reader_writer_lock.obj
 0001:0000bef0       ?fetch_and_or@interface5@tbb@@YA_KAEAU?$atomic@_K@2@_K@Z 000000018000cef0 f i reader_writer_lock.obj
 0001:0000bf70       ?internal_construct@reader_writer_lock@interface5@tbb@@AEAAXXZ 000000018000cf70 f   reader_writer_lock.obj
 0001:0000bf90       ?lock@reader_writer_lock@interface5@tbb@@QEAAXXZ 000000018000cf90 f   reader_writer_lock.obj
 0001:0000c010       ?try_lock@reader_writer_lock@interface5@tbb@@QEAA_NXZ 000000018000d010 f   reader_writer_lock.obj
 0001:0000c080       ?start_write@reader_writer_lock@interface5@tbb@@AEAA_NPEAVscoped_lock@123@@Z 000000018000d080 f   reader_writer_lock.obj
 0001:0000c210       ?set_next_writer@reader_writer_lock@interface5@tbb@@AEAAXPEAVscoped_lock@123@@Z 000000018000d210 f   reader_writer_lock.obj
 0001:0000c300       ?lock_read@reader_writer_lock@interface5@tbb@@QEAAXXZ 000000018000d300 f   reader_writer_lock.obj
 0001:0000c380       ?try_lock_read@reader_writer_lock@interface5@tbb@@QEAA_NXZ 000000018000d380 f   reader_writer_lock.obj
 0001:0000c3e0       ?start_read@reader_writer_lock@interface5@tbb@@AEAAXPEAVscoped_lock_read@123@@Z 000000018000d3e0 f   reader_writer_lock.obj
 0001:0000c4d0       ?unlock@reader_writer_lock@interface5@tbb@@QEAAXXZ 000000018000d4d0 f   reader_writer_lock.obj
 0001:0000c550       ?end_write@reader_writer_lock@interface5@tbb@@AEAAXPEAVscoped_lock@123@@Z 000000018000d550 f   reader_writer_lock.obj
 0001:0000c6a0       ?internal_construct@scoped_lock@reader_writer_lock@interface5@tbb@@AEAAXAEAV234@@Z 000000018000d6a0 f   reader_writer_lock.obj
 0001:0000c700       ?internal_construct@scoped_lock_read@reader_writer_lock@interface5@tbb@@AEAAXAEAV234@@Z 000000018000d700 f   reader_writer_lock.obj
 0001:0000c760       ?internal_destroy@scoped_lock@reader_writer_lock@interface5@tbb@@AEAAXXZ 000000018000d760 f   reader_writer_lock.obj
 0001:0000c7a0       ?internal_destroy@scoped_lock_read@reader_writer_lock@interface5@tbb@@AEAAXXZ 000000018000d7a0 f   reader_writer_lock.obj
 0001:0000c800       ?internal_acquire_writer@spin_rw_mutex@tbb@@CA_NPEAV12@@Z 000000018000d800 f   spin_rw_mutex_v2.obj
 0001:0000c800       ?internal_acquire_writer@spin_rw_mutex_v3@tbb@@AEAA_NXZ 000000018000d800 f   spin_rw_mutex.obj
 0001:0000c8c0       ?internal_release_writer@spin_rw_mutex_v3@tbb@@AEAAXXZ 000000018000d8c0 f   spin_rw_mutex.obj
 0001:0000c8f0       ?internal_acquire_reader@spin_rw_mutex_v3@tbb@@AEAAXXZ 000000018000d8f0 f   spin_rw_mutex.obj
 0001:0000c970       ?internal_upgrade@spin_rw_mutex_v3@tbb@@AEAA_NXZ 000000018000d970 f   spin_rw_mutex.obj
 0001:0000ca90       ?internal_downgrade@spin_rw_mutex_v3@tbb@@AEAAXXZ 000000018000da90 f   spin_rw_mutex.obj
 0001:0000cac0       ?internal_release_reader@spin_rw_mutex@tbb@@CAXPEAV12@@Z 000000018000dac0 f   spin_rw_mutex_v2.obj
 0001:0000cac0       ?internal_release_reader@spin_rw_mutex_v3@tbb@@AEAAXXZ 000000018000dac0 f   spin_rw_mutex.obj
 0001:0000caf0       ?internal_try_acquire_writer@spin_rw_mutex@tbb@@CA_NPEAV12@@Z 000000018000daf0 f   spin_rw_mutex_v2.obj
 0001:0000caf0       ?internal_try_acquire_writer@spin_rw_mutex_v3@tbb@@AEAA_NXZ 000000018000daf0 f   spin_rw_mutex.obj
 0001:0000cb60       ?internal_try_acquire_reader@spin_rw_mutex_v3@tbb@@AEAA_NXZ 000000018000db60 f   spin_rw_mutex.obj
 0001:0000cba0       ?internal_construct@spin_rw_mutex_v3@tbb@@AEAAXXZ 000000018000dba0 f   spin_rw_mutex.obj
 0001:0000cbd0       ?acquire@scoped_lock@spin_rw_mutex_v3@tbb@@QEAAXAEAV23@_N@Z 000000018000dbd0 f i x86_rtm_rw_mutex.obj
 0001:0000cc80       ?internal_release@x86_rtm_rw_mutex@internal@interface8@tbb@@AEAAXAEAVscoped_lock@1234@@Z 000000018000dc80 f   x86_rtm_rw_mutex.obj
 0001:0000cce0       ?internal_acquire_writer@x86_rtm_rw_mutex@internal@interface8@tbb@@AEAAXAEAVscoped_lock@1234@_N@Z 000000018000dce0 f   x86_rtm_rw_mutex.obj
 0001:0000cdc0       ?internal_acquire_reader@x86_rtm_rw_mutex@internal@interface8@tbb@@AEAAXAEAVscoped_lock@1234@_N@Z 000000018000ddc0 f   x86_rtm_rw_mutex.obj
 0001:0000cef0       ?internal_upgrade@x86_rtm_rw_mutex@internal@interface8@tbb@@AEAA_NAEAVscoped_lock@1234@@Z 000000018000def0 f   x86_rtm_rw_mutex.obj
 0001:0000d130       ?internal_downgrade@x86_rtm_rw_mutex@internal@interface8@tbb@@AEAA_NAEAVscoped_lock@1234@@Z 000000018000e130 f   x86_rtm_rw_mutex.obj
 0001:0000d170       ?internal_try_acquire_writer@x86_rtm_rw_mutex@internal@interface8@tbb@@AEAA_NAEAVscoped_lock@1234@@Z 000000018000e170 f   x86_rtm_rw_mutex.obj
 0001:0000d260       ?internal_construct@x86_rtm_rw_mutex@internal@interface8@tbb@@AEAAXXZ 000000018000e260 f   x86_rtm_rw_mutex.obj
 0001:0000d290       ?internal_acquire@scoped_lock@spin_mutex@tbb@@AEAAXAEAV23@@Z 000000018000e290 f   spin_mutex.obj
 0001:0000d330       ?internal_release@scoped_lock@spin_mutex@tbb@@AEAAXXZ 000000018000e330 f   spin_mutex.obj
 0001:0000d360       ?internal_try_acquire@scoped_lock@spin_mutex@tbb@@AEAA_NAEAV23@@Z 000000018000e360 f   spin_mutex.obj
 0001:0000d3a0       ?internal_construct@spin_mutex@tbb@@QEAAXXZ 000000018000e3a0 f   spin_mutex.obj
 0001:0000d3d0       ?internal_construct@critical_section_v4@internal@tbb@@QEAAXXZ 000000018000e3d0 f   critical_section.obj
 0001:0000d400       ?internal_acquire@scoped_lock@mutex@tbb@@AEAAXAEAV23@@Z 000000018000e400 f   mutex.obj
 0001:0000d460       ?internal_release@scoped_lock@mutex@tbb@@AEAAXXZ 000000018000e460 f   mutex.obj
 0001:0000d4a0       ?internal_try_acquire@scoped_lock@mutex@tbb@@AEAA_NAEAV23@@Z 000000018000e4a0 f   mutex.obj
 0001:0000d4f0       ?internal_construct@mutex@tbb@@AEAAXXZ 000000018000e4f0 f   mutex.obj
 0001:0000d540       ?internal_destroy@mutex@tbb@@AEAAXXZ 000000018000e540 f   mutex.obj
 0001:0000d540       ?internal_destroy@recursive_mutex@tbb@@AEAAXXZ 000000018000e540 f   recursive_mutex.obj
 0001:0000d580       ?internal_acquire@scoped_lock@recursive_mutex@tbb@@AEAAXAEAV23@@Z 000000018000e580 f   recursive_mutex.obj
 0001:0000d5c0       ?internal_release@scoped_lock@recursive_mutex@tbb@@AEAAXXZ 000000018000e5c0 f   recursive_mutex.obj
 0001:0000d5f0       ?internal_try_acquire@scoped_lock@recursive_mutex@tbb@@AEAA_NAEAV23@@Z 000000018000e5f0 f   recursive_mutex.obj
 0001:0000d630       ?internal_construct@recursive_mutex@tbb@@AEAAXXZ 000000018000e630 f   recursive_mutex.obj
 0001:0000d680       ?init_condvar_using_event@internal@tbb@@YAXPEAUcondition_variable_using_event@1interface5@2@@Z 000000018000e680 f   condition_variable.obj
 0001:0000d6c0       ?sleep_condition_variable_cs_using_event@internal@tbb@@YAHPEAUcondition_variable_using_event@1interface5@2@PEAU_RTL_CRITICAL_SECTION@@K@Z 000000018000e6c0 f   condition_variable.obj
 0001:0000d7d0       ?wake_condition_variable_using_event@internal@tbb@@YAXPEAUcondition_variable_using_event@1interface5@2@@Z 000000018000e7d0 f   condition_variable.obj
 0001:0000d820       ?wake_all_condition_variable_using_event@internal@tbb@@YAXPEAUcondition_variable_using_event@1interface5@2@@Z 000000018000e820 f   condition_variable.obj
 0001:0000d870       ?destroy_condvar_using_event@internal@tbb@@YAXPEAUcondition_variable_using_event@1interface5@2@@Z 000000018000e870 f   condition_variable.obj
 0001:0000d910       ?init_condvar_module@internal@tbb@@YAXXZ 000000018000e910 f   condition_variable.obj
 0001:0000dad0       ?internal_initialize_condition_variable@internal@interface5@tbb@@YAXAEATcondvar_impl_t@123@@Z 000000018000ead0 f   condition_variable.obj
 0001:0000db70       ?internal_destroy_condition_variable@internal@interface5@tbb@@YAXAEATcondvar_impl_t@123@@Z 000000018000eb70 f   condition_variable.obj
 0001:0000db80       ?internal_condition_variable_notify_one@internal@interface5@tbb@@YAXAEATcondvar_impl_t@123@@Z 000000018000eb80 f   condition_variable.obj
 0001:0000db90       ?internal_condition_variable_notify_all@internal@interface5@tbb@@YAXAEATcondvar_impl_t@123@@Z 000000018000eb90 f   condition_variable.obj
 0001:0000dba0       ?internal_condition_variable_wait@internal@interface5@tbb@@YA_NAEATcondvar_impl_t@123@PEAVmutex@3@PEBVinterval_t@tick_count@3@@Z 000000018000eba0 f   condition_variable.obj
 0001:0000dc30       ?default_num_threads@governor@internal@tbb@@SAIXZ 000000018000ec30 f i tbb_thread.obj
 0001:0000dd00       ?join@tbb_thread_v3@internal@tbb@@QEAAXXZ 000000018000ed00 f   tbb_thread.obj
 0001:0000dda0       ?detach@tbb_thread_v3@internal@tbb@@QEAAXXZ 000000018000eda0 f   tbb_thread.obj
 0001:0000ddf0       ?internal_start@tbb_thread_v3@internal@tbb@@AEAAXP6AIPEAX@Z0@Z 000000018000edf0 f   tbb_thread.obj
 0001:0000de70       ?hardware_concurrency@tbb_thread_v3@internal@tbb@@SAIXZ 000000018000ee70 f   tbb_thread.obj
 0001:0000de80       ?thread_get_id_v3@internal@tbb@@YA?AVid@tbb_thread_v3@12@XZ 000000018000ee80 f   tbb_thread.obj
 0001:0000dea0       ?move_v3@internal@tbb@@YAXAEAVtbb_thread_v3@12@0@Z 000000018000eea0 f   tbb_thread.obj
 0001:0000df00       ?yield@private_server@rml@internal@tbb@@UEAAXXZ 000000018000ef00 f   private_server.obj
 0001:0000df00       ?thread_yield_v3@internal@tbb@@YAXXZ 000000018000ef00 f   tbb_thread.obj
 0001:0000df10       ?thread_sleep_v3@internal@tbb@@YAXAEBVinterval_t@tick_count@2@@Z 000000018000ef10 f   tbb_thread.obj
 0001:0000e040       ?init@thread_context@concurrent_monitor@internal@tbb@@AEAAXXZ 000000018000f040 f   concurrent_monitor.obj
 0001:0000e070       ?prepare_wait@concurrent_monitor@internal@tbb@@QEAAXAEAVthread_context@123@_K@Z 000000018000f070 f   concurrent_monitor.obj
 0001:0000e150       __local_stdio_printf_options 000000018000f150 f i private_server.obj
 0001:0000e160       fprintf                    000000018000f160 f i private_server.obj
 0001:0000e1b0       ?launch@thread_monitor@internal@rml@@SAPEAXP6AIPEAX@Z0_KPEB_K@Z 000000018000f1b0 f i private_server.obj
 0001:0000e360       ?execute@empty_task@tbb@@EEAAPEAVtask@2@XZ 000000018000f360 f i arena.obj
 0001:0000e360       ?version@market@internal@tbb@@EEBAIXZ 000000018000f360 f i market.obj
 0001:0000e360       ?version@private_server@rml@internal@tbb@@UEBAIXZ 000000018000f360 f i private_server.obj
 0001:0000e360       ?_Get_deleter@_Ref_count_base@std@@UEBAPEAXAEBVtype_info@@@Z 000000018000f360 f i libcpmt:excptptr.obj
 0001:0000e370       ?request_close_connection@private_server@rml@internal@tbb@@UEAAX_N@Z 000000018000f370 f i private_server.obj
 0001:0000e4d0       ?default_concurrency@private_server@rml@internal@tbb@@UEBAIXZ 000000018000f4d0 f i private_server.obj
 0001:0000e4e0       ?thread_routine@private_worker@rml@internal@tbb@@CAIPEAX@Z 000000018000f4e0 f   private_server.obj
 0001:0000e550       ?run@private_worker@rml@internal@tbb@@AEAAXXZ 000000018000f550 f   private_server.obj
 0001:0000e710       ??0private_server@rml@internal@tbb@@QEAA@AEAVtbb_client@123@@Z 000000018000f710 f   private_server.obj
 0001:0000e880       ??_Gprivate_server@rml@internal@tbb@@EEAAPEAXI@Z 000000018000f880 f i private_server.obj
 0001:0000e880       ??_Eprivate_server@rml@internal@tbb@@EEAAPEAXI@Z 000000018000f880 f i * CIL library *:* CIL module *
 0001:0000e910       ?wake_some@private_server@rml@internal@tbb@@AEAAXH@Z 000000018000f910 f   private_server.obj
 0001:0000eac0       ?adjust_job_count_estimate@private_server@rml@internal@tbb@@UEAAXH@Z 000000018000fac0 f   private_server.obj
 0001:0000eae0       ??0exception@std@@QEAA@AEBV01@@Z 000000018000fae0 f i tbb_misc.obj
 0001:0000eb20       ??1bad_cast@std@@UEAA@XZ   000000018000fb20 f i libvcruntime:rtti.obj
 0001:0000eb20       ??1bad_array_new_length@std@@UEAA@XZ 000000018000fb20 f i libcpmt:xonce.obj
 0001:0000eb20       ??1improper_lock@tbb@@UEAA@XZ 000000018000fb20 f i tbb_misc.obj
 0001:0000eb20       ??1bad_alloc@std@@UEAA@XZ  000000018000fb20 f i tbb_misc.obj
 0001:0000eb20       ??1length_error@std@@UEAA@XZ 000000018000fb20 f i tbb_misc.obj
 0001:0000eb20       ??1user_abort@tbb@@UEAA@XZ 000000018000fb20 f i tbb_misc.obj
 0001:0000eb20       ??1out_of_range@std@@UEAA@XZ 000000018000fb20 f i tbb_misc.obj
 0001:0000eb20       ??1bad_last_alloc@tbb@@UEAA@XZ 000000018000fb20 f i tbb_misc.obj
 0001:0000eb20       ??1exception@std@@UEAA@XZ  000000018000fb20 f i tbb_misc.obj
 0001:0000eb20       ??1runtime_error@std@@UEAA@XZ 000000018000fb20 f i tbb_misc.obj
 0001:0000eb20       ??1invalid_multiple_scheduling@tbb@@UEAA@XZ 000000018000fb20 f i tbb_misc.obj
 0001:0000eb20       ??1missing_wait@tbb@@UEAA@XZ 000000018000fb20 f i tbb_misc.obj
 0001:0000eb20       ??1bad_typeid@std@@UEAA@XZ 000000018000fb20 f i libvcruntime:rtti.obj
 0001:0000eb20       ??1range_error@std@@UEAA@XZ 000000018000fb20 f i tbb_misc.obj
 0001:0000eb20       ??1__non_rtti_object@std@@UEAA@XZ 000000018000fb20 f i libvcruntime:rtti.obj
 0001:0000eb20       ??1invalid_argument@std@@UEAA@XZ 000000018000fb20 f i tbb_misc.obj
 0001:0000eb40       ?what@exception@std@@UEBAPEBDXZ 000000018000fb40 f i tbb_misc.obj
 0001:0000eb60       ??_Guser_abort@tbb@@UEAAPEAXI@Z 000000018000fb60 f i tbb_misc.obj
 0001:0000eb60       ??_Ebad_array_new_length@std@@UEAAPEAXI@Z 000000018000fb60 f i libcpmt:xonce.obj
 0001:0000eb60       ??_Gimproper_lock@tbb@@UEAAPEAXI@Z 000000018000fb60 f i tbb_misc.obj
 0001:0000eb60       ??_Eexception@std@@UEAAPEAXI@Z 000000018000fb60 f i * CIL library *:* CIL module *
 0001:0000eb60       ??_Gexception@std@@UEAAPEAXI@Z 000000018000fb60 f i tbb_misc.obj
 0001:0000eb60       ??_Emissing_wait@tbb@@UEAAPEAXI@Z 000000018000fb60 f i * CIL library *:* CIL module *
 0001:0000eb60       ??_Euser_abort@tbb@@UEAAPEAXI@Z 000000018000fb60 f i * CIL library *:* CIL module *
 0001:0000eb60       ??_Gbad_cast@std@@UEAAPEAXI@Z 000000018000fb60 f i libvcruntime:rtti.obj
 0001:0000eb60       ??_Gout_of_range@std@@UEAAPEAXI@Z 000000018000fb60 f i tbb_misc.obj
 0001:0000eb60       ??_Eruntime_error@std@@UEAAPEAXI@Z 000000018000fb60 f i * CIL library *:* CIL module *
 0001:0000eb60       ??_Gbad_last_alloc@tbb@@UEAAPEAXI@Z 000000018000fb60 f i tbb_misc.obj
 0001:0000eb60       ??_Ebad_typeid@std@@UEAAPEAXI@Z 000000018000fb60 f i libvcruntime:rtti.obj
 0001:0000eb60       ??_Glength_error@std@@UEAAPEAXI@Z 000000018000fb60 f i tbb_misc.obj
 0001:0000eb60       ??_Ebad_cast@std@@UEAAPEAXI@Z 000000018000fb60 f i libvcruntime:rtti.obj
 0001:0000eb60       ??_Eimproper_lock@tbb@@UEAAPEAXI@Z 000000018000fb60 f i * CIL library *:* CIL module *
 0001:0000eb60       ??_Einvalid_multiple_scheduling@tbb@@UEAAPEAXI@Z 000000018000fb60 f i * CIL library *:* CIL module *
 0001:0000eb60       ??_Gmissing_wait@tbb@@UEAAPEAXI@Z 000000018000fb60 f i tbb_misc.obj
 0001:0000eb60       ??_Ebad_alloc@std@@UEAAPEAXI@Z 000000018000fb60 f i * CIL library *:* CIL module *
 0001:0000eb60       ??_Gruntime_error@std@@UEAAPEAXI@Z 000000018000fb60 f i tbb_misc.obj
 0001:0000eb60       ??_Glogic_error@std@@UEAAPEAXI@Z 000000018000fb60 f i tbb_misc.obj
 0001:0000eb60       ??_Einvalid_argument@std@@UEAAPEAXI@Z 000000018000fb60 f i * CIL library *:* CIL module *
 0001:0000eb60       ??_Gbad_alloc@std@@UEAAPEAXI@Z 000000018000fb60 f i tbb_misc.obj
 0001:0000eb60       ??_Elength_error@std@@UEAAPEAXI@Z 000000018000fb60 f i * CIL library *:* CIL module *
 0001:0000eb60       ??_Gbad_array_new_length@std@@UEAAPEAXI@Z 000000018000fb60 f i libcpmt:xonce.obj
 0001:0000eb60       ??_G__non_rtti_object@std@@UEAAPEAXI@Z 000000018000fb60 f i libvcruntime:rtti.obj
 0001:0000eb60       ??_Ginvalid_argument@std@@UEAAPEAXI@Z 000000018000fb60 f i tbb_misc.obj
 0001:0000eb60       ??_Ginvalid_multiple_scheduling@tbb@@UEAAPEAXI@Z 000000018000fb60 f i tbb_misc.obj
 0001:0000eb60       ??_Grange_error@std@@UEAAPEAXI@Z 000000018000fb60 f i tbb_misc.obj
 0001:0000eb60       ??_E__non_rtti_object@std@@UEAAPEAXI@Z 000000018000fb60 f i libvcruntime:rtti.obj
 0001:0000eb60       ??_Ebad_last_alloc@tbb@@UEAAPEAXI@Z 000000018000fb60 f i * CIL library *:* CIL module *
 0001:0000eb60       ??_Gbad_typeid@std@@UEAAPEAXI@Z 000000018000fb60 f i libvcruntime:rtti.obj
 0001:0000eb60       ??_Eout_of_range@std@@UEAAPEAXI@Z 000000018000fb60 f i * CIL library *:* CIL module *
 0001:0000eb60       ??_Elogic_error@std@@UEAAPEAXI@Z 000000018000fb60 f i * CIL library *:* CIL module *
 0001:0000eb60       ??_Erange_error@std@@UEAAPEAXI@Z 000000018000fb60 f i * CIL library *:* CIL module *
 0001:0000ebb0       ??0bad_alloc@std@@QEAA@XZ  000000018000fbb0 f i tbb_misc.obj
 0001:0000ebe0       ??0bad_alloc@std@@QEAA@AEBV01@@Z 000000018000fbe0 f i tbb_misc.obj
 0001:0000ec20       _snprintf                  000000018000fc20 f i tbb_misc.obj
 0001:0000ec80       ?set_assertion_handler@tbb@@YAP6AXPEBDH00@ZP6AX0H00@Z@Z 000000018000fc80 f   tbb_misc.obj
 0001:0000ec90       ?assertion_failure@tbb@@YAXPEBDH00@Z 000000018000fc90 f   tbb_misc.obj
 0001:0000ed40       ?runtime_warning@internal@tbb@@YAXPEBDZZ 000000018000fd40 f   tbb_misc.obj
 0001:0000ee00       ??0invalid_argument@std@@QEAA@PEBD@Z 000000018000fe00 f i tbb_misc.obj
 0001:0000ee50       ??0length_error@std@@QEAA@PEBD@Z 000000018000fe50 f i tbb_misc.obj
 0001:0000eea0       ??0out_of_range@std@@QEAA@PEBD@Z 000000018000fea0 f i tbb_misc.obj
 0001:0000eef0       ??0runtime_error@std@@QEAA@PEBD@Z 000000018000fef0 f i tbb_misc.obj
 0001:0000ef40       ??0range_error@std@@QEAA@PEBD@Z 000000018000ff40 f i tbb_misc.obj
 0001:0000ef90       ??0range_error@std@@QEAA@AEBV01@@Z 000000018000ff90 f i tbb_misc.obj
 0001:0000efd0       ??0runtime_error@std@@QEAA@AEBV01@@Z 000000018000ffd0 f i tbb_misc.obj
 0001:0000f010       ?what@bad_last_alloc@tbb@@UEBAPEBDXZ 0000000180010010 f   tbb_misc.obj
 0001:0000f020       ?what@improper_lock@tbb@@UEBAPEBDXZ 0000000180010020 f   tbb_misc.obj
 0001:0000f030       ?what@user_abort@tbb@@UEBAPEBDXZ 0000000180010030 f   tbb_misc.obj
 0001:0000f040       ?what@invalid_multiple_scheduling@tbb@@UEBAPEBDXZ 0000000180010040 f   tbb_misc.obj
 0001:0000f050       ?what@missing_wait@tbb@@UEBAPEBDXZ 0000000180010050 f   tbb_misc.obj
 0001:0000f060       ?handle_perror@internal@tbb@@YAXHPEBD@Z 0000000180010060 f   tbb_misc.obj
 0001:0000f0d0       ?handle_win_error@internal@tbb@@YAXH@Z 00000001800100d0 f   tbb_misc.obj
 0001:0000f140       ?throw_bad_last_alloc_exception_v4@internal@tbb@@YAXXZ 0000000180010140 f   tbb_misc.obj
 0001:0000f170       ?throw_exception_v4@internal@tbb@@YAXW4exception_id@12@@Z 0000000180010170 f   tbb_misc.obj
 0001:0000f4a0       ??0bad_last_alloc@tbb@@QEAA@XZ 00000001800104a0 f i tbb_misc.obj
 0001:0000f4d0       ??0missing_wait@tbb@@QEAA@XZ 00000001800104d0 f i tbb_misc.obj
 0001:0000f4f0       ??0invalid_multiple_scheduling@tbb@@QEAA@XZ 00000001800104f0 f i tbb_misc.obj
 0001:0000f510       ??0improper_lock@tbb@@QEAA@XZ 0000000180010510 f i tbb_misc.obj
 0001:0000f530       ??0user_abort@tbb@@QEAA@XZ 0000000180010530 f i tbb_misc.obj
 0001:0000f550       ??0bad_last_alloc@tbb@@QEAA@AEBV01@@Z 0000000180010550 f i tbb_misc.obj
 0001:0000f590       ??0invalid_argument@std@@QEAA@AEBV01@@Z 0000000180010590 f i tbb_misc.obj
 0001:0000f5d0       ??0logic_error@std@@QEAA@AEBV01@@Z 00000001800105d0 f i tbb_misc.obj
 0001:0000f610       ??0out_of_range@std@@QEAA@AEBV01@@Z 0000000180010610 f i tbb_misc.obj
 0001:0000f650       ??0missing_wait@tbb@@QEAA@AEBV01@@Z 0000000180010650 f i tbb_misc.obj
 0001:0000f690       ??0invalid_multiple_scheduling@tbb@@QEAA@AEBV01@@Z 0000000180010690 f i tbb_misc.obj
 0001:0000f6d0       ??0improper_lock@tbb@@QEAA@AEBV01@@Z 00000001800106d0 f i tbb_misc.obj
 0001:0000f710       ??0length_error@std@@QEAA@AEBV01@@Z 0000000180010710 f i tbb_misc.obj
 0001:0000f750       ??0user_abort@tbb@@QEAA@AEBV01@@Z 0000000180010750 f i tbb_misc.obj
 0001:0000f790       ?PrintExtraVersionInfo@internal@tbb@@YAXPEBD0ZZ 0000000180010790 f   tbb_misc.obj
 0001:0000f860       ?PrintRMLVersionInfo@internal@tbb@@YAXPEAXPEBD@Z 0000000180010860 f   tbb_misc.obj
 0001:0000f870       TBB_runtime_interface_version 0000000180010870 f   tbb_misc.obj
 0001:0000fbd0       ?allocate@allocate_root_proxy@internal@tbb@@SAAEAVtask@3@_K@Z 0000000180010bd0 f   task.obj
 0001:0000fc50       ?free@allocate_root_proxy@internal@tbb@@SAXAEAVtask@3@@Z 0000000180010c50 f   task.obj
 0001:0000fcc0       ?allocate@allocate_root_with_context_proxy@internal@tbb@@QEBAAEAVtask@3@_K@Z 0000000180010cc0 f   task.obj
 0001:0000fdc0       ?free@allocate_child_proxy@internal@tbb@@QEBAXAEAVtask@3@@Z 0000000180010dc0 f   task.obj
 0001:0000fdc0       ?free@allocate_root_with_context_proxy@internal@tbb@@QEBAXAEAVtask@3@@Z 0000000180010dc0 f   task.obj
 0001:0000fe30       ?allocate@allocate_continuation_proxy@internal@tbb@@QEBAAEAVtask@3@_K@Z 0000000180010e30 f   task.obj
 0001:0000fe90       ?free@allocate_continuation_proxy@internal@tbb@@QEBAXAEAVtask@3@@Z 0000000180010e90 f   task.obj
 0001:0000ff10       ?allocate@allocate_child_proxy@internal@tbb@@QEBAAEAVtask@3@_K@Z 0000000180010f10 f   task.obj
 0001:0000ff70       ?allocate@allocate_additional_child_of_proxy@internal@tbb@@QEBAAEAVtask@3@_K@Z 0000000180010f70 f   task.obj
 0001:0000ffe0       ?free@allocate_additional_child_of_proxy@internal@tbb@@QEBAXAEAVtask@3@@Z 0000000180010fe0 f   task.obj
 0001:000100a0       ?get_initial_auto_partitioner_divisor@internal@tbb@@YA_KXZ 00000001800110a0 f   task.obj
 0001:000100f0       ?resize@affinity_partitioner_base_v3@internal@tbb@@AEAAXI@Z 00000001800110f0 f   task.obj
 0001:00010200       ?internal_set_ref_count@task@tbb@@AEAAXH@Z 0000000180011200 f   task.obj
 0001:00010240       ?internal_decrement_ref_count@task@tbb@@AEAA_JXZ 0000000180011240 f   task.obj
 0001:000102a0       ?self@task@tbb@@SAAEAV12@XZ 00000001800112a0 f   task.obj
 0001:000102e0       __acrt_uninitialize_command_line 00000001800112e0 f   libucrt:argv_data.obj
 0001:000102e0       ?is_owned_by_current_thread@task@tbb@@QEBA_NXZ 00000001800112e0 f   task.obj
 0001:000102f0       ?destroy@task_base@internal@interface5@tbb@@SAXAEAVtask@4@@Z 00000001800112f0 f   task.obj
 0001:00010460       ?spawn_and_wait_for_all@task@tbb@@QEAAXAEAVtask_list@2@@Z 0000000180011460 f   task.obj
 0001:00010500       ?change_group@task@tbb@@QEAAXAEAVtask_group_context@2@@Z 0000000180011500 f   task.obj
 0001:000105d0       ??1exception_ptr@std@@QEAA@XZ 00000001800115d0 f i task_group_context.obj
 0001:000105e0       ??0exception_ptr@std@@QEAA@AEBV01@@Z 00000001800115e0 f i task_group_context.obj
 0001:00010600       ??0captured_exception@tbb@@QEAA@AEBV01@@Z 0000000180011600 f i task_group_context.obj
 0001:00010670       ?throw_self@captured_exception@tbb@@UEAAXXZ 0000000180011670 f i task_group_context.obj
 0001:000106a0       ??_Gcaptured_exception@tbb@@UEAAPEAXI@Z 00000001800116a0 f i task_group_context.obj
 0001:000106a0       ??_Ecaptured_exception@tbb@@UEAAPEAXI@Z 00000001800116a0 f i * CIL library *:* CIL module *
 0001:00010730       ??0tbb_exception@tbb@@QEAA@AEBV01@@Z 0000000180011730 f i task_group_context.obj
 0001:00010770       ??_Etbb_exception@tbb@@UEAAPEAXI@Z 0000000180011770 f i * CIL library *:* CIL module *
 0001:00010770       ??_Gtbb_exception@tbb@@UEAAPEAXI@Z 0000000180011770 f i task_group_context.obj
 0001:000107e0       ?lock@spin_mutex@tbb@@QEAAXXZ 00000001800117e0 f i task_group_context.obj
 0001:00010840       ?duplicate_string@tbb@@YAPEADPEBD@Z 0000000180011840 f i task_group_context.obj
 0001:000108b0       ??1captured_exception@tbb@@UEAA@XZ 00000001800118b0 f   task_group_context.obj
 0001:00010900       ?set@captured_exception@tbb@@QEAAXPEBD0@Z 0000000180011900 f   task_group_context.obj
 0001:00010940       ?clear@captured_exception@tbb@@QEAAXXZ 0000000180011940 f   task_group_context.obj
 0001:00010980       ?move@captured_exception@tbb@@UEAAPEAV12@XZ 0000000180011980 f   task_group_context.obj
 0001:00010a00       ?destroy@captured_exception@tbb@@UEAAXXZ 0000000180011a00 f   task_group_context.obj
 0001:00010a60       ?name@captured_exception@tbb@@UEBAPEBDXZ 0000000180011a60 f   task_group_context.obj
 0001:00010a70       ?what@captured_exception@tbb@@UEBAPEBDXZ 0000000180011a70 f   task_group_context.obj
 0001:00010a80       ?allocate@tbb_exception_ptr@internal@tbb@@SAPEAV123@AEAVcaptured_exception@3@@Z 0000000180011a80 f   task_group_context.obj
 0001:00010bb0       ??1task_group_context@tbb@@QEAA@XZ 0000000180011bb0 f   task_group_context.obj
 0001:00010ea0       ?init@task_group_context@tbb@@IEAAXXZ 0000000180011ea0 f   task_group_context.obj
 0001:00011050       ?register_with@task_group_context@tbb@@QEAAXPEAVgeneric_scheduler@internal@2@@Z 0000000180012050 f   task_group_context.obj
 0001:00011180       ?bind_to@task_group_context@tbb@@QEAAXPEAVgeneric_scheduler@internal@2@@Z 0000000180012180 f   task_group_context.obj
 0001:000112e0       ?cancel_group_execution@task_group_context@tbb@@QEAA_NXZ 00000001800122e0 f   task_group_context.obj
 0001:00011430       ?is_group_execution_cancelled@task_group_context@tbb@@QEBA_NXZ 0000000180012430 f   task_group_context.obj
 0001:00011440       ?reset@task_group_context@tbb@@QEAAXXZ 0000000180012440 f   task_group_context.obj
 0001:000114a0       ?capture_fp_settings@task_group_context@tbb@@QEAAXXZ 00000001800124a0 f   task_group_context.obj
 0001:000114e0       ?register_pending_exception@task_group_context@tbb@@QEAAXXZ 00000001800124e0 f   task_group_context.obj
 0001:00011510       ?set_priority@task_group_context@tbb@@QEAAXW4priority_t@2@@Z 0000000180012510 f   task_group_context.obj
 0001:000116b0       ?priority@task_group_context@tbb@@QEBA?AW4priority_t@2@XZ 00000001800126b0 f   task_group_context.obj
 0001:000116d0       ??$propagate_task_group_state@_K@generic_scheduler@internal@tbb@@QEAAXPEQtask_group_context@2@_KAEAV32@_K@Z 00000001800126d0 f i task_group_context.obj
 0001:000117d0       ??$propagate_task_group_state@_J@generic_scheduler@internal@tbb@@QEAAXPEQtask_group_context@2@_JAEAV32@_J@Z 00000001800127d0 f i task_group_context.obj
 0001:000118e0       ?initialize_cilk_interop@internal@tbb@@YA_NXZ 00000001800128e0 f   governor.obj
 0001:00011910       ?sign_on@governor@internal@tbb@@SAXPEAVgeneric_scheduler@23@@Z 0000000180012910 f   governor.obj
 0001:00011990       ?one_time_init@governor@internal@tbb@@SAXXZ 0000000180012990 f   governor.obj
 0001:00011a50       ?init_scheduler@governor@internal@tbb@@SAPEAVgeneric_scheduler@23@H_K_N@Z 0000000180012a50 f   governor.obj
 0001:00011ba0       ?auto_terminate@governor@internal@tbb@@CAXPEAX@Z 0000000180012ba0 f   governor.obj
 0001:00011c30       ?stack_op_handler@governor@internal@tbb@@SAHW4__cilk_tbb_stack_op@@PEAX@Z 0000000180012c30 f   governor.obj
 0001:00011cc0       ?initialization_impl@numa_topology@internal@tbb@@YAXXZ 0000000180012cc0 f   governor.obj
 0001:00011f30       ?initialize@numa_topology@internal@tbb@@YAXXZ 0000000180012f30 f   governor.obj
 0001:00011fe0       ?nodes_count@numa_topology@internal@tbb@@YAIXZ 0000000180012fe0 f   governor.obj
 0001:00012000       ?fill@numa_topology@internal@tbb@@YAXPEAH@Z 0000000180013000 f   governor.obj
 0001:00012050       ?default_concurrency@numa_topology@internal@tbb@@YAHH@Z 0000000180013050 f   governor.obj
 0001:00012080       ?initialize@task_scheduler_init@tbb@@QEAAXH@Z 0000000180013080 f   governor.obj
 0001:00012090       ?initialize@task_scheduler_init@tbb@@QEAAXH_K@Z 0000000180013090 f   governor.obj
 0001:00012360       ?internal_terminate@task_scheduler_init@tbb@@AEAA_N_N@Z 0000000180013360 f   governor.obj
 0001:000124a0       ?terminate@task_scheduler_init@tbb@@QEAAXXZ 00000001800134a0 f   governor.obj
 0001:000124b0       ?internal_blocking_terminate@task_scheduler_init@tbb@@AEAA_N_N@Z 00000001800134b0 f   governor.obj
 0001:000124f0       ?default_num_threads@task_scheduler_init@tbb@@SAHXZ 00000001800134f0 f   governor.obj
 0001:00012500       ??1scoped_lock@spin_rw_mutex_v3@tbb@@QEAA@XZ 0000000180013500 f i market.obj
 0001:00012530       ?max_job_count@market@internal@tbb@@EEBAIXZ 0000000180013530 f i market.obj
 0001:00012530       ?raw_length@pairNode@@UEBAHXZ 0000000180013530 f i libvcruntime:undname.obj
 0001:00012540       ?min_stack_size@market@internal@tbb@@EEBA_KXZ 0000000180013540 f i market.obj
 0001:00012550       ?raw_length@charNode@@UEBAHXZ 0000000180013550 f i libvcruntime:undname.obj
 0001:00012550       _get_startup_argv_mode     0000000180013550 f i LIBCMT:argv_mode.obj
 0001:00012550       ?policy@market@internal@tbb@@EEBA?AW4policy_type@client@rml@@XZ 0000000180013550 f i market.obj
 0001:00012550       ?length@charNode@@UEBAHXZ  0000000180013550 f i libvcruntime:undname.obj
 0001:00012560       ?global_market@market@internal@tbb@@CAAEAV123@_NI_K@Z 0000000180013560 f   market.obj
 0001:00012900       ?release@market@internal@tbb@@QEAA_N_N0@Z 0000000180013900 f   market.obj
 0001:00012a80       ?set_active_num_workers@market@internal@tbb@@SAXI@Z 0000000180013a80 f   market.obj
 0001:00012d00       ?create_arena@market@internal@tbb@@SAPEAVarena@23@HH_K@Z 0000000180013d00 f   market.obj
 0001:00012e60       ?try_destroy_arena@market@internal@tbb@@QEAAXPEAVarena@23@_K@Z 0000000180013e60 f   market.obj
 0001:00012fc0       ?arena_in_need@market@internal@tbb@@AEAAPEAVarena@23@PEAV423@@Z 0000000180013fc0 f   market.obj
 0001:00013120       ?update_allotment@market@internal@tbb@@AEAAX_J@Z 0000000180014120 f   market.obj
 0001:00013270       ?enable_mandatory_concurrency@market@internal@tbb@@QEAAXPEAVarena@23@@Z 0000000180014270 f   market.obj
 0001:00013370       ?mandatory_concurrency_disable@market@internal@tbb@@QEAAXPEAVarena@23@@Z 0000000180014370 f   market.obj
 0001:00013490       ?adjust_demand@market@internal@tbb@@QEAAXAEAVarena@23@H@Z 0000000180014490 f   market.obj
 0001:00013750       ?process@market@internal@tbb@@EEAAXAEAVjob@rml@@@Z 0000000180014750 f   market.obj
 0001:000137e0       ?cleanup@market@internal@tbb@@EEAAXAEAVjob@rml@@@Z 00000001800147e0 f   market.obj
 0001:000138e0       ?acknowledge_close_connection@market@internal@tbb@@EEAAXXZ 00000001800148e0 f   market.obj
 0001:00013900       ?create_one_job@market@internal@tbb@@EEAAPEAVjob@rml@@XZ 0000000180014900 f   market.obj
 0001:000139b0       ?update_arena_top_priority@market@internal@tbb@@AEAAXAEAVarena@23@_J@Z 00000001800149b0 f   market.obj
 0001:00013ac0       ?update_arena_priority@market@internal@tbb@@QEAA_NAEAVarena@23@_J@Z 0000000180014ac0 f   market.obj
 0001:00013ca0       ?rethrow_exception@std@@YAXVexception_ptr@1@@Z 0000000180014ca0 f i arena.obj
 0001:00013cb0       ?throw_self@tbb_exception_ptr@internal@tbb@@QEAAXXZ 0000000180014cb0 f i arena.obj
 0001:00013cd0       ??_Gtask_scheduler_observer_v3@internal@tbb@@UEAAPEAXI@Z 0000000180014cd0 f i arena.obj
 0001:00013cd0       ??_Etask_scheduler_observer_v3@internal@tbb@@UEAAPEAXI@Z 0000000180014cd0 f i * CIL library *:* CIL module *
 0001:00013d20       ??1task_scheduler_observer@interface6@tbb@@UEAA@XZ 0000000180014d20 f i arena.obj
 0001:00013d70       ??_Gtask_scheduler_observer@interface6@tbb@@UEAAPEAXI@Z 0000000180014d70 f i arena.obj
 0001:00013d70       ??_Etask_scheduler_observer@interface6@tbb@@UEAAPEAXI@Z 0000000180014d70 f i * CIL library *:* CIL module *
 0001:00013de0       ?notify_entry_observers@observer_list@internal@tbb@@QEAAXAEAPEAVobserver_proxy@23@_N@Z 0000000180014de0 f i arena.obj
 0001:00013f70       ?notify_exit_observers@observer_list@internal@tbb@@QEAAXAEAPEAVobserver_proxy@23@_N@Z 0000000180014f70 f i arena.obj
 0001:000140f0       ?notify_one@concurrent_monitor@internal@tbb@@QEAAXXZ 00000001800150f0 f i arena.obj
 0001:000141c0       ?on_scheduler_entry@numa_binding_observer@internal@tbb@@UEAAX_N@Z 00000001800151c0 f i arena.obj
 0001:00014210       ?on_scheduler_exit@numa_binding_observer@internal@tbb@@UEAAX_N@Z 0000000180015210 f i arena.obj
 0001:00014250       ??_Enuma_binding_observer@internal@tbb@@UEAAPEAXI@Z 0000000180015250 f i * CIL library *:* CIL module *
 0001:00014250       ??_Gnuma_binding_observer@internal@tbb@@UEAAPEAXI@Z 0000000180015250 f i arena.obj
 0001:000142e0       ?occupy_free_slot_in_range@arena@internal@tbb@@QEAA_KAEAVgeneric_scheduler@23@_K1@Z 00000001800152e0 f   arena.obj
 0001:000143d0       ?process@arena@internal@tbb@@QEAAXAEAVgeneric_scheduler@23@@Z 00000001800153d0 f   arena.obj
 0001:000145f0       ??0arena@internal@tbb@@QEAA@AEAVmarket@12@II@Z 00000001800155f0 f   arena.obj
 0001:00014850       ??1?$padded@Uarena_base@internal@tbb@@$0IA@@internal@tbb@@QEAA@XZ 0000000180015850 f i arena.obj
 0001:00014880       ?free_arena@arena@internal@tbb@@QEAAXXZ 0000000180015880 f   arena.obj
 0001:00014ae0       ?is_out_of_work@arena@internal@tbb@@QEAA_NXZ 0000000180015ae0 f   arena.obj
 0001:00014fc0       ?enqueue_task@arena@internal@tbb@@QEAAXAEAVtask@3@_JAEAVFastRandom@23@@Z 0000000180015fc0 f   arena.obj
 0001:000150b0       ??0nested_arena_context@internal@tbb@@QEAA@PEAVgeneric_scheduler@12@PEAVarena@12@_K_N3@Z 00000001800160b0 f i arena.obj
 0001:00015300       ??1nested_arena_context@internal@tbb@@QEAA@XZ 0000000180016300 f i arena.obj
 0001:00015490       ??0auto_empty_task@internal@tbb@@QEAA@PEAVgeneric_scheduler@12@PEAVtask_group_context@2@@Z 0000000180016490 f i arena.obj
 0001:00015590       ??1auto_empty_task@internal@tbb@@QEAA@XZ 0000000180016590 f i arena.obj
 0001:000155b0       ?internal_initialize@task_arena_base@internal@interface7@tbb@@IEAAXXZ 00000001800165b0 f   arena.obj
 0001:00015850       ?internal_terminate@task_arena_base@internal@interface7@tbb@@IEAAXXZ 0000000180016850 f   arena.obj
 0001:00015970       ?internal_attach@task_arena_base@internal@interface7@tbb@@IEAAXXZ 0000000180016970 f   arena.obj
 0001:000159f0       ?internal_enqueue@task_arena_base@internal@interface7@tbb@@IEBAXAEAVtask@4@_J@Z 00000001800169f0 f   arena.obj
 0001:00015a60       ?execute@delegated_task@internal@interface7@tbb@@EEAAPEAVtask@4@XZ 0000000180016a60 f i arena.obj
 0001:00015b00       ??1outermost_context@?1??execute@delegated_task@internal@interface7@tbb@@EEAAPEAVtask@5@XZ@QEAA@XZ 0000000180016b00 f i arena.obj
 0001:00015b30       ??_Gdelegated_task@internal@interface7@tbb@@EEAAPEAXI@Z 0000000180016b30 f i arena.obj
 0001:00015b30       ??_Edelegated_task@internal@interface7@tbb@@EEAAPEAXI@Z 0000000180016b30 f i * CIL library *:* CIL module *
 0001:00015cc0       ?internal_execute@task_arena_base@internal@interface7@tbb@@IEBAXAEAVdelegate_base@234@@Z 0000000180016cc0 f   arena.obj
 0001:00016380       ?execute@wait_task@internal@interface7@tbb@@EEAAPEAVtask@4@XZ 0000000180017380 f i arena.obj
 0001:000163f0       ??_Gwait_task@internal@interface7@tbb@@UEAAPEAXI@Z 00000001800173f0 f i arena.obj
 0001:000163f0       ??_E?$function_task@Vspawn_functor@graph@interface10@flow@tbb@@@internal@tbb@@UEAAPEAXI@Z 00000001800173f0 f i * CIL library *:* CIL module *
 0001:000163f0       ??_Ewait_task@internal@interface7@tbb@@UEAAPEAXI@Z 00000001800173f0 f i * CIL library *:* CIL module *
 0001:000163f0       ??_G?$function_task@Vspawn_functor@graph@interface10@flow@tbb@@@internal@tbb@@UEAAPEAXI@Z 00000001800173f0 f i arena.obj
 0001:00016420       ?internal_wait@task_arena_base@internal@interface7@tbb@@IEBAXXZ 0000000180017420 f   arena.obj
 0001:000166d0       ?internal_current_slot@task_arena_base@internal@interface7@tbb@@KAHXZ 00000001800176d0 f   arena.obj
 0001:00016700       ??1isolation_guard@internal@interface7@tbb@@QEAA@XZ 0000000180017700 f i arena.obj
 0001:00016710       ?isolate_within_arena@internal@interface7@tbb@@YAXAEAVdelegate_base@123@_J@Z 0000000180017710 f   arena.obj
 0001:000167a0       ?internal_max_concurrency@task_arena_base@internal@interface7@tbb@@KAHPEBVtask_arena@34@@Z 00000001800177a0 f   arena.obj
 0001:000167f0       ?restore_default@?$context_guard_helper@$00@internal@tbb@@QEAAXXZ 00000001800177f0 f i scheduler.obj
 0001:000167f0       ?restore_default@?$context_guard_helper@$0A@@internal@tbb@@QEAAXXZ 00000001800177f0 f i arena.obj
 0001:00016830       ??1?$context_guard_helper@$0A@@internal@tbb@@QEAA@XZ 0000000180017830 f i arena.obj
 0001:00016850       ?execute@?$function_task@Vspawn_functor@graph@interface10@flow@tbb@@@internal@tbb@@EEAAPEAVtask@3@XZ 0000000180017850 f i arena.obj
 0001:00016870       ?push@?$task_stream@$02@internal@tbb@@QEAAXPEAVtask@3@HAEAVFastRandom@23@@Z 0000000180017870 f i arena.obj
 0001:000169d0       ??1?$task_stream@$02@internal@tbb@@QEAA@XZ 00000001800179d0 f i arena.obj
 0001:00016a40       ??0?$padded@U?$queue_and_mutex@PEAVtask@tbb@@Vspin_mutex@2@@internal@tbb@@$0IA@@internal@tbb@@QEAA@XZ 0000000180017a40 f i arena.obj
 0001:00016ab0       ??1?$padded@U?$queue_and_mutex@PEAVtask@tbb@@Vspin_mutex@2@@internal@tbb@@$0IA@@internal@tbb@@QEAA@XZ 0000000180017ab0 f i arena.obj
 0001:00016ac0       ??1?$deque@PEAVtask@tbb@@V?$tbb_allocator@PEAVtask@tbb@@@2@@std@@QEAA@XZ 0000000180017ac0 f i arena.obj
 0001:00016b60       ??$advertise_new_work@$01@arena@internal@tbb@@QEAAXXZ 0000000180017b60 f i arena.obj
 0001:00016c30       ??$on_thread_leaving@$00@arena@internal@tbb@@QEAAXXZ 0000000180017c30 f i arena.obj
 0001:00016cc0       ??$occupy_free_slot@$0A@@arena@internal@tbb@@QEAA_KAEAVgeneric_scheduler@12@@Z 0000000180017cc0 f i arena.obj
 0001:00016d80       ?_Growmap@?$deque@PEAVtask@tbb@@V?$tbb_allocator@PEAVtask@tbb@@@2@@std@@AEAAX_K@Z 0000000180017d80 f i arena.obj
 0001:00016ee0       ?_Xlen@?$deque@PEAVtask@tbb@@V?$tbb_allocator@PEAVtask@tbb@@@2@@std@@AEBAXXZ 0000000180017ee0 f i arena.obj
 0001:00016f00       ??1scheduler@internal@tbb@@UEAA@XZ 0000000180017f00 f   scheduler.obj
 0001:00016f10       ??0generic_scheduler@internal@tbb@@IEAA@AEAVmarket@12@_N@Z 0000000180017f10 f   scheduler.obj
 0001:00017100       ??_E?$custom_scheduler@UDefaultSchedulerTraits@internal@tbb@@@internal@tbb@@UEAAPEAXI@Z 0000000180018100 f i * CIL library *:* CIL module *
 0001:00017100       ??_G?$custom_scheduler@UIntelSchedulerTraits@internal@tbb@@@internal@tbb@@UEAAPEAXI@Z 0000000180018100 f i scheduler.obj
 0001:00017100       ??_Ggeneric_scheduler@internal@tbb@@UEAAPEAXI@Z 0000000180018100 f i scheduler.obj
 0001:00017100       ??_E?$custom_scheduler@UIntelSchedulerTraits@internal@tbb@@@internal@tbb@@UEAAPEAXI@Z 0000000180018100 f i * CIL library *:* CIL module *
 0001:00017100       ??_G?$custom_scheduler@UDefaultSchedulerTraits@internal@tbb@@@internal@tbb@@UEAAPEAXI@Z 0000000180018100 f i scheduler.obj
 0001:00017100       ??_Egeneric_scheduler@internal@tbb@@UEAAPEAXI@Z 0000000180018100 f i * CIL library *:* CIL module *
 0001:00017130       ?cleanup_scheduler@generic_scheduler@internal@tbb@@QEAAXXZ 0000000180018130 f   scheduler.obj
 0001:00017330       ?allocate_task@generic_scheduler@internal@tbb@@QEAAAEAVtask@3@_KPEAV43@PEAVtask_group_context@3@@Z 0000000180018330 f   scheduler.obj
 0001:00017470       ?prepare_task_pool@generic_scheduler@internal@tbb@@QEAA_K_K@Z 0000000180018470 f i scheduler.obj
 0001:00017780       ?acquire_task_pool@generic_scheduler@internal@tbb@@QEBAXXZ 0000000180018780 f i scheduler.obj
 0001:00017840       ?prepare_for_spawning@generic_scheduler@internal@tbb@@QEAAPEAVtask@3@PEAV43@@Z 0000000180018840 f i scheduler.obj
 0001:000179c0       ?local_spawn@generic_scheduler@internal@tbb@@QEAAXPEAVtask@3@AEAPEAV43@@Z 00000001800189c0 f   scheduler.obj
 0001:00017ce0       ?spawn@generic_scheduler@internal@tbb@@UEAAXAEAVtask@3@AEAPEAV43@@Z 0000000180018ce0 f   scheduler.obj
 0001:00017d30       ?spawn_root_and_wait@generic_scheduler@internal@tbb@@UEAAXAEAVtask@3@AEAPEAV43@@Z 0000000180018d30 f   scheduler.obj
 0001:00017e10       ?enqueue@generic_scheduler@internal@tbb@@UEAAXAEAVtask@3@PEAX@Z 0000000180018e10 f   scheduler.obj
 0001:00017e70       ??1auto_indicator@internal@tbb@@QEAA@XZ 0000000180018e70 f i scheduler.obj
 0001:00017e80       ?get_task_and_activate_task_pool@generic_scheduler@internal@tbb@@QEAAPEAVtask@3@_K0_J@Z 0000000180018e80 f   scheduler.obj
 0001:00018060       ?winnow_task_pool@generic_scheduler@internal@tbb@@QEAAPEAVtask@3@_J@Z 0000000180019060 f   scheduler.obj
 0001:00018130       ?reload_tasks@generic_scheduler@internal@tbb@@QEAAPEAVtask@3@AEAPEAV43@AEAPEAPEAV43@_J2@Z 0000000180019130 f   scheduler.obj
 0001:00018440       ?reload_tasks@generic_scheduler@internal@tbb@@QEAAPEAVtask@3@_J@Z 0000000180019440 f   scheduler.obj
 0001:00018580       ?get_task@generic_scheduler@internal@tbb@@QEAAPEAVtask@3@_J@Z 0000000180019580 f i scheduler.obj
 0001:00018880       ?steal_task@generic_scheduler@internal@tbb@@QEAAPEAVtask@3@_J@Z 0000000180019880 f   scheduler.obj
 0001:00018970       ?steal_task_from@generic_scheduler@internal@tbb@@QEAAPEAVtask@3@AEAUarena_slot@23@_J@Z 0000000180019970 f   scheduler.obj
 0001:00018b60       ?get_mailbox_task@generic_scheduler@internal@tbb@@QEAAPEAVtask@3@_J@Z 0000000180019b60 f   scheduler.obj
 0001:00018c90       ?create_master@generic_scheduler@internal@tbb@@SAPEAV123@PEAVarena@23@@Z 0000000180019c90 f   scheduler.obj
 0001:00018ed0       ?cleanup_master@generic_scheduler@internal@tbb@@QEAA_N_N@Z 0000000180019ed0 f   scheduler.obj
 0001:00019160       ??1?$fast_reverse_vector@PEAVtask@tbb@@$0BA@@internal@tbb@@QEAA@XZ 000000018001a160 f i scheduler.obj
 0001:000191b0       ?allocate_scheduler@?$custom_scheduler@UIntelSchedulerTraits@internal@tbb@@@internal@tbb@@SAPEAVgeneric_scheduler@23@AEAVmarket@23@_N@Z 000000018001a1b0 f i scheduler.obj
 0001:00019240       ?wait_for_all@?$custom_scheduler@UIntelSchedulerTraits@internal@tbb@@@internal@tbb@@EEAAXAEAVtask@3@PEAV43@@Z 000000018001a240 f i scheduler.obj
 0001:00019290       ?allocate_scheduler@?$custom_scheduler@UDefaultSchedulerTraits@internal@tbb@@@internal@tbb@@SAPEAVgeneric_scheduler@23@AEAVmarket@23@_N@Z 000000018001a290 f i scheduler.obj
 0001:00019320       ?wait_for_all@?$custom_scheduler@UDefaultSchedulerTraits@internal@tbb@@@internal@tbb@@EEAAXAEAVtask@3@PEAV43@@Z 000000018001a320 f i scheduler.obj
 0001:00019370       ?local_wait_for_all@?$custom_scheduler@UDefaultSchedulerTraits@internal@tbb@@@internal@tbb@@EEAAXAEAVtask@3@PEAV43@@Z 000000018001a370 f i scheduler.obj
 0001:000197d0       ?receive_or_steal_task@?$custom_scheduler@UDefaultSchedulerTraits@internal@tbb@@@internal@tbb@@UEAAPEAVtask@3@AEA_J_J@Z 000000018001a7d0 f i scheduler.obj
 0001:00019ce0       ?local_wait_for_all@?$custom_scheduler@UIntelSchedulerTraits@internal@tbb@@@internal@tbb@@EEAAXAEAVtask@3@PEAV43@@Z 000000018001ace0 f i scheduler.obj
 0001:0001a020       ?receive_or_steal_task@?$custom_scheduler@UIntelSchedulerTraits@internal@tbb@@@internal@tbb@@UEAAPEAVtask@3@AEA_J_J@Z 000000018001b020 f i scheduler.obj
 0001:0001a480       ??$free_task@$0A@@generic_scheduler@internal@tbb@@QEAAXAEAVtask@2@@Z 000000018001b480 f i scheduler.obj
 0001:0001a480       ??$free_task@$01@generic_scheduler@internal@tbb@@QEAAXAEAVtask@2@@Z 000000018001b480 f i scheduler.obj
 0001:0001a480       ??$free_task@$05@generic_scheduler@internal@tbb@@QEAAXAEAVtask@2@@Z 000000018001b480 f i scheduler.obj
 0001:0001a580       ??$advertise_new_work@$0A@@arena@internal@tbb@@QEAAXXZ 000000018001b580 f i scheduler.obj
 0001:0001a620       ??1?$context_guard_helper@$00@internal@tbb@@QEAA@XZ 000000018001b620 f i scheduler.obj
 0001:0001a690       ?pop@?$task_stream@$02@internal@tbb@@QEAAPEAVtask@3@HAEAI@Z 000000018001b690 f i scheduler.obj
 0001:0001a7b0       ?process_bypass_loop@?$custom_scheduler@UDefaultSchedulerTraits@internal@tbb@@@internal@tbb@@AEAA_NAEAV?$context_guard_helper@$00@23@PEAVtask@3@_J@Z 000000018001b7b0 f i scheduler.obj
 0001:0001aaf0       ?process_bypass_loop@?$custom_scheduler@UIntelSchedulerTraits@internal@tbb@@@internal@tbb@@AEAA_NAEAV?$context_guard_helper@$0A@@23@PEAVtask@3@_J@Z 000000018001baf0 f i scheduler.obj
 0001:0001ada0       ?tally_completion_of_predecessor@?$custom_scheduler@UIntelSchedulerTraits@internal@tbb@@@internal@tbb@@AEAAXAEAVtask@3@AEAPEAV43@_J@Z 000000018001bda0 f i scheduler.obj
 0001:0001aec0       ?tally_completion_of_predecessor@?$custom_scheduler@UDefaultSchedulerTraits@internal@tbb@@@internal@tbb@@AEAAXAEAVtask@3@AEAPEAV43@_J@Z 000000018001bec0 f i scheduler.obj
 0001:0001b000       ?insert@observer_list@internal@tbb@@QEAAXPEAVobserver_proxy@23@@Z 000000018001c000 f   observer_proxy.obj
 0001:0001b090       ?remove_ref@observer_list@internal@tbb@@QEAAXPEAVobserver_proxy@23@@Z 000000018001c090 f   observer_proxy.obj
 0001:0001b160       ?observe@task_scheduler_observer_v3@internal@tbb@@QEAAX_N@Z 000000018001c160 f   observer_proxy.obj
 0001:0001b420       ?terminate_auto_initialized_scheduler@governor@internal@tbb@@SAXXZ 000000018001c420 f i tbb_main.obj
 0001:0001b4c0       ?add_ref@__TBB_InitOnce@internal@tbb@@SAXXZ 000000018001c4c0 f   tbb_main.obj
 0001:0001b530       ?remove_ref@__TBB_InitOnce@internal@tbb@@SAXXZ 000000018001c530 f   tbb_main.obj
 0001:0001b5f0       ?ITT_DoUnsafeOneTimeInitialization@internal@tbb@@YAXXZ 000000018001c5f0 f   tbb_main.obj
 0001:0001b710       ITT_DoOneTimeInitialization 000000018001c710 f   tbb_main.obj
 0001:0001b790       ?DoOneTimeInitializations@internal@tbb@@YAXXZ 000000018001c790 f   tbb_main.obj
 0001:0001ba50       DllMain                    000000018001ca50 f   tbb_main.obj
 0001:0001baa0       ?itt_store_pointer_with_release_v3@internal@tbb@@YAXPEAX0@Z 000000018001caa0 f   tbb_main.obj
 0001:0001bae0       ?itt_load_pointer_with_acquire_v3@internal@tbb@@YAPEAXPEBX@Z 000000018001cae0 f   tbb_main.obj
 0001:0001bb00       ?call_itt_notify_v5@internal@tbb@@YAXHPEAX@Z 000000018001cb00 f   tbb_main.obj
 0001:0001bb50       ?itt_make_task_group_v7@internal@tbb@@YAXW4itt_domain_enum@12@PEAX_K12W4string_index@12@@Z 000000018001cb50 f   tbb_main.obj
 0001:0001bcd0       ?itt_metadata_str_add_v7@internal@tbb@@YAXW4itt_domain_enum@12@PEAX_KW4string_index@12@PEBD@Z 000000018001ccd0 f   tbb_main.obj
 0001:0001bdb0       ?itt_metadata_ptr_add_v11@internal@tbb@@YAXW4itt_domain_enum@12@PEAX_KW4string_index@12@1@Z 000000018001cdb0 f   tbb_main.obj
 0001:0001be90       ?itt_relation_add_v7@internal@tbb@@YAXW4itt_domain_enum@12@PEAX_KW4itt_relation@12@12@Z 000000018001ce90 f   tbb_main.obj
 0001:0001bf80       ?itt_task_begin_v7@internal@tbb@@YAXW4itt_domain_enum@12@PEAX_K12W4string_index@12@@Z 000000018001cf80 f   tbb_main.obj
 0001:0001c0a0       ?itt_task_end_v7@internal@tbb@@YAXW4itt_domain_enum@12@@Z 000000018001d0a0 f   tbb_main.obj
 0001:0001c0f0       ?itt_region_begin_v9@internal@tbb@@YAXW4itt_domain_enum@12@PEAX_K12W4string_index@12@@Z 000000018001d0f0 f   tbb_main.obj
 0001:0001c1e0       ?itt_region_end_v9@internal@tbb@@YAXW4itt_domain_enum@12@PEAX_K@Z 000000018001d1e0 f   tbb_main.obj
 0001:0001c270       ?itt_load_pointer_v3@internal@tbb@@YAPEAXPEBX@Z 000000018001d270 f   tbb_main.obj
 0001:0001c280       ?itt_set_sync_name_v3@internal@tbb@@YAXPEAXPEB_W@Z 000000018001d280 f   tbb_main.obj
 0001:0001c290       ?is_first_arg_preferred@control_storage@internal@tbb@@MEBA_N_K0@Z 000000018001d290 f i tbb_main.obj
 0001:0001c2a0       ?active_value@control_storage@internal@tbb@@MEBA_KXZ 000000018001d2a0 f i tbb_main.obj
 0001:0001c2c0       ?default_value@allowed_parallelism_control@internal@tbb@@EEBA_KXZ 000000018001d2c0 f i tbb_main.obj
 0001:0001c2e0       ?is_first_arg_preferred@allowed_parallelism_control@internal@tbb@@EEBA_N_K0@Z 000000018001d2e0 f i tbb_main.obj
 0001:0001c2f0       ?apply_active@allowed_parallelism_control@internal@tbb@@EEBAXXZ 000000018001d2f0 f i tbb_main.obj
 0001:0001c300       ?active_value@allowed_parallelism_control@internal@tbb@@EEBA_KXZ 000000018001d300 f i tbb_main.obj
 0001:0001c3c0       ?default_value@stack_size_control@internal@tbb@@EEBA_KXZ 000000018001d3c0 f i tbb_main.obj
 0001:0001c3d0       ?internal_create@global_control@interface9@tbb@@AEAAXXZ 000000018001d3d0 f   tbb_main.obj
 0001:0001c540       ?internal_destroy@global_control@interface9@tbb@@AEAAXXZ 000000018001d540 f   tbb_main.obj
 0001:0001c710       ?active_value@global_control@interface9@tbb@@CA_KH@Z 000000018001d710 f   tbb_main.obj
 0001:0001c7c0       ?internal_grow_to_at_least@concurrent_vector_base@internal@tbb@@IEAAX_K0P6AXPEAX0@Z@Z 000000018001d7c0 f   concurrent_vector_v2.obj
 0001:0001c800       ?extend_segment_if_necessary@helper@concurrent_vector_base@internal@tbb@@SAXAEAV234@_K@Z 000000018001d800 f i concurrent_vector_v2.obj
 0001:0001c8d0       ?internal_capacity@concurrent_vector_base@internal@tbb@@IEBA_KXZ 000000018001d8d0 f   concurrent_vector_v2.obj
 0001:0001c920       ?internal_reserve@concurrent_vector_base@internal@tbb@@IEAAX_K00@Z 000000018001d920 f   concurrent_vector_v2.obj
 0001:0001ca80       ?internal_copy@concurrent_vector_base@internal@tbb@@IEAAXAEBV123@_KP6AXPEAXPEBX1@Z@Z 000000018001da80 f   concurrent_vector_v2.obj
 0001:0001cbb0       ?internal_assign@concurrent_vector_base@internal@tbb@@IEAAXAEBV123@_KP6AXPEAX1@ZP6AX2PEBX1@Z5@Z 000000018001dbb0 f   concurrent_vector_v2.obj
 0001:0001cda0       ?internal_push_back@concurrent_vector_base@internal@tbb@@IEAAPEAX_KAEA_K@Z 000000018001dda0 f   concurrent_vector_v2.obj
 0001:0001cf10       ?internal_grow_by@concurrent_vector_base@internal@tbb@@IEAA_K_K0P6AXPEAX0@Z@Z 000000018001df10 f   concurrent_vector_v2.obj
 0001:0001cf40       ?internal_grow@concurrent_vector_base@internal@tbb@@IEAAX_K00P6AXPEAX0@Z@Z 000000018001df40 f   concurrent_vector_v2.obj
 0001:0001d0f0       ?internal_clear@concurrent_vector_base@internal@tbb@@IEAAXP6AXPEAX_K@Z_N@Z 000000018001e0f0 f   concurrent_vector_v2.obj
 0001:0001d200       ??1push_finalizer@micro_queue@internal@tbb@@QEAA@XZ 000000018001e200 f i concurrent_queue_v2.obj
 0001:0001d210       ??1pop_finalizer@micro_queue@internal@tbb@@QEAA@XZ 000000018001e210 f i concurrent_queue_v2.obj
 0001:0001d2e0       ?push@micro_queue@internal@tbb@@QEAAXPEBX_KAEAVconcurrent_queue_base@23@@Z 000000018001e2e0 f   concurrent_queue_v2.obj
 0001:0001d430       ?pop@micro_queue@internal@tbb@@QEAA_NPEAX_KAEAVconcurrent_queue_base@23@@Z 000000018001e430 f   concurrent_queue_v2.obj
 0001:0001d5b0       ??0concurrent_queue_base@internal@tbb@@IEAA@_K@Z 000000018001e5b0 f   concurrent_queue_v2.obj
 0001:0001d680       ??_Econcurrent_queue_base@internal@tbb@@MEAAPEAXI@Z 000000018001e680 f i * CIL library *:* CIL module *
 0001:0001d680       ??_Gconcurrent_queue_base@internal@tbb@@MEAAPEAXI@Z 000000018001e680 f i concurrent_queue_v2.obj
 0001:0001d700       ??1concurrent_queue_base@internal@tbb@@MEAA@XZ 000000018001e700 f   concurrent_queue_v2.obj
 0001:0001d760       ?internal_push@concurrent_queue_base@internal@tbb@@IEAAXPEBX@Z 000000018001e760 f   concurrent_queue_v2.obj
 0001:0001d830       ?internal_pop@concurrent_queue_base@internal@tbb@@IEAAXPEAX@Z 000000018001e830 f   concurrent_queue_v2.obj
 0001:0001d890       ?internal_pop_if_present@concurrent_queue_base@internal@tbb@@IEAA_NPEAX@Z 000000018001e890 f   concurrent_queue_v2.obj
 0001:0001d950       ?internal_push_if_not_full@concurrent_queue_base@internal@tbb@@IEAA_NPEBX@Z 000000018001e950 f   concurrent_queue_v2.obj
 0001:0001da20       ?internal_size@concurrent_queue_base@internal@tbb@@IEBA_JXZ 000000018001ea20 f   concurrent_queue_v2.obj
 0001:0001da40       ??0concurrent_queue_iterator_base@internal@tbb@@IEAA@AEBVconcurrent_queue_base@12@@Z 000000018001ea40 f   concurrent_queue_v2.obj
 0001:0001db20       ?assign@concurrent_queue_iterator_base@internal@tbb@@IEAAXAEBV123@@Z 000000018001eb20 f   concurrent_queue_v2.obj
 0001:0001dbc0       ?advance@concurrent_queue_iterator_base@internal@tbb@@IEAAXXZ 000000018001ebc0 f   concurrent_queue_v2.obj
 0001:0001dc60       ??1concurrent_queue_iterator_base@internal@tbb@@IEAA@XZ 000000018001ec60 f   concurrent_queue_v2.obj
 0001:0001dc90       ?internal_itt_releasing@spin_rw_mutex@tbb@@CAXPEAV12@@Z 000000018001ec90 f   spin_rw_mutex_v2.obj
 0001:0001dca0       ?internal_release_writer@spin_rw_mutex@tbb@@CAXPEAV12@@Z 000000018001eca0 f   spin_rw_mutex_v2.obj
 0001:0001dce0       ?internal_acquire_reader@spin_rw_mutex@tbb@@CAXPEAV12@@Z 000000018001ece0 f   spin_rw_mutex_v2.obj
 0001:0001dd90       ?internal_upgrade@spin_rw_mutex@tbb@@CA_NPEAV12@@Z 000000018001ed90 f   spin_rw_mutex_v2.obj
 0001:0001df50       ?internal_downgrade@spin_rw_mutex@tbb@@CAXPEAV12@@Z 000000018001ef50 f   spin_rw_mutex_v2.obj
 0001:0001df90       ?internal_try_acquire_reader@spin_rw_mutex@tbb@@CA_NPEAV12@@Z 000000018001ef90 f   spin_rw_mutex_v2.obj
 0001:0001e010       ?destroy@task@tbb@@QEAAXAEAV12@@Z 000000018001f010 f   task_v2.obj
 0001:0001e180       __TBB_machine_fetchadd1    000000018001f180     atomic_support.obj
 0001:0001e188       __TBB_machine_fetchstore1  000000018001f188     atomic_support.obj
 0001:0001e190       __TBB_machine_cmpswp1      000000018001f190     atomic_support.obj
 0001:0001e198       __TBB_machine_fetchadd2    000000018001f198     atomic_support.obj
 0001:0001e1a8       __TBB_machine_fetchstore2  000000018001f1a8     atomic_support.obj
 0001:0001e1b0       __TBB_machine_cmpswp2      000000018001f1b0     atomic_support.obj
 0001:0001e1c0       __TBB_machine_pause        000000018001f1c0     atomic_support.obj
 0001:0001e1d0       __TBB_get_cpu_ctl_env      000000018001f1d0     intel64_misc.obj
 0001:0001e1d8       __TBB_set_cpu_ctl_env      000000018001f1d8     intel64_misc.obj
 0001:0001e1e0       __TBB_machine_try_lock_elided 000000018001f1e0     itsx.obj
 0001:0001e1f0       __TBB_machine_unlock_elided 000000018001f1f0     itsx.obj
 0001:0001e1f8       __TBB_machine_begin_transaction 000000018001f1f8     itsx.obj
 0001:0001e208       __TBB_machine_end_transaction 000000018001f208     itsx.obj
 0001:0001e210       __TBB_machine_transaction_conflict_abort 000000018001f210     itsx.obj
 0001:0001e218       __TBB_machine_is_in_transaction 000000018001f218     itsx.obj
 0001:0001e224       ??$_Immortalize_impl@V?$_ExceptionPtr_static@Vbad_alloc@std@@@?A0xc16bda6b@@@std@@YAHPEAX0PEAPEAX@Z 000000018001f224 f i libcpmt:excptptr.obj
 0001:0001e2a0       ??$_Immortalize_impl@V?$_ExceptionPtr_static@Vbad_exception@std@@@?A0xc16bda6b@@@std@@YAHPEAX0PEAPEAX@Z 000000018001f2a0 f i libcpmt:excptptr.obj
 0001:0001e31c       ??0bad_exception@std@@QEAA@AEBV01@@Z 000000018001f31c f i libcpmt:excptptr.obj
 0001:0001e368       ??0bad_exception@std@@QEAA@XZ 000000018001f368 f i libcpmt:excptptr.obj
 0001:0001e3a8       ??1?$shared_ptr@$$CBU_EXCEPTION_RECORD@@@std@@QEAA@XZ 000000018001f3a8 f i libcpmt:excptptr.obj
 0001:0001e3f8       ??1bad_exception@std@@UEAA@XZ 000000018001f3f8 f i libcpmt:excptptr.obj
 0001:0001e424       ??4?$shared_ptr@$$CBU_EXCEPTION_RECORD@@@std@@QEAAAEAV01@$$QEAV01@@Z 000000018001f424 f i libcpmt:excptptr.obj
 0001:0001e580       ??_G?$shared_ptr@$$CBU_EXCEPTION_RECORD@@@std@@QEAAPEAXI@Z 000000018001f580 f i libcpmt:excptptr.obj
 0001:0001e620       ??_Ebad_exception@std@@UEAAPEAXI@Z 000000018001f620 f i libcpmt:excptptr.obj
 0001:0001e620       ??_Gbad_exception@std@@UEAAPEAXI@Z 000000018001f620 f i libcpmt:excptptr.obj
 0001:0001e950       ?_CallMemberFunction0@@YAXQEAX0@Z 000000018001f950 f i libcpmt:excptptr.obj
 0001:0001e954       ?_CallMemberFunction1@@YAXQEAX00@Z 000000018001f954 f i libcpmt:excptptr.obj
 0001:0001e960       ?_CallMemberFunction2@@YAXQEAX00H@Z 000000018001f960 f i libcpmt:excptptr.obj
 0001:0001ebc8       ?__ExceptionPtrCopy@@YAXPEAXPEBX@Z 000000018001fbc8 f   libcpmt:excptptr.obj
 0001:0001ebf0       ?__ExceptionPtrCopyException@@YAXPEAXPEBX1@Z 000000018001fbf0 f   libcpmt:excptptr.obj
 0001:0001ec1c       ?__ExceptionPtrCreate@@YAXPEAX@Z 000000018001fc1c f   libcpmt:excptptr.obj
 0001:0001ec28       ?__ExceptionPtrCurrentException@@YAXPEAX@Z 000000018001fc28 f   libcpmt:excptptr.obj
 0001:0001ecb4       ?__ExceptionPtrDestroy@@YAXPEAX@Z 000000018001fcb4 f   libcpmt:excptptr.obj
 0001:0001ecbc       ?__ExceptionPtrRethrow@@YAXPEBX@Z 000000018001fcbc f   libcpmt:excptptr.obj
 0001:0001ee40       ?_Xlength_error@std@@YAXPEBD@Z 000000018001fe40 f   libcpmt:xthrow.obj
 0001:0001ee64       ??0bad_array_new_length@std@@QEAA@AEBV01@@Z 000000018001fe64 f i libcpmt:xonce.obj
 0001:0001eea0       ??0bad_array_new_length@std@@QEAA@XZ 000000018001fea0 f i libcpmt:xonce.obj
 0001:0001eec0       ?_Execute_once@std@@YAHAEAUonce_flag@1@P6AHPEAX1PEAPEAX@Z1@Z 000000018001fec0 f   libcpmt:xonce.obj
 0001:0001f280       __crtInitOnceExecuteOnce   0000000180020280 f   libcpmt:winapisupp.obj
 0001:0001f360       __security_check_cookie    0000000180020360 f   LIBCMT:amdsecgs.obj
 0001:0001f384       ??_V@YAXPEAX@Z             0000000180020384 f   LIBCMT:delete_array.obj
 0001:0001f384       ??3@YAXPEAX_K@Z            0000000180020384 f   LIBCMT:delete_scalar_size.obj
 0001:0001f38c       ??_Gtype_info@@UEAAPEAXI@Z 000000018002038c f i LIBCMT:std_type_info_static.obj
 0001:0001f38c       ??_Etype_info@@UEAAPEAXI@Z 000000018002038c f i LIBCMT:std_type_info_static.obj
 0001:0001f3b8       __raise_securityfailure    00000001800203b8 f   LIBCMT:gs_report.obj
 0001:0001f3ec       __report_gsfailure         00000001800203ec f   LIBCMT:gs_report.obj
 0001:0001f4c0       __report_rangecheckfailure 00000001800204c0 f   LIBCMT:gs_report.obj
 0001:0001f4d4       __report_securityfailure   00000001800204d4 f   LIBCMT:gs_report.obj
 0001:0001f654       ??2@YAPEAX_K@Z             0000000180020654 f   LIBCMT:new_scalar.obj
 0001:0001f690       ?__scrt_initialize_type_info@@YAXXZ 0000000180020690 f   LIBCMT:tncleanup.obj
 0001:0001f6a0       ?__scrt_uninitialize_type_info@@YAXXZ 00000001800206a0 f   LIBCMT:tncleanup.obj
 0001:0001f7a4       _Init_thread_abort         00000001800207a4 f   LIBCMT:thread_safe_statics.obj
 0001:0001f7d4       _Init_thread_footer        00000001800207d4 f   LIBCMT:thread_safe_statics.obj
 0001:0001f834       _Init_thread_header        0000000180020834 f   LIBCMT:thread_safe_statics.obj
 0001:0001f89c       _Init_thread_notify        000000018002089c f   LIBCMT:thread_safe_statics.obj
 0001:0001f8e0       _Init_thread_wait          00000001800208e0 f   LIBCMT:thread_safe_statics.obj
 0001:0001f944       ??_V@YAXPEAX_K@Z           0000000180020944 f   LIBCMT:delete_array_size.obj
 0001:0001f94c       ??_M@YAXPEAX_K1P6AX0@Z@Z   000000018002094c f   LIBCMT:ehvecdtr.obj
 0001:0001f9b8       ?__ArrayUnwind@@YAXPEAX_K1P6AX0@Z@Z 00000001800209b8 f   LIBCMT:ehvecdtr.obj
 0001:0001fa1c       ??_U@YAPEAX_K@Z            0000000180020a1c f   LIBCMT:new_array.obj
 0001:0001fa24       ??_L@YAXPEAX_K1P6AX0@Z2@Z  0000000180020a24 f   LIBCMT:ehvecctr.obj
 0001:0001fa94       __scrt_acquire_startup_lock 0000000180020a94 f   LIBCMT:utility.obj
 0001:0001fad0       __scrt_dllmain_after_initialize_c 0000000180020ad0 f   LIBCMT:utility.obj
 0001:0001fb04       __scrt_dllmain_before_initialize_c 0000000180020b04 f   LIBCMT:utility.obj
 0001:0001fb1c       __scrt_dllmain_crt_thread_attach 0000000180020b1c f   LIBCMT:utility.obj
 0001:0001fb44       __scrt_dllmain_crt_thread_detach 0000000180020b44 f   LIBCMT:utility.obj
[...]
 0004:00003cb4       $pdata$??_G?$custom_scheduler@UIntelSchedulerTraits@internal@tbb@@@internal@tbb@@UEAAPEAXI@Z 0000000180065cb4     scheduler.obj
 0004:00003cb4       $pdata$??_Ggeneric_scheduler@internal@tbb@@UEAAPEAXI@Z 0000000180065cb4     scheduler.obj
 0004:00003cc0       $pdata$?wait_for_all@?$custom_scheduler@UDefaultSchedulerTraits@internal@tbb@@@internal@tbb@@EEAAXAEAVtask@3@PEAV43@@Z 0000000180065cc0     scheduler.obj
 0004:00003ccc       $pdata$?allocate_scheduler@?$custom_scheduler@UDefaultSchedulerTraits@internal@tbb@@@internal@tbb@@SAPEAVgeneric_scheduler@23@AEAVmarket@23@_N@Z 0000000180065ccc     scheduler.obj
 0004:00003cd8       $pdata$?wait_for_all@?$custom_scheduler@UIntelSchedulerTraits@internal@tbb@@@internal@tbb@@EEAAXAEAVtask@3@PEAV43@@Z 0000000180065cd8     scheduler.obj
 0004:00003ce4       $pdata$?allocate_scheduler@?$custom_scheduler@UIntelSchedulerTraits@internal@tbb@@@internal@tbb@@SAPEAVgeneric_scheduler@23@AEAVmarket@23@_N@Z 0000000180065ce4     scheduler.obj
 0004:00003cf0       $pdata$??1?$fast_reverse_vector@PEAVtask@tbb@@$0BA@@internal@tbb@@QEAA@XZ 0000000180065cf0     scheduler.obj
 0004:00003cfc       $pdata$?get_mailbox_task@generic_scheduler@internal@tbb@@QEAAPEAVtask@3@_J@Z 0000000180065cfc     scheduler.obj
 0004:00003d08       $pdata$?steal_task_from@generic_scheduler@internal@tbb@@QEAAPEAVtask@3@AEAUarena_slot@23@_J@Z 0000000180065d08     scheduler.obj
 0004:00003d14       $pdata$1$?steal_task_from@generic_scheduler@internal@tbb@@QEAAPEAVtask@3@AEAUarena_slot@23@_J@Z 0000000180065d14     scheduler.obj
 0004:00003d20       $pdata$2$?steal_task_from@generic_scheduler@internal@tbb@@QEAAPEAVtask@3@AEAUarena_slot@23@_J@Z 0000000180065d20     scheduler.obj
 0004:00003d2c       $pdata$3$?steal_task_from@generic_scheduler@internal@tbb@@QEAAPEAVtask@3@AEAUarena_slot@23@_J@Z 0000000180065d2c     scheduler.obj
 0004:00003d38       $pdata$?steal_task@generic_scheduler@internal@tbb@@QEAAPEAVtask@3@_J@Z 0000000180065d38     scheduler.obj
 0004:00003d44       $pdata$?get_task@generic_scheduler@internal@tbb@@QEAAPEAVtask@3@_J@Z 0000000180065d44     scheduler.obj
 0004:00003d50       $pdata$?reload_tasks@generic_scheduler@internal@tbb@@QEAAPEAVtask@3@_J@Z 0000000180065d50     scheduler.obj
 0004:00003d5c       $pdata$2$?reload_tasks@generic_scheduler@internal@tbb@@QEAAPEAVtask@3@_J@Z 0000000180065d5c     scheduler.obj
 0004:00003d68       $pdata$3$?reload_tasks@generic_scheduler@internal@tbb@@QEAAPEAVtask@3@_J@Z 0000000180065d68     scheduler.obj
 0004:00003d74       $pdata$?reload_tasks@generic_scheduler@internal@tbb@@QEAAPEAVtask@3@AEAPEAV43@AEAPEAPEAV43@_J2@Z 0000000180065d74     scheduler.obj
 0004:00003d80       $pdata$?winnow_task_pool@generic_scheduler@internal@tbb@@QEAAPEAVtask@3@_J@Z 0000000180065d80     scheduler.obj
 0004:00003d8c       $pdata$?get_task_and_activate_task_pool@generic_scheduler@internal@tbb@@QEAAPEAVtask@3@_K0_J@Z 0000000180065d8c     scheduler.obj
 0004:00003d98       $pdata$1$?get_task_and_activate_task_pool@generic_scheduler@internal@tbb@@QEAAPEAVtask@3@_K0_J@Z 0000000180065d98     scheduler.obj
 0004:00003da4       $pdata$5$?get_task_and_activate_task_pool@generic_scheduler@internal@tbb@@QEAAPEAVtask@3@_K0_J@Z 0000000180065da4     scheduler.obj
 0004:00003db0       $pdata$6$?get_task_and_activate_task_pool@generic_scheduler@internal@tbb@@QEAAPEAVtask@3@_K0_J@Z 0000000180065db0     scheduler.obj
 0004:00003dbc       $pdata$7$?get_task_and_activate_task_pool@generic_scheduler@internal@tbb@@QEAAPEAVtask@3@_K0_J@Z 0000000180065dbc     scheduler.obj
 0004:00003dc8       $pdata$?enqueue@generic_scheduler@internal@tbb@@UEAAXAEAVtask@3@PEAX@Z 0000000180065dc8     scheduler.obj
 0004:00003dd4       $pdata$?spawn_root_and_wait@generic_scheduler@internal@tbb@@UEAAXAEAVtask@3@AEAPEAV43@@Z 0000000180065dd4     scheduler.obj
 0004:00003de0       $pdata$?spawn@generic_scheduler@internal@tbb@@UEAAXAEAVtask@3@AEAPEAV43@@Z 0000000180065de0     scheduler.obj
 0004:00003dec       $pdata$?prepare_for_spawning@generic_scheduler@internal@tbb@@QEAAPEAVtask@3@PEAV43@@Z 0000000180065dec     scheduler.obj
 0004:00003df8       $pdata$?acquire_task_pool@generic_scheduler@internal@tbb@@QEBAXXZ 0000000180065df8     scheduler.obj
 0004:00003e04       $pdata$2$?acquire_task_pool@generic_scheduler@internal@tbb@@QEBAXXZ 0000000180065e04     scheduler.obj
 0004:00003e10       $pdata$3$?acquire_task_pool@generic_scheduler@internal@tbb@@QEBAXXZ 0000000180065e10     scheduler.obj
 0004:00003e1c       $pdata$?prepare_task_pool@generic_scheduler@internal@tbb@@QEAA_K_K@Z 0000000180065e1c     scheduler.obj
 0004:00003e28       $pdata$0$?prepare_task_pool@generic_scheduler@internal@tbb@@QEAA_K_K@Z 0000000180065e28     scheduler.obj
 0004:00003e34       $pdata$3$?prepare_task_pool@generic_scheduler@internal@tbb@@QEAA_K_K@Z 0000000180065e34     scheduler.obj
 0004:00003e40       $pdata$5$?prepare_task_pool@generic_scheduler@internal@tbb@@QEAA_K_K@Z 0000000180065e40     scheduler.obj
 0004:00003e4c       $pdata$6$?prepare_task_pool@generic_scheduler@internal@tbb@@QEAA_K_K@Z 0000000180065e4c     scheduler.obj
 0004:00003e58       $pdata$7$?prepare_task_pool@generic_scheduler@internal@tbb@@QEAA_K_K@Z 0000000180065e58     scheduler.obj
 0004:00003e64       $pdata$8$?prepare_task_pool@generic_scheduler@internal@tbb@@QEAA_K_K@Z 0000000180065e64     scheduler.obj
 0004:00003e70       $pdata$9$?prepare_task_pool@generic_scheduler@internal@tbb@@QEAA_K_K@Z 0000000180065e70     scheduler.obj
 0004:00003e7c       $pdata$?cleanup_scheduler@generic_scheduler@internal@tbb@@QEAAXXZ 0000000180065e7c     scheduler.obj
 0004:00003e88       $pdata$0$?cleanup_scheduler@generic_scheduler@internal@tbb@@QEAAXXZ 0000000180065e88     scheduler.obj
 0004:00003e94       $pdata$3$?cleanup_scheduler@generic_scheduler@internal@tbb@@QEAAXXZ 0000000180065e94     scheduler.obj
 0004:00003ea0       $pdata$4$?cleanup_scheduler@generic_scheduler@internal@tbb@@QEAAXXZ 0000000180065ea0     scheduler.obj
 0004:00003eac       $pdata$5$?cleanup_scheduler@generic_scheduler@internal@tbb@@QEAAXXZ 0000000180065eac     scheduler.obj
 0004:00003eb8       $pdata$6$?cleanup_scheduler@generic_scheduler@internal@tbb@@QEAAXXZ 0000000180065eb8     scheduler.obj
 0004:00003ec4       $pdata$??0generic_scheduler@internal@tbb@@IEAA@AEAVmarket@12@_N@Z 0000000180065ec4     scheduler.obj
 0004:00003ed0       $pdata$??__Ethe_dummy_context@internal@tbb@@YAXXZ 0000000180065ed0     scheduler.obj
 0004:00003edc       $pdata$?cleanup_master@generic_scheduler@internal@tbb@@QEAA_N_N@Z 0000000180065edc     scheduler.obj
 0004:00003ee8       $pdata$?create_master@generic_scheduler@internal@tbb@@SAPEAV123@PEAVarena@23@@Z 0000000180065ee8     scheduler.obj
 0004:00003ef4       $pdata$?allocate_task@generic_scheduler@internal@tbb@@QEAAAEAVtask@3@_KPEAV43@PEAVtask_group_context@3@@Z 0000000180065ef4     scheduler.obj
 0004:00003f00       $pdata$?local_spawn@generic_scheduler@internal@tbb@@QEAAXPEAVtask@3@AEAPEAV43@@Z 0000000180065f00     scheduler.obj
 0004:00003f0c       $pdata$?remove_ref@observer_list@internal@tbb@@QEAAXPEAVobserver_proxy@23@@Z 0000000180065f0c     observer_proxy.obj
 0004:00003f18       $pdata$?insert@observer_list@internal@tbb@@QEAAXPEAVobserver_proxy@23@@Z 0000000180065f18     observer_proxy.obj
 0004:00003f24       $pdata$?observe@task_scheduler_observer_v3@internal@tbb@@QEAAX_N@Z 0000000180065f24     observer_proxy.obj
 0004:00003f30       $pdata$0$?observe@task_scheduler_observer_v3@internal@tbb@@QEAAX_N@Z 0000000180065f30     observer_proxy.obj
 0004:00003f3c       $pdata$1$?observe@task_scheduler_observer_v3@internal@tbb@@QEAAX_N@Z 0000000180065f3c     observer_proxy.obj
 0004:00003f48       $pdata$?internal_destroy@global_control@interface9@tbb@@AEAAXXZ 0000000180065f48     tbb_main.obj
 0004:00003f54       $pdata$?internal_create@global_control@interface9@tbb@@AEAAXXZ 0000000180065f54     tbb_main.obj
 0004:00003f60       $pdata$?active_value@allowed_parallelism_control@internal@tbb@@EEBA_KXZ 0000000180065f60     tbb_main.obj
 0004:00003f6c       $pdata$1$?active_value@allowed_parallelism_control@internal@tbb@@EEBA_KXZ 0000000180065f6c     tbb_main.obj
 0004:00003f78       $pdata$2$?active_value@allowed_parallelism_control@internal@tbb@@EEBA_KXZ 0000000180065f78     tbb_main.obj
 0004:00003f84       $pdata$?default_value@allowed_parallelism_control@internal@tbb@@EEBA_KXZ 0000000180065f84     tbb_main.obj
 0004:00003f90       $pdata$?itt_region_end_v9@internal@tbb@@YAXW4itt_domain_enum@12@PEAX_K@Z 0000000180065f90     tbb_main.obj
 0004:00003f9c       $pdata$?itt_region_begin_v9@internal@tbb@@YAXW4itt_domain_enum@12@PEAX_K12W4string_index@12@@Z 0000000180065f9c     tbb_main.obj
 0004:00003fa8       $pdata$?itt_relation_add_v7@internal@tbb@@YAXW4itt_domain_enum@12@PEAX_KW4itt_relation@12@12@Z 0000000180065fa8     tbb_main.obj
 0004:00003fb4       $pdata$?itt_metadata_ptr_add_v11@internal@tbb@@YAXW4itt_domain_enum@12@PEAX_KW4string_index@12@1@Z 0000000180065fb4     tbb_main.obj
 0004:00003fc0       $pdata$?itt_metadata_str_add_v7@internal@tbb@@YAXW4itt_domain_enum@12@PEAX_KW4string_index@12@PEBD@Z 0000000180065fc0     tbb_main.obj
 0004:00003fcc       $pdata$?itt_load_pointer_with_acquire_v3@internal@tbb@@YAPEAXPEBX@Z 0000000180065fcc     tbb_main.obj
 0004:00003fd8       $pdata$?itt_store_pointer_with_release_v3@internal@tbb@@YAXPEAX0@Z 0000000180065fd8     tbb_main.obj
 0004:00003fe4       $pdata$DllMain             0000000180065fe4     tbb_main.obj
 0004:00003ff0       $pdata$?ITT_DoUnsafeOneTimeInitialization@internal@tbb@@YAXXZ 0000000180065ff0     tbb_main.obj
 0004:00003ffc       $pdata$1$?ITT_DoUnsafeOneTimeInitialization@internal@tbb@@YAXXZ 0000000180065ffc     tbb_main.obj
 0004:00004008       $pdata$2$?ITT_DoUnsafeOneTimeInitialization@internal@tbb@@YAXXZ 0000000180066008     tbb_main.obj
 0004:00004014       $pdata$?terminate_auto_initialized_scheduler@governor@internal@tbb@@SAXXZ 0000000180066014     tbb_main.obj
 0004:00004020       $pdata$?itt_task_end_v7@internal@tbb@@YAXW4itt_domain_enum@12@@Z 0000000180066020     tbb_main.obj
 0004:0000402c       $pdata$?itt_task_begin_v7@internal@tbb@@YAXW4itt_domain_enum@12@PEAX_K12W4string_index@12@@Z 000000018006602c     tbb_main.obj
 0004:00004038       $pdata$?remove_ref@__TBB_InitOnce@internal@tbb@@SAXXZ 0000000180066038     tbb_main.obj
 0004:00004044       $pdata$1$?remove_ref@__TBB_InitOnce@internal@tbb@@SAXXZ 0000000180066044     tbb_main.obj
 0004:00004050       $pdata$2$?remove_ref@__TBB_InitOnce@internal@tbb@@SAXXZ 0000000180066050     tbb_main.obj
 0004:0000405c       $pdata$3$?remove_ref@__TBB_InitOnce@internal@tbb@@SAXXZ 000000018006605c     tbb_main.obj
 0004:00004068       $pdata$4$?remove_ref@__TBB_InitOnce@internal@tbb@@SAXXZ 0000000180066068     tbb_main.obj
 0004:00004074       $pdata$?add_ref@__TBB_InitOnce@internal@tbb@@SAXXZ 0000000180066074     tbb_main.obj
 0004:00004080       $pdata$0$?add_ref@__TBB_InitOnce@internal@tbb@@SAXXZ 0000000180066080     tbb_main.obj
 0004:0000408c       $pdata$1$?add_ref@__TBB_InitOnce@internal@tbb@@SAXXZ 000000018006608c     tbb_main.obj
 0004:00004098       $pdata$?DoOneTimeInitializations@internal@tbb@@YAXXZ 0000000180066098     tbb_main.obj
 0004:000040a4       $pdata$?itt_make_task_group_v7@internal@tbb@@YAXW4itt_domain_enum@12@PEAX_K12W4string_index@12@@Z 00000001800660a4     tbb_main.obj
 0004:000040b0       $pdata$?active_value@global_control@interface9@tbb@@CA_KH@Z 00000001800660b0     tbb_main.obj
 0004:000040bc       $pdata$ITT_DoOneTimeInitialization 00000001800660bc     tbb_main.obj
 0004:000040c8       $pdata$1$ITT_DoOneTimeInitialization 00000001800660c8     tbb_main.obj
 0004:000040d4       $pdata$2$ITT_DoOneTimeInitialization 00000001800660d4     tbb_main.obj
 0004:000040e0       $pdata$?internal_clear@concurrent_vector_base@internal@tbb@@IEAAXP6AXPEAX_K@Z_N@Z 00000001800660e0     concurrent_vector_v2.obj
 0004:000040ec       $pdata$0$?internal_clear@concurrent_vector_base@internal@tbb@@IEAAXP6AXPEAX_K@Z_N@Z 00000001800660ec     concurrent_vector_v2.obj
 0004:000040f8       $pdata$1$?internal_clear@concurrent_vector_base@internal@tbb@@IEAAXP6AXPEAX_K@Z_N@Z 00000001800660f8     concurrent_vector_v2.obj
 0004:00004104       $pdata$2$?internal_clear@concurrent_vector_base@internal@tbb@@IEAAXP6AXPEAX_K@Z_N@Z 0000000180066104     concurrent_vector_v2.obj
 0004:00004110       $pdata$3$?internal_clear@concurrent_vector_base@internal@tbb@@IEAAXP6AXPEAX_K@Z_N@Z 0000000180066110     concurrent_vector_v2.obj
 0004:0000411c       $pdata$?internal_grow@concurrent_vector_base@internal@tbb@@IEAAX_K00P6AXPEAX0@Z@Z 000000018006611c     concurrent_vector_v2.obj
 0004:00004128       $pdata$?internal_grow_by@concurrent_vector_base@internal@tbb@@IEAA_K_K0P6AXPEAX0@Z@Z 0000000180066128     concurrent_vector_v2.obj
 0004:00004134       $pdata$?internal_push_back@concurrent_vector_base@internal@tbb@@IEAAPEAX_KAEA_K@Z 0000000180066134     concurrent_vector_v2.obj
 0004:00004140       $pdata$?internal_assign@concurrent_vector_base@internal@tbb@@IEAAXAEBV123@_KP6AXPEAX1@ZP6AX2PEBX1@Z5@Z 0000000180066140     concurrent_vector_v2.obj
 0004:0000414c       $pdata$1$?internal_assign@concurrent_vector_base@internal@tbb@@IEAAXAEBV123@_KP6AXPEAX1@ZP6AX2PEBX1@Z5@Z 000000018006614c     concurrent_vector_v2.obj
 0004:00004158       $pdata$2$?internal_assign@concurrent_vector_base@internal@tbb@@IEAAXAEBV123@_KP6AXPEAX1@ZP6AX2PEBX1@Z5@Z 0000000180066158     concurrent_vector_v2.obj
 0004:00004164       $pdata$?internal_copy@concurrent_vector_base@internal@tbb@@IEAAXAEBV123@_KP6AXPEAXPEBX1@Z@Z 0000000180066164     concurrent_vector_v2.obj
 0004:00004170       $pdata$1$?internal_copy@concurrent_vector_base@internal@tbb@@IEAAXAEBV123@_KP6AXPEAXPEBX1@Z@Z 0000000180066170     concurrent_vector_v2.obj
 0004:0000417c       $pdata$4$?internal_copy@concurrent_vector_base@internal@tbb@@IEAAXAEBV123@_KP6AXPEAXPEBX1@Z@Z 000000018006617c     concurrent_vector_v2.obj
 0004:00004188       $pdata$5$?internal_copy@concurrent_vector_base@internal@tbb@@IEAAXAEBV123@_KP6AXPEAXPEBX1@Z@Z 0000000180066188     concurrent_vector_v2.obj
 0004:00004194       $pdata$6$?internal_copy@concurrent_vector_base@internal@tbb@@IEAAXAEBV123@_KP6AXPEAXPEBX1@Z@Z 0000000180066194     concurrent_vector_v2.obj
 0004:000041a0       $pdata$?internal_reserve@concurrent_vector_base@internal@tbb@@IEAAX_K00@Z 00000001800661a0     concurrent_vector_v2.obj
 0004:000041ac       $pdata$2$?internal_reserve@concurrent_vector_base@internal@tbb@@IEAAX_K00@Z 00000001800661ac     concurrent_vector_v2.obj
 0004:000041b8       $pdata$4$?internal_reserve@concurrent_vector_base@internal@tbb@@IEAAX_K00@Z 00000001800661b8     concurrent_vector_v2.obj
 0004:000041c4       $pdata$5$?internal_reserve@concurrent_vector_base@internal@tbb@@IEAAX_K00@Z 00000001800661c4     concurrent_vector_v2.obj
 0004:000041d0       $pdata$6$?internal_reserve@concurrent_vector_base@internal@tbb@@IEAAX_K00@Z 00000001800661d0     concurrent_vector_v2.obj
 0004:000041dc       $pdata$?extend_segment_if_necessary@helper@concurrent_vector_base@internal@tbb@@SAXAEAV234@_K@Z 00000001800661dc     concurrent_vector_v2.obj
 0004:000041e8       $pdata$0$?extend_segment_if_necessary@helper@concurrent_vector_base@internal@tbb@@SAXAEAV234@_K@Z 00000001800661e8     concurrent_vector_v2.obj
 0004:000041f4       $pdata$2$?extend_segment_if_necessary@helper@concurrent_vector_base@internal@tbb@@SAXAEAV234@_K@Z 00000001800661f4     concurrent_vector_v2.obj
 0004:00004200       $pdata$3$?extend_segment_if_necessary@helper@concurrent_vector_base@internal@tbb@@SAXAEAV234@_K@Z 0000000180066200     concurrent_vector_v2.obj
 0004:0000420c       $pdata$4$?extend_segment_if_necessary@helper@concurrent_vector_base@internal@tbb@@SAXAEAV234@_K@Z 000000018006620c     concurrent_vector_v2.obj
 0004:00004218       $pdata$5$?extend_segment_if_necessary@helper@concurrent_vector_base@internal@tbb@@SAXAEAV234@_K@Z 0000000180066218     concurrent_vector_v2.obj
 0004:00004224       $pdata$?internal_grow_to_at_least@concurrent_vector_base@internal@tbb@@IEAAX_K0P6AXPEAX0@Z@Z 0000000180066224     concurrent_vector_v2.obj
 0004:00004230       $pdata$??1concurrent_queue_iterator_base@internal@tbb@@IEAA@XZ 0000000180066230     concurrent_queue_v2.obj
 0004:0000423c       $pdata$?assign@concurrent_queue_iterator_base@internal@tbb@@IEAAXAEBV123@@Z 000000018006623c     concurrent_queue_v2.obj
 0004:00004248       $pdata$??0concurrent_queue_iterator_base@internal@tbb@@IEAA@AEBVconcurrent_queue_base@12@@Z 0000000180066248     concurrent_queue_v2.obj
 0004:00004254       $pdata$?internal_push_if_not_full@concurrent_queue_base@internal@tbb@@IEAA_NPEBX@Z 0000000180066254     concurrent_queue_v2.obj
 0004:00004260       $pdata$?internal_pop_if_present@concurrent_queue_base@internal@tbb@@IEAA_NPEAX@Z 0000000180066260     concurrent_queue_v2.obj
 0004:0000426c       $pdata$?internal_pop@concurrent_queue_base@internal@tbb@@IEAAXPEAX@Z 000000018006626c     concurrent_queue_v2.obj
 0004:00004278       $pdata$?internal_push@concurrent_queue_base@internal@tbb@@IEAAXPEBX@Z 0000000180066278     concurrent_queue_v2.obj
 0004:00004284       $pdata$??1concurrent_queue_base@internal@tbb@@MEAA@XZ 0000000180066284     concurrent_queue_v2.obj
 0004:00004290       $pdata$??_Gconcurrent_queue_base@internal@tbb@@MEAAPEAXI@Z 0000000180066290     concurrent_queue_v2.obj
 0004:0000429c       $pdata$??0concurrent_queue_base@internal@tbb@@IEAA@_K@Z 000000018006629c     concurrent_queue_v2.obj
 0004:000042a8       $pdata$?pop@micro_queue@internal@tbb@@QEAA_NPEAX_KAEAVconcurrent_queue_base@23@@Z 00000001800662a8     concurrent_queue_v2.obj
 0004:000042b4       $pdata$?push@micro_queue@internal@tbb@@QEAAXPEBX_KAEAVconcurrent_queue_base@23@@Z 00000001800662b4     concurrent_queue_v2.obj
 0004:000042c0       $pdata$??1pop_finalizer@micro_queue@internal@tbb@@QEAA@XZ 00000001800662c0     concurrent_queue_v2.obj
 0004:000042cc       $pdata$0$??1pop_finalizer@micro_queue@internal@tbb@@QEAA@XZ 00000001800662cc     concurrent_queue_v2.obj
 0004:000042d8       $pdata$3$??1pop_finalizer@micro_queue@internal@tbb@@QEAA@XZ 00000001800662d8     concurrent_queue_v2.obj
 0004:000042e4       $pdata$4$??1pop_finalizer@micro_queue@internal@tbb@@QEAA@XZ 00000001800662e4     concurrent_queue_v2.obj
 0004:000042f0       $pdata$5$??1pop_finalizer@micro_queue@internal@tbb@@QEAA@XZ 00000001800662f0     concurrent_queue_v2.obj
 0004:000042fc       $pdata$6$??1pop_finalizer@micro_queue@internal@tbb@@QEAA@XZ 00000001800662fc     concurrent_queue_v2.obj
 0004:00004308       $pdata$?internal_try_acquire_reader@spin_rw_mutex@tbb@@CA_NPEAV12@@Z 0000000180066308     spin_rw_mutex_v2.obj
 0004:00004314       $pdata$?internal_downgrade@spin_rw_mutex@tbb@@CAXPEAV12@@Z 0000000180066314     spin_rw_mutex_v2.obj
 0004:00004320       $pdata$?internal_upgrade@spin_rw_mutex@tbb@@CA_NPEAV12@@Z 0000000180066320     spin_rw_mutex_v2.obj
 0004:0000432c       $pdata$?internal_acquire_reader@spin_rw_mutex@tbb@@CAXPEAV12@@Z 000000018006632c     spin_rw_mutex_v2.obj
 0004:00004338       $pdata$?internal_release_writer@spin_rw_mutex@tbb@@CAXPEAV12@@Z 0000000180066338     spin_rw_mutex_v2.obj
 0004:00004344       $pdata$?destroy@task@tbb@@QEAAXAEAV12@@Z 0000000180066344     task_v2.obj
 0004:00004350       $pdata$0$?destroy@task@tbb@@QEAAXAEAV12@@Z 0000000180066350     task_v2.obj
 0004:0000435c       $pdata$1$?destroy@task@tbb@@QEAAXAEAV12@@Z 000000018006635c     task_v2.obj
 0004:00004368       $pdata$__GSHandlerCheck_EH4 0000000180066368     LIBCMT:gshandlereh4.obj
 0005:00000000       MoveSmall                  0000000180067000     libvcruntime:memcpy.obj
 0005:00000050       MsetTab                    0000000180067050     libvcruntime:memset.obj
 0006:000000a0       $R000000                   00000001800680a0     tbb_resource.res
 0006:00000480       $R0003E0                   0000000180068480     tbb_resource.res
