 tbb

 Timestamp is 5f1fe80f (Tue Jul 28 11:55:43 2020)

 Preferred load address is 0000000180000000

 Start         Length     Name                   Class
 0001:00000000 00000040H .text$di                CODE
 0001:00000040 0003ce40H .text$mn                CODE
 0001:0003ce80 00000040H .text$mn$00             CODE
 0001:0003cec0 00001a80H .text$x                 CODE
 0001:0003e940 0000000cH .text$yd                CODE
 0002:00000000 00000320H .idata$5                DATA
 0002:00000320 00000028H .00cfg                  DATA
 0002:00000348 00000008H .CRT$XCA                DATA
 0002:00000350 00000010H .CRT$XCU                DATA
 0002:00000360 00000008H .CRT$XCZ                DATA
 0002:00000368 00000008H .CRT$XIA                DATA
 0002:00000370 00000028H .CRT$XIC                DATA
 0002:00000398 00000008H .CRT$XIZ                DATA
 0002:000003a0 00000008H .CRT$XLA                DATA
 0002:000003a8 00000008H .CRT$XLZ                DATA
 0002:000003b0 00000008H .CRT$XPA                DATA
 0002:000003b8 00000010H .CRT$XPX                DATA
 0002:000003c8 00000008H .CRT$XPXA               DATA
 0002:000003d0 00000008H .CRT$XPZ                DATA
 0002:000003d8 00000008H .CRT$XTA                DATA
 0002:000003e0 00000010H .CRT$XTZ                DATA
 0002:000003e8 00000000H .gfids$y                DATA
 0002:000003f0 0000d970H .rdata                  DATA
 0002:0000dd60 00000030H .rdata$T                DATA
 0002:0000dd90 000023acH .rdata$r                DATA
 0002:0001013c 000003d4H .rdata$zzzdbg           DATA
 0002:00010510 00000008H .rtc$IAA                DATA
 0002:00010518 00000008H .rtc$IZZ                DATA
 0002:00010520 00000008H .rtc$TAA                DATA
 0002:00010528 00000008H .rtc$TZZ                DATA
 0002:00010530 00000004H .tls                    DATA
 0002:00010534 00000004H .tls$                   DATA
 0002:00010538 00000008H .tls$ZZZ                DATA
 0002:00010540 000044a8H .xdata                  DATA
 0002:000149e8 00000718H .xdata$x                DATA
 0002:00015100 00004264H .edata                  DATA
 0002:00019364 00000014H .idata$2                DATA
 0002:00019378 00000018H .idata$3                DATA
 0002:00019390 00000320H .idata$4                DATA
 0002:000196b0 0000076cH .idata$6                DATA
 0003:00000000 00003120H .data                   DATA
 0003:00003120 00000e70H .data$r                 DATA
 0003:00003f90 00002d04H .bss                    DATA
 0004:00000000 000042ccH .pdata                  DATA
 0005:00000000 00000094H _RDATA                  DATA
 0006:00000000 000000a0H .rsrc$01                DATA
 0006:000000a0 00000560H .rsrc$02                DATA

  Address         Publics by Value              Rva+Base               Lib:Object

 0000:00000000       __guard_longjmp_count      0000000000000000     <absolute>
 0000:00000000       __arm64x_redirection_metadata 0000000000000000     <absolute>
 0000:00000000       __guard_iat_table          0000000000000000     <absolute>
 0000:00000000       __volatile_metadata        0000000000000000     <absolute>
 0000:00000000       __arm64x_native_entrypoint 0000000000000000     <absolute>
 0000:00000000       __guard_fids_count         0000000000000000     <absolute>
 0000:00000000       __hybrid_code_map_count    0000000000000000     <absolute>
 0000:00000000       __x64_code_ranges_to_entry_points 0000000000000000     <absolute>
 0000:00000000       __guard_longjmp_table      0000000000000000     <absolute>
 0000:00000000       __guard_eh_cont_table      0000000000000000     <absolute>
 0000:00000000       __guard_eh_cont_count      0000000000000000     <absolute>
 0000:00000000       __enclave_config           0000000000000000     <absolute>
 0000:00000000       __AbsoluteZero             0000000000000000     <absolute>
 0000:00000000       __guard_fids_table         0000000000000000     <absolute>
 0000:00000000       __hybrid_code_map          0000000000000000     <absolute>
 0000:00000000       __hybrid_auxiliary_iat     0000000000000000     <absolute>
 0000:00000000       __guard_iat_count          0000000000000000     <absolute>
 0000:00000000       __dynamic_value_reloc_table 0000000000000000     <absolute>
 0000:00000100       __guard_flags              0000000000000100     <absolute>
 0000:00000000       __ImageBase                0000000180000000     <linker-defined>
 0001:00000040       ?internal_grow_predicate@hash_map_segment_base@internal@tbb@@QEBA_NXZ 0000000180001040 f   concurrent_hash_map.obj
 0001:00000070       ?on_scheduler_entry@task_scheduler_observer_v3@internal@tbb@@UEAAX_N@Z 0000000180001070 f i arena.obj
 0001:00000070       ?note_affinity@task@tbb@@UEAAXG@Z 0000000180001070 f i task.obj
 0001:00000070       ?independent_thread_number_changed@private_server@rml@internal@tbb@@UEAAXH@Z 0000000180001070 f i private_server.obj
 0001:00000070       ?register_master@private_server@rml@internal@tbb@@UEAAXAEAPEAX@Z 0000000180001070 f i private_server.obj
 0001:00000070       ?on_scheduler_exit@task_scheduler_observer_v3@internal@tbb@@UEAAX_N@Z 0000000180001070 f i arena.obj
 0001:00000070       ?internal_destroy@reader_writer_lock@interface5@tbb@@AEAAXXZ 0000000180001070 f i reader_writer_lock.obj
 0001:00000070       ?finalize@filter@tbb@@UEAAXPEAX@Z 0000000180001070 f i pipeline.obj
 0001:00000070       ?unregister_master@private_server@rml@internal@tbb@@UEAAXPEAX@Z 0000000180001070 f i private_server.obj
 0001:00000070       ?inject_token@pipeline@tbb@@AEAAXAEAVtask@2@@Z 0000000180001070 f i pipeline.obj
 0001:00000070       _guard_check_icall_nop     0000000180001070 f i LIBCMT:guard_support.obj
 0001:00000070       ?__empty_global_delete@@YAXPEAX_K@Z 0000000180001070 f i concurrent_hash_map.obj
 0001:00000070       ?__global_delete@@YAXPEAX_K@Z 0000000180001070 f i * CIL library *:* CIL module *
 0001:00000070       ?apply_active@stack_size_control@internal@tbb@@EEBAXXZ 0000000180001070 f i tbb_main.obj
 0001:00000070       ?destroy_condvar_noop@internal@tbb@@YAXPEAU_RTL_CONDITION_VARIABLE@@@Z 0000000180001070 f i condition_variable.obj
 0001:00000080       ??1scoped_lock@spin_mutex@tbb@@QEAA@XZ 0000000180001080 f i concurrent_queue.obj
 0001:00000090       ??1binary_semaphore@internal@tbb@@QEAA@XZ 0000000180001090 f i concurrent_queue.obj
 0001:000000a0       ??1thread_context@concurrent_monitor@internal@tbb@@QEAA@XZ 00000001800010a0 f i concurrent_queue.obj
 0001:000000e0       ?commit_wait@concurrent_monitor@internal@tbb@@QEAA_NAEAVthread_context@123@@Z 00000001800010e0 f i concurrent_queue.obj
 0001:000001f0       ?abort_all@concurrent_monitor@internal@tbb@@QEAAXXZ 00000001800011f0 f i concurrent_queue.obj
 0001:00000320       ??1micro_queue_pop_finalizer@internal@tbb@@QEAA@XZ 0000000180001320 f i concurrent_queue.obj
 0001:000003f0       ?choose@concurrent_queue_rep@internal@tbb@@QEAAAEAUmicro_queue@23@_K@Z 00000001800013f0 f i concurrent_queue.obj
 0001:00000410       ?push@micro_queue@internal@tbb@@QEAAXPEBX_KAEAVconcurrent_queue_base_v3@23@W4copy_specifics@423@@Z 0000000180001410 f   concurrent_queue.obj
 0001:000005d0       ?abort_push@micro_queue@internal@tbb@@QEAAX_KAEAVconcurrent_queue_base_v3@23@@Z 00000001800015d0 f   concurrent_queue.obj
 0001:000005f0       ?pop@micro_queue@internal@tbb@@QEAA_NPEAX_KAEAVconcurrent_queue_base_v3@23@@Z 00000001800015f0 f   concurrent_queue.obj
 0001:000007e0       ?assign@micro_queue@internal@tbb@@QEAAAEAU123@AEBU123@AEAVconcurrent_queue_base_v3@23@W4copy_specifics@423@@Z 00000001800017e0 f   concurrent_queue.obj
 0001:00000a40       ?make_invalid@micro_queue@internal@tbb@@QEAAX_K@Z 0000000180001a40 f   concurrent_queue.obj
 0001:00000b00       ??0concurrent_queue_base_v3@internal@tbb@@IEAA@_K@Z 0000000180001b00 f   concurrent_queue.obj
 0001:00000c30       ??_Gconcurrent_queue_base_v3@internal@tbb@@MEAAPEAXI@Z 0000000180001c30 f i concurrent_queue.obj
 0001:00000c30       ??_Econcurrent_queue_base_v3@internal@tbb@@MEAAPEAXI@Z 0000000180001c30 f i * CIL library *:* CIL module *
 0001:00000c80       ??1concurrent_queue_base_v3@internal@tbb@@MEAA@XZ 0000000180001c80 f   concurrent_queue.obj
 0001:00000ca0       ?internal_push@concurrent_queue_base_v3@internal@tbb@@IEAAXPEBX@Z 0000000180001ca0 f   concurrent_queue.obj
 0001:00000cb0       ?internal_push_move@concurrent_queue_base_v8@internal@tbb@@IEAAXPEBX@Z 0000000180001cb0 f   concurrent_queue.obj
 0001:00000cc0       ?internal_insert_item@concurrent_queue_base_v3@internal@tbb@@IEAAXPEBXW4copy_specifics@123@@Z 0000000180001cc0 f   concurrent_queue.obj
 0001:00001010       ?internal_pop@concurrent_queue_base_v3@internal@tbb@@IEAAXPEAX@Z 0000000180002010 f   concurrent_queue.obj
 0001:000013b0       ?internal_abort@concurrent_queue_base_v3@internal@tbb@@IEAAXXZ 00000001800023b0 f   concurrent_queue.obj
 0001:000013f0       ?internal_pop_if_present@concurrent_queue_base_v3@internal@tbb@@IEAA_NPEAX@Z 00000001800023f0 f   concurrent_queue.obj
 0001:000014a0       ?internal_push_if_not_full@concurrent_queue_base_v3@internal@tbb@@IEAA_NPEBX@Z 00000001800024a0 f   concurrent_queue.obj
 0001:000014b0       ?internal_push_move_if_not_full@concurrent_queue_base_v8@internal@tbb@@IEAA_NPEBX@Z 00000001800024b0 f   concurrent_queue.obj
 0001:000014c0       ?internal_insert_if_not_full@concurrent_queue_base_v3@internal@tbb@@IEAA_NPEBXW4copy_specifics@123@@Z 00000001800024c0 f   concurrent_queue.obj
 0001:00001570       ?internal_size@concurrent_queue_base_v3@internal@tbb@@IEBA_JXZ 0000000180002570 f   concurrent_queue.obj
 0001:000015a0       ?internal_empty@concurrent_queue_base_v3@internal@tbb@@IEBA_NXZ 00000001800025a0 f   concurrent_queue.obj
 0001:000015e0       ?internal_set_capacity@concurrent_queue_base_v3@internal@tbb@@IEAAX_J_K@Z 00000001800025e0 f   concurrent_queue.obj
 0001:000015e0       ?internal_set_capacity@concurrent_queue_base@internal@tbb@@IEAAX_J_K@Z 00000001800025e0 f   concurrent_queue_v2.obj
 0001:00001600       ?internal_finish_clear@concurrent_queue_base_v3@internal@tbb@@IEAAXXZ 0000000180002600 f   concurrent_queue.obj
 0001:00001670       ?internal_throw_exception@concurrent_queue_base_v3@internal@tbb@@IEBAXXZ 0000000180002670 f   concurrent_queue.obj
 0001:00001680       ?internal_assign@concurrent_queue_base_v3@internal@tbb@@IEAAXAEBV123@W4copy_specifics@123@@Z 0000000180002680 f   concurrent_queue.obj
 0001:00001750       ?assign@concurrent_queue_base_v3@internal@tbb@@IEAAXAEBV123@@Z 0000000180002750 f   concurrent_queue.obj
 0001:00001760       ?move_content@concurrent_queue_base_v8@internal@tbb@@IEAAXAEAV123@@Z 0000000180002760 f   concurrent_queue.obj
 0001:00001770       ?initialize@concurrent_queue_iterator_base_v3@internal@tbb@@AEAAXAEBVconcurrent_queue_base_v3@23@_K@Z 0000000180002770 f   concurrent_queue.obj
 0001:00001870       ??0concurrent_queue_iterator_base_v3@internal@tbb@@IEAA@AEBVconcurrent_queue_base_v3@12@@Z 0000000180002870 f   concurrent_queue.obj
 0001:00001890       ??0concurrent_queue_iterator_base_v3@internal@tbb@@IEAA@AEBVconcurrent_queue_base_v3@12@_K@Z 0000000180002890 f   concurrent_queue.obj
 0001:000018b0       ?assign@concurrent_queue_iterator_base_v3@internal@tbb@@IEAAXAEBV123@@Z 00000001800028b0 f   concurrent_queue.obj
 0001:00001980       ?advance@concurrent_queue_iterator_base_v3@internal@tbb@@IEAAXXZ 0000000180002980 f   concurrent_queue.obj
 0001:00001a30       ??1concurrent_queue_iterator_base_v3@internal@tbb@@IEAA@XZ 0000000180002a30 f   concurrent_queue.obj
 0001:00001a50       ??F?$atomic_impl_with_arithmetic@_K_KD@internal@tbb@@QEAA_KH@Z 0000000180002a50 f i concurrent_queue.obj
 0001:00001a60       ??E?$atomic_impl_with_arithmetic@_K_KD@internal@tbb@@QEAA_KXZ 0000000180002a60 f i concurrent_queue.obj
 0001:00001a70       ??Y?$atomic_impl_with_arithmetic@_K_KD@internal@tbb@@QEAA_K_K@Z 0000000180002a70 f i concurrent_queue.obj
 0001:00001a80       ??$notify@Upredicate_leq@internal@tbb@@@concurrent_monitor@internal@tbb@@QEAAXAEBUpredicate_leq@12@@Z 0000000180002a80 f i concurrent_queue.obj
 0001:00001bd0       ?segment_base@concurrent_vector_base_v3@internal@tbb@@KA_K_K@Z 0000000180002bd0 f i concurrent_vector.obj
 0001:00001be0       ?acquire_segment@helper@concurrent_vector_base_v3@internal@tbb@@SAAEAVsegment_t@234@AEAV234@_K1_N@Z 0000000180002be0 f i concurrent_vector.obj
 0001:00001c90       ??0helper@concurrent_vector_base_v3@internal@tbb@@QEAA@PEAVsegment_t@123@_K1111@Z 0000000180002c90 f i concurrent_vector.obj
 0001:00001cd0       ??1helper@concurrent_vector_base_v3@internal@tbb@@QEAA@XZ 0000000180002cd0 f i concurrent_vector.obj
 0001:00001cf0       ??0destroy_body@helper@concurrent_vector_base_v3@internal@tbb@@QEAA@P6AXPEAX_K@Z@Z 0000000180002cf0 f i concurrent_vector.obj
 0001:00001d00       ?extend_segment_table@helper@concurrent_vector_base_v3@internal@tbb@@SAXAEAV234@_K@Z 0000000180002d00 f   concurrent_vector.obj
 0001:00001ea0       ?enable_segment@helper@concurrent_vector_base_v3@internal@tbb@@SA_KAEAV234@_K1_N@Z 0000000180002ea0 f   concurrent_vector.obj
 0001:000020b0       ?cleanup@helper@concurrent_vector_base_v3@internal@tbb@@QEAAXXZ 00000001800030b0 f   concurrent_vector.obj
 0001:000023d0       ??1concurrent_vector_base_v3@internal@tbb@@IEAA@XZ 00000001800033d0 f   concurrent_vector.obj
 0001:00002400       ?internal_capacity@concurrent_vector_base_v3@internal@tbb@@IEBA_KXZ 0000000180003400 f   concurrent_vector.obj
 0001:00002440       ?internal_throw_exception@concurrent_vector_base_v3@internal@tbb@@IEBAX_K@Z 0000000180003440 f   concurrent_vector.obj
 0001:00002490       ?internal_reserve@concurrent_vector_base_v3@internal@tbb@@IEAAX_K00@Z 0000000180003490 f   concurrent_vector.obj
 0001:00002590       ?internal_copy@concurrent_vector_base_v3@internal@tbb@@IEAAXAEBV123@_KP6AXPEAXPEBX1@Z@Z 0000000180003590 f   concurrent_vector.obj
 0001:000026c0       ?internal_assign@concurrent_vector_base_v3@internal@tbb@@IEAAXAEBV123@_KP6AXPEAX1@ZP6AX2PEBX1@Z5@Z 00000001800036c0 f   concurrent_vector.obj
 0001:000028e0       ?internal_push_back@concurrent_vector_base_v3@internal@tbb@@IEAAPEAX_KAEA_K@Z 00000001800038e0 f   concurrent_vector.obj
 0001:00002990       ?internal_grow_to_at_least@concurrent_vector_base_v3@internal@tbb@@IEAAX_K0P6AXPEAXPEBX0@Z2@Z 0000000180003990 f   concurrent_vector.obj
 0001:000029a0       ?internal_grow_to_at_least_with_result@concurrent_vector_base_v3@internal@tbb@@IEAA_K_K0P6AXPEAXPEBX0@Z2@Z 00000001800039a0 f   concurrent_vector.obj
 0001:00002b20       ?internal_grow_by@concurrent_vector_base_v3@internal@tbb@@IEAA_K_K0P6AXPEAXPEBX0@Z2@Z 0000000180003b20 f   concurrent_vector.obj
 0001:00002b60       ?internal_grow@concurrent_vector_base_v3@internal@tbb@@IEAAX_K00P6AXPEAXPEBX0@Z2@Z 0000000180003b60 f   concurrent_vector.obj
 0001:00002db0       ?internal_resize@concurrent_vector_base_v3@internal@tbb@@IEAAX_K00PEBXP6AXPEAX0@ZP6AX210@Z@Z 0000000180003db0 f   concurrent_vector.obj
 0001:00003050       ?internal_clear@concurrent_vector_base_v3@internal@tbb@@IEAA_KP6AXPEAX_K@Z@Z 0000000180004050 f   concurrent_vector.obj
 0001:00003100       ?internal_compact@concurrent_vector_base_v3@internal@tbb@@IEAAPEAX_KPEAXP6AX10@ZP6AX1PEBX0@Z@Z 0000000180004100 f   concurrent_vector.obj
 0001:00003490       ?internal_swap@concurrent_vector_base_v3@internal@tbb@@IEAAXAEAV123@@Z 0000000180004490 f   concurrent_vector.obj
 0001:00003590       ??$apply@Udestroy_body@helper@concurrent_vector_base_v3@internal@tbb@@@helper@concurrent_vector_base_v3@internal@tbb@@QEAA_KAEBUdestroy_body@0123@@Z 0000000180004590 f i concurrent_vector.obj
 0001:00003800       ?init_dynamic_link_data@internal@tbb@@YAXXZ 0000000180004800 f   dynamic_link.obj
 0001:000038b0       ?dynamic_link@internal@tbb@@YA_NPEBDQEBUdynamic_link_descriptor@12@_KPEAPEAUHINSTANCE__@@H@Z 00000001800048b0 f   dynamic_link.obj
 0001:00008a80       __itt_fini_ittlib          0000000180009a80 f   itt_notify.obj
 0001:00008bb0       __itt_init_ittlib          0000000180009bb0 f   itt_notify.obj
 0001:00008f60       ?initialize_handler_pointers@internal@tbb@@YAXXZ 0000000180009f60 f   cache_aligned_allocator.obj
 0001:00009150       ?initialize_cache_aligned_allocator@internal@tbb@@YAXXZ 000000018000a150 f   cache_aligned_allocator.obj
 0001:00009290       ?NFS_GetLineSize@internal@tbb@@YA_KXZ 000000018000a290 f   cache_aligned_allocator.obj
 0001:000092a0       ?NFS_Allocate@internal@tbb@@YAPEAX_K0PEAX@Z 000000018000a2a0 f   cache_aligned_allocator.obj
 0001:00009300       ?NFS_Free@internal@tbb@@YAXPEAX@Z 000000018000a300 f   cache_aligned_allocator.obj
 0001:00009360       ?allocate_closure_v3@internal@tbb@@YAPEAX_K@Z 000000018000a360 f   tbb_thread.obj
 0001:00009360       ?allocate_via_handler_v3@internal@tbb@@YAPEAX_K@Z 000000018000a360 f   cache_aligned_allocator.obj
 0001:00009390       ?deallocate_via_handler_v3@internal@tbb@@YAXPEAX@Z 000000018000a390 f   cache_aligned_allocator.obj
 0001:00009390       ?free_closure_v3@internal@tbb@@YAXPEAX@Z 000000018000a390 f   tbb_thread.obj
 0001:000093a0       ?is_malloc_used_v3@internal@tbb@@YA_NXZ 000000018000a3a0 f   cache_aligned_allocator.obj
 0001:000093e0       ??0task_group_context@tbb@@QEAA@W4kind_type@01@_K@Z 000000018000a3e0 f i pipeline.obj
 0001:00009560       ??_Etask@tbb@@UEAAPEAXI@Z  000000018000a560 f i * CIL library *:* CIL module *
 0001:00009560       ??_Gempty_task@tbb@@UEAAPEAXI@Z 000000018000a560 f i arena.obj
 0001:00009560       ??_Eempty_task@tbb@@UEAAPEAXI@Z 000000018000a560 f i * CIL library *:* CIL module *
 0001:00009560       ??_Gtask@tbb@@UEAAPEAXI@Z  000000018000a560 f i pipeline.obj
 0001:00009590       ??2@YAPEAX_KAEBVallocate_root_with_context_proxy@internal@tbb@@@Z 000000018000a590 f i pipeline.obj
 0001:00009690       ??_Efilter@tbb@@UEAAPEAXI@Z 000000018000a690 f i * CIL library *:* CIL module *
 0001:00009690       ??_Gfilter@tbb@@UEAAPEAXI@Z 000000018000a690 f i pipeline.obj
 0001:000097b0       ??0input_buffer@internal@tbb@@QEAA@_N0@Z 000000018000a7b0 f i pipeline.obj
 0001:00009830       ?put_token@input_buffer@internal@tbb@@QEAA_NAEAUtask_info@23@_N@Z 000000018000a830 f i pipeline.obj
 0001:00009990       ?return_item@input_buffer@internal@tbb@@QEAA_NAEAUtask_info@23@_N@Z 000000018000a990 f i pipeline.obj
 0001:00009a60       ?grow@input_buffer@internal@tbb@@AEAAXK@Z 000000018000aa60 f   pipeline.obj
 0001:00009b70       ??_Estage_task@internal@tbb@@UEAAPEAXI@Z 000000018000ab70 f i * CIL library *:* CIL module *
 0001:00009b70       ??_Gstage_task@internal@tbb@@UEAAPEAXI@Z 000000018000ab70 f i pipeline.obj
 0001:00009be0       ?execute@stage_task@internal@tbb@@UEAAPEAVtask@3@XZ 000000018000abe0 f   pipeline.obj
 0001:0000a040       ?execute@pipeline_root_task@internal@tbb@@EEAAPEAVtask@3@XZ 000000018000b040 f i pipeline.obj
 0001:0000a390       ??_Epipeline_root_task@internal@tbb@@UEAAPEAXI@Z 000000018000b390 f i * CIL library *:* CIL module *
 0001:0000a390       ??_Gpipeline_root_task@internal@tbb@@UEAAPEAXI@Z 000000018000b390 f i pipeline.obj
 0001:0000a3c0       ??1pipeline_cleaner@internal@tbb@@QEAA@XZ 000000018000b3c0 f i pipeline.obj
 0001:0000a490       ??0pipeline@tbb@@QEAA@XZ   000000018000b490 f   pipeline.obj
 0001:0000a4c0       ??_Gpipeline@tbb@@UEAAPEAXI@Z 000000018000b4c0 f i pipeline.obj
 0001:0000a4c0       ??_Epipeline@tbb@@UEAAPEAXI@Z 000000018000b4c0 f i * CIL library *:* CIL module *
 0001:0000a5c0       ??1pipeline@tbb@@UEAA@XZ   000000018000b5c0 f   pipeline.obj
 0001:0000a6b0       ?clear@pipeline@tbb@@QEAAXXZ 000000018000b6b0 f   pipeline.obj
 0001:0000a7a0       ?add_filter@pipeline@tbb@@QEAAXAEAVfilter@2@@Z 000000018000b7a0 f   pipeline.obj
 0001:0000aa60       ?run@pipeline@tbb@@QEAAX_KAEAVtask_group_context@2@@Z 000000018000ba60 f   pipeline.obj
 0001:0000ac10       ?run@pipeline@tbb@@QEAAX_K@Z 000000018000bc10 f   pipeline.obj
 0001:0000aca0       ??1filter@tbb@@UEAA@XZ     000000018000bca0 f   pipeline.obj
 0001:0000ada0       ?set_end_of_input@filter@tbb@@IEAAXXZ 000000018000bda0 f   pipeline.obj
 0001:0000add0       ?process_item@thread_bound_filter@tbb@@QEAA?AW4result_type@12@XZ 000000018000bdd0 f   pipeline.obj
 0001:0000ade0       ?try_process_item@thread_bound_filter@tbb@@QEAA?AW4result_type@12@XZ 000000018000bde0 f   pipeline.obj
 0001:0000adf0       ?internal_process_item@thread_bound_filter@tbb@@AEAA?AW4result_type@12@_N@Z 000000018000bdf0 f   pipeline.obj
 0001:0000b0b0       ??$note_done@Vstage_task@internal@tbb@@@input_buffer@internal@tbb@@QEAAXKAEAVstage_task@12@@Z 000000018000c0b0 f i pipeline.obj
 0001:0000b240       ?acquire@scoped_lock@queuing_mutex@tbb@@QEAAXAEAV23@@Z 000000018000c240 f   queuing_mutex.obj
 0001:0000b2e0       ?try_acquire@scoped_lock@queuing_mutex@tbb@@QEAA_NAEAV23@@Z 000000018000c2e0 f   queuing_mutex.obj
 0001:0000b320       ?release@scoped_lock@queuing_mutex@tbb@@QEAAXXZ 000000018000c320 f   queuing_mutex.obj
 0001:0000b3c0       ?internal_construct@queuing_mutex@tbb@@QEAAXXZ 000000018000c3c0 f   queuing_mutex.obj
 0001:0000b3f0       ?acquire@scoped_lock@queuing_rw_mutex@tbb@@QEAAXAEAV23@_N@Z 000000018000c3f0 f   queuing_rw_mutex.obj
 0001:0000b5c0       ?try_acquire@scoped_lock@queuing_rw_mutex@tbb@@QEAA_NAEAV23@_N@Z 000000018000c5c0 f   queuing_rw_mutex.obj
 0001:0000b620       ?release@scoped_lock@queuing_rw_mutex@tbb@@QEAAXXZ 000000018000c620 f   queuing_rw_mutex.obj
 0001:0000b980       ?downgrade_to_reader@scoped_lock@queuing_rw_mutex@tbb@@QEAA_NXZ 000000018000c980 f   queuing_rw_mutex.obj
 0001:0000ba50       ?upgrade_to_writer@scoped_lock@queuing_rw_mutex@tbb@@QEAA_NXZ 000000018000ca50 f   queuing_rw_mutex.obj
 0001:0000be00       ?internal_construct@queuing_rw_mutex@tbb@@QEAAXXZ 000000018000ce00 f   queuing_rw_mutex.obj
 0001:0000be30       ??1scoped_lock_read@reader_writer_lock@interface5@tbb@@QEAA@XZ 000000018000ce30 f i reader_writer_lock.obj
 0001:0000be90       ?fetch_and_or@interface5@tbb@@YA_KAEAU?$atomic@_K@2@_K@Z 000000018000ce90 f i reader_writer_lock.obj
 0001:0000bf10       ?internal_construct@reader_writer_lock@interface5@tbb@@AEAAXXZ 000000018000cf10 f   reader_writer_lock.obj
 0001:0000bf30       ?lock@reader_writer_lock@interface5@tbb@@QEAAXXZ 000000018000cf30 f   reader_writer_lock.obj
 0001:0000bfb0       ?try_lock@reader_writer_lock@interface5@tbb@@QEAA_NXZ 000000018000cfb0 f   reader_writer_lock.obj
 0001:0000c020       ?start_write@reader_writer_lock@interface5@tbb@@AEAA_NPEAVscoped_lock@123@@Z 000000018000d020 f   reader_writer_lock.obj
 0001:0000c1b0       ?set_next_writer@reader_writer_lock@interface5@tbb@@AEAAXPEAVscoped_lock@123@@Z 000000018000d1b0 f   reader_writer_lock.obj
 0001:0000c2a0       ?lock_read@reader_writer_lock@interface5@tbb@@QEAAXXZ 000000018000d2a0 f   reader_writer_lock.obj
 0001:0000c320       ?try_lock_read@reader_writer_lock@interface5@tbb@@QEAA_NXZ 000000018000d320 f   reader_writer_lock.obj
 0001:0000c380       ?start_read@reader_writer_lock@interface5@tbb@@AEAAXPEAVscoped_lock_read@123@@Z 000000018000d380 f   reader_writer_lock.obj
 0001:0000c470       ?unlock@reader_writer_lock@interface5@tbb@@QEAAXXZ 000000018000d470 f   reader_writer_lock.obj
 0001:0000c4f0       ?end_write@reader_writer_lock@interface5@tbb@@AEAAXPEAVscoped_lock@123@@Z 000000018000d4f0 f   reader_writer_lock.obj
 0001:0000c640       ?internal_construct@scoped_lock@reader_writer_lock@interface5@tbb@@AEAAXAEAV234@@Z 000000018000d640 f   reader_writer_lock.obj
 0001:0000c6a0       ?internal_construct@scoped_lock_read@reader_writer_lock@interface5@tbb@@AEAAXAEAV234@@Z 000000018000d6a0 f   reader_writer_lock.obj
 0001:0000c700       ?internal_destroy@scoped_lock@reader_writer_lock@interface5@tbb@@AEAAXXZ 000000018000d700 f   reader_writer_lock.obj
 0001:0000c740       ?internal_destroy@scoped_lock_read@reader_writer_lock@interface5@tbb@@AEAAXXZ 000000018000d740 f   reader_writer_lock.obj
 0001:0000c7a0       ?internal_acquire_writer@spin_rw_mutex@tbb@@CA_NPEAV12@@Z 000000018000d7a0 f   spin_rw_mutex_v2.obj
 0001:0000c7a0       ?internal_acquire_writer@spin_rw_mutex_v3@tbb@@AEAA_NXZ 000000018000d7a0 f   spin_rw_mutex.obj
 0001:0000c860       ?internal_release_writer@spin_rw_mutex_v3@tbb@@AEAAXXZ 000000018000d860 f   spin_rw_mutex.obj
 0001:0000c890       ?internal_acquire_reader@spin_rw_mutex_v3@tbb@@AEAAXXZ 000000018000d890 f   spin_rw_mutex.obj
 0001:0000c910       ?internal_upgrade@spin_rw_mutex_v3@tbb@@AEAA_NXZ 000000018000d910 f   spin_rw_mutex.obj
 0001:0000ca30       ?internal_downgrade@spin_rw_mutex_v3@tbb@@AEAAXXZ 000000018000da30 f   spin_rw_mutex.obj
 0001:0000ca60       ?internal_release_reader@spin_rw_mutex_v3@tbb@@AEAAXXZ 000000018000da60 f   spin_rw_mutex.obj
 0001:0000ca60       ?internal_release_reader@spin_rw_mutex@tbb@@CAXPEAV12@@Z 000000018000da60 f   spin_rw_mutex_v2.obj
 0001:0000ca90       ?internal_try_acquire_writer@spin_rw_mutex_v3@tbb@@AEAA_NXZ 000000018000da90 f   spin_rw_mutex.obj
 0001:0000ca90       ?internal_try_acquire_writer@spin_rw_mutex@tbb@@CA_NPEAV12@@Z 000000018000da90 f   spin_rw_mutex_v2.obj
 0001:0000cb00       ?internal_try_acquire_reader@spin_rw_mutex_v3@tbb@@AEAA_NXZ 000000018000db00 f   spin_rw_mutex.obj
 0001:0000cb40       ?internal_construct@spin_rw_mutex_v3@tbb@@AEAAXXZ 000000018000db40 f   spin_rw_mutex.obj
 0001:0000cb70       ?acquire@scoped_lock@spin_rw_mutex_v3@tbb@@QEAAXAEAV23@_N@Z 000000018000db70 f i x86_rtm_rw_mutex.obj
 0001:0000cc20       ?internal_release@x86_rtm_rw_mutex@internal@interface8@tbb@@AEAAXAEAVscoped_lock@1234@@Z 000000018000dc20 f   x86_rtm_rw_mutex.obj
 0001:0000cc80       ?internal_acquire_writer@x86_rtm_rw_mutex@internal@interface8@tbb@@AEAAXAEAVscoped_lock@1234@_N@Z 000000018000dc80 f   x86_rtm_rw_mutex.obj
 0001:0000cd60       ?internal_acquire_reader@x86_rtm_rw_mutex@internal@interface8@tbb@@AEAAXAEAVscoped_lock@1234@_N@Z 000000018000dd60 f   x86_rtm_rw_mutex.obj
 0001:0000ce90       ?internal_upgrade@x86_rtm_rw_mutex@internal@interface8@tbb@@AEAA_NAEAVscoped_lock@1234@@Z 000000018000de90 f   x86_rtm_rw_mutex.obj
 0001:0000d0d0       ?internal_downgrade@x86_rtm_rw_mutex@internal@interface8@tbb@@AEAA_NAEAVscoped_lock@1234@@Z 000000018000e0d0 f   x86_rtm_rw_mutex.obj
 0001:0000d110       ?internal_try_acquire_writer@x86_rtm_rw_mutex@internal@interface8@tbb@@AEAA_NAEAVscoped_lock@1234@@Z 000000018000e110 f   x86_rtm_rw_mutex.obj
 0001:0000d200       ?internal_construct@x86_rtm_rw_mutex@internal@interface8@tbb@@AEAAXXZ 000000018000e200 f   x86_rtm_rw_mutex.obj
 0001:0000d230       ?internal_acquire@scoped_lock@spin_mutex@tbb@@AEAAXAEAV23@@Z 000000018000e230 f   spin_mutex.obj
 0001:0000d2d0       ?internal_release@scoped_lock@spin_mutex@tbb@@AEAAXXZ 000000018000e2d0 f   spin_mutex.obj
 0001:0000d300       ?internal_try_acquire@scoped_lock@spin_mutex@tbb@@AEAA_NAEAV23@@Z 000000018000e300 f   spin_mutex.obj
 0001:0000d340       ?internal_construct@spin_mutex@tbb@@QEAAXXZ 000000018000e340 f   spin_mutex.obj
 0001:0000d370       ?internal_construct@critical_section_v4@internal@tbb@@QEAAXXZ 000000018000e370 f   critical_section.obj
 0001:0000d3a0       ?internal_acquire@scoped_lock@mutex@tbb@@AEAAXAEAV23@@Z 000000018000e3a0 f   mutex.obj
 0001:0000d400       ?internal_release@scoped_lock@mutex@tbb@@AEAAXXZ 000000018000e400 f   mutex.obj
 0001:0000d440       ?internal_try_acquire@scoped_lock@mutex@tbb@@AEAA_NAEAV23@@Z 000000018000e440 f   mutex.obj
 0001:0000d490       ?internal_construct@mutex@tbb@@AEAAXXZ 000000018000e490 f   mutex.obj
 0001:0000d4e0       ?internal_destroy@recursive_mutex@tbb@@AEAAXXZ 000000018000e4e0 f   recursive_mutex.obj
 0001:0000d4e0       ?internal_destroy@mutex@tbb@@AEAAXXZ 000000018000e4e0 f   mutex.obj
 0001:0000d520       ?internal_acquire@scoped_lock@recursive_mutex@tbb@@AEAAXAEAV23@@Z 000000018000e520 f   recursive_mutex.obj
 0001:0000d560       ?internal_release@scoped_lock@recursive_mutex@tbb@@AEAAXXZ 000000018000e560 f   recursive_mutex.obj
 0001:0000d590       ?internal_try_acquire@scoped_lock@recursive_mutex@tbb@@AEAA_NAEAV23@@Z 000000018000e590 f   recursive_mutex.obj
 0001:0000d5d0       ?internal_construct@recursive_mutex@tbb@@AEAAXXZ 000000018000e5d0 f   recursive_mutex.obj
 0001:0000d620       ?init_condvar_using_event@internal@tbb@@YAXPEAUcondition_variable_using_event@1interface5@2@@Z 000000018000e620 f   condition_variable.obj
 0001:0000d660       ?sleep_condition_variable_cs_using_event@internal@tbb@@YAHPEAUcondition_variable_using_event@1interface5@2@PEAU_RTL_CRITICAL_SECTION@@K@Z 000000018000e660 f   condition_variable.obj
 0001:0000d770       ?wake_condition_variable_using_event@internal@tbb@@YAXPEAUcondition_variable_using_event@1interface5@2@@Z 000000018000e770 f   condition_variable.obj
 0001:0000d7c0       ?wake_all_condition_variable_using_event@internal@tbb@@YAXPEAUcondition_variable_using_event@1interface5@2@@Z 000000018000e7c0 f   condition_variable.obj
 0001:0000d810       ?destroy_condvar_using_event@internal@tbb@@YAXPEAUcondition_variable_using_event@1interface5@2@@Z 000000018000e810 f   condition_variable.obj
 0001:0000d8b0       ?init_condvar_module@internal@tbb@@YAXXZ 000000018000e8b0 f   condition_variable.obj
 0001:0000da60       ?internal_initialize_condition_variable@internal@interface5@tbb@@YAXAEATcondvar_impl_t@123@@Z 000000018000ea60 f   condition_variable.obj
 0001:0000db00       ?internal_destroy_condition_variable@internal@interface5@tbb@@YAXAEATcondvar_impl_t@123@@Z 000000018000eb00 f   condition_variable.obj
 0001:0000db10       ?internal_condition_variable_notify_one@internal@interface5@tbb@@YAXAEATcondvar_impl_t@123@@Z 000000018000eb10 f   condition_variable.obj
 0001:0000db20       ?internal_condition_variable_notify_all@internal@interface5@tbb@@YAXAEATcondvar_impl_t@123@@Z 000000018000eb20 f   condition_variable.obj
 0001:0000db30       ?internal_condition_variable_wait@internal@interface5@tbb@@YA_NAEATcondvar_impl_t@123@PEAVmutex@3@PEBVinterval_t@tick_count@3@@Z 000000018000eb30 f   condition_variable.obj
 0001:0000dbc0       ?default_num_threads@governor@internal@tbb@@SAIXZ 000000018000ebc0 f i tbb_thread.obj
 0001:0000dc90       ?join@tbb_thread_v3@internal@tbb@@QEAAXXZ 000000018000ec90 f   tbb_thread.obj
 0001:0000dd30       ?detach@tbb_thread_v3@internal@tbb@@QEAAXXZ 000000018000ed30 f   tbb_thread.obj
 0001:0000dd80       ?internal_start@tbb_thread_v3@internal@tbb@@AEAAXP6AIPEAX@Z0@Z 000000018000ed80 f   tbb_thread.obj
 0001:0000de00       ?hardware_concurrency@tbb_thread_v3@internal@tbb@@SAIXZ 000000018000ee00 f   tbb_thread.obj
 0001:0000de10       ?thread_get_id_v3@internal@tbb@@YA?AVid@tbb_thread_v3@12@XZ 000000018000ee10 f   tbb_thread.obj
 0001:0000de30       ?move_v3@internal@tbb@@YAXAEAVtbb_thread_v3@12@0@Z 000000018000ee30 f   tbb_thread.obj
 0001:0000de90       ?yield@private_server@rml@internal@tbb@@UEAAXXZ 000000018000ee90 f   private_server.obj
 0001:0000de90       ?thread_yield_v3@internal@tbb@@YAXXZ 000000018000ee90 f   tbb_thread.obj
 0001:0000dea0       ?thread_sleep_v3@internal@tbb@@YAXAEBVinterval_t@tick_count@2@@Z 000000018000eea0 f   tbb_thread.obj
 0001:0000dfd0       ?init@thread_context@concurrent_monitor@internal@tbb@@AEAAXXZ 000000018000efd0 f   concurrent_monitor.obj
 0001:0000e000       ?prepare_wait@concurrent_monitor@internal@tbb@@QEAAXAEAVthread_context@123@_K@Z 000000018000f000 f   concurrent_monitor.obj
 0001:0000e0e0       __local_stdio_printf_options 000000018000f0e0 f i private_server.obj
 0001:0000e0f0       fprintf                    000000018000f0f0 f i private_server.obj
 0001:0000e140       ?launch@thread_monitor@internal@rml@@SAPEAXP6AIPEAX@Z0_KPEB_K@Z 000000018000f140 f i private_server.obj
 0001:0000e2f0       ?execute@empty_task@tbb@@EEAAPEAVtask@2@XZ 000000018000f2f0 f i arena.obj
 0001:0000e2f0       ?version@market@internal@tbb@@EEBAIXZ 000000018000f2f0 f i market.obj
 0001:0000e2f0       ?_Get_deleter@_Ref_count_base@std@@UEBAPEAXAEBVtype_info@@@Z 000000018000f2f0 f i libcpmt:excptptr.obj
 0001:0000e2f0       ?version@private_server@rml@internal@tbb@@UEBAIXZ 000000018000f2f0 f i private_server.obj
 0001:0000e300       ?request_close_connection@private_server@rml@internal@tbb@@UEAAX_N@Z 000000018000f300 f i private_server.obj
 0001:0000e460       ?default_concurrency@private_server@rml@internal@tbb@@UEBAIXZ 000000018000f460 f i private_server.obj
 0001:0000e470       ?thread_routine@private_worker@rml@internal@tbb@@CAIPEAX@Z 000000018000f470 f   private_server.obj
 0001:0000e4e0       ?run@private_worker@rml@internal@tbb@@AEAAXXZ 000000018000f4e0 f   private_server.obj
 0001:0000e6a0       ??0private_server@rml@internal@tbb@@QEAA@AEAVtbb_client@123@@Z 000000018000f6a0 f   private_server.obj
 0001:0000e810       ??_Eprivate_server@rml@internal@tbb@@EEAAPEAXI@Z 000000018000f810 f i * CIL library *:* CIL module *
 0001:0000e810       ??_Gprivate_server@rml@internal@tbb@@EEAAPEAXI@Z 000000018000f810 f i private_server.obj
 0001:0000e890       ?wake_some@private_server@rml@internal@tbb@@AEAAXH@Z 000000018000f890 f   private_server.obj
 0001:0000ea40       ?adjust_job_count_estimate@private_server@rml@internal@tbb@@UEAAXH@Z 000000018000fa40 f   private_server.obj
 0001:0000ea60       ??0exception@std@@QEAA@AEBV01@@Z 000000018000fa60 f i tbb_misc.obj
 0001:0000eaa0       ??1bad_cast@std@@UEAA@XZ   000000018000faa0 f i libvcruntime:rtti.obj
 0001:0000eaa0       ??1user_abort@tbb@@UEAA@XZ 000000018000faa0 f i tbb_misc.obj
 0001:0000eaa0       ??1range_error@std@@UEAA@XZ 000000018000faa0 f i tbb_misc.obj
 0001:0000eaa0       ??1bad_alloc@std@@UEAA@XZ  000000018000faa0 f i tbb_misc.obj
 0001:0000eaa0       ??1bad_typeid@std@@UEAA@XZ 000000018000faa0 f i libvcruntime:rtti.obj
 0001:0000eaa0       ??1improper_lock@tbb@@UEAA@XZ 000000018000faa0 f i tbb_misc.obj
 0001:0000eaa0       ??1missing_wait@tbb@@UEAA@XZ 000000018000faa0 f i tbb_misc.obj
 0001:0000eaa0       ??1exception@std@@UEAA@XZ  000000018000faa0 f i tbb_misc.obj
 0001:0000eaa0       ??1bad_array_new_length@std@@UEAA@XZ 000000018000faa0 f i libcpmt:xonce.obj
 0001:0000eaa0       ??1out_of_range@std@@UEAA@XZ 000000018000faa0 f i tbb_misc.obj
 0001:0000eaa0       ??1__non_rtti_object@std@@UEAA@XZ 000000018000faa0 f i libvcruntime:rtti.obj
 0001:0000eaa0       ??1invalid_argument@std@@UEAA@XZ 000000018000faa0 f i tbb_misc.obj
 0001:0000eaa0       ??1runtime_error@std@@UEAA@XZ 000000018000faa0 f i tbb_misc.obj
 0001:0000eaa0       ??1length_error@std@@UEAA@XZ 000000018000faa0 f i tbb_misc.obj
 0001:0000eaa0       ??1invalid_multiple_scheduling@tbb@@UEAA@XZ 000000018000faa0 f i tbb_misc.obj
 0001:0000eaa0       ??1bad_last_alloc@tbb@@UEAA@XZ 000000018000faa0 f i tbb_misc.obj
 0001:0000eac0       ?what@exception@std@@UEBAPEBDXZ 000000018000fac0 f i tbb_misc.obj
 0001:0000eae0       ??_Erange_error@std@@UEAAPEAXI@Z 000000018000fae0 f i * CIL library *:* CIL module *
 0001:0000eae0       ??_Gbad_last_alloc@tbb@@UEAAPEAXI@Z 000000018000fae0 f i tbb_misc.obj
 0001:0000eae0       ??_Gbad_cast@std@@UEAAPEAXI@Z 000000018000fae0 f i libvcruntime:rtti.obj
 0001:0000eae0       ??_Gbad_alloc@std@@UEAAPEAXI@Z 000000018000fae0 f i tbb_misc.obj
 0001:0000eae0       ??_Euser_abort@tbb@@UEAAPEAXI@Z 000000018000fae0 f i * CIL library *:* CIL module *
 0001:0000eae0       ??_Ebad_alloc@std@@UEAAPEAXI@Z 000000018000fae0 f i * CIL library *:* CIL module *
 0001:0000eae0       ??_Ebad_typeid@std@@UEAAPEAXI@Z 000000018000fae0 f i libvcruntime:rtti.obj
 0001:0000eae0       ??_Eout_of_range@std@@UEAAPEAXI@Z 000000018000fae0 f i * CIL library *:* CIL module *
 0001:0000eae0       ??_Gbad_array_new_length@std@@UEAAPEAXI@Z 000000018000fae0 f i libcpmt:xonce.obj
 0001:0000eae0       ??_Gimproper_lock@tbb@@UEAAPEAXI@Z 000000018000fae0 f i tbb_misc.obj
 0001:0000eae0       ??_E__non_rtti_object@std@@UEAAPEAXI@Z 000000018000fae0 f i libvcruntime:rtti.obj
 0001:0000eae0       ??_Einvalid_argument@std@@UEAAPEAXI@Z 000000018000fae0 f i * CIL library *:* CIL module *
 0001:0000eae0       ??_Ebad_array_new_length@std@@UEAAPEAXI@Z 000000018000fae0 f i libcpmt:xonce.obj
 0001:0000eae0       ??_Glength_error@std@@UEAAPEAXI@Z 000000018000fae0 f i tbb_misc.obj
 0001:0000eae0       ??_Gmissing_wait@tbb@@UEAAPEAXI@Z 000000018000fae0 f i tbb_misc.obj
 0001:0000eae0       ??_Gout_of_range@std@@UEAAPEAXI@Z 000000018000fae0 f i tbb_misc.obj
 0001:0000eae0       ??_Ginvalid_argument@std@@UEAAPEAXI@Z 000000018000fae0 f i tbb_misc.obj
 0001:0000eae0       ??_Gbad_typeid@std@@UEAAPEAXI@Z 000000018000fae0 f i libvcruntime:rtti.obj
 0001:0000eae0       ??_G__non_rtti_object@std@@UEAAPEAXI@Z 000000018000fae0 f i libvcruntime:rtti.obj
 0001:0000eae0       ??_Glogic_error@std@@UEAAPEAXI@Z 000000018000fae0 f i tbb_misc.obj
 0001:0000eae0       ??_Einvalid_multiple_scheduling@tbb@@UEAAPEAXI@Z 000000018000fae0 f i * CIL library *:* CIL module *
 0001:0000eae0       ??_Gruntime_error@std@@UEAAPEAXI@Z 000000018000fae0 f i tbb_misc.obj
 0001:0000eae0       ??_Eexception@std@@UEAAPEAXI@Z 000000018000fae0 f i * CIL library *:* CIL module *
 0001:0000eae0       ??_Grange_error@std@@UEAAPEAXI@Z 000000018000fae0 f i tbb_misc.obj
 0001:0000eae0       ??_Gexception@std@@UEAAPEAXI@Z 000000018000fae0 f i tbb_misc.obj
 0001:0000eae0       ??_Ginvalid_multiple_scheduling@tbb@@UEAAPEAXI@Z 000000018000fae0 f i tbb_misc.obj
 0001:0000eae0       ??_Eruntime_error@std@@UEAAPEAXI@Z 000000018000fae0 f i * CIL library *:* CIL module *
 0001:0000eae0       ??_Guser_abort@tbb@@UEAAPEAXI@Z 000000018000fae0 f i tbb_misc.obj
 0001:0000eae0       ??_Ebad_cast@std@@UEAAPEAXI@Z 000000018000fae0 f i libvcruntime:rtti.obj
 0001:0000eae0       ??_Elogic_error@std@@UEAAPEAXI@Z 000000018000fae0 f i * CIL library *:* CIL module *
 0001:0000eae0       ??_Ebad_last_alloc@tbb@@UEAAPEAXI@Z 000000018000fae0 f i * CIL library *:* CIL module *
 0001:0000eae0       ??_Elength_error@std@@UEAAPEAXI@Z 000000018000fae0 f i * CIL library *:* CIL module *
 0001:0000eae0       ??_Emissing_wait@tbb@@UEAAPEAXI@Z 000000018000fae0 f i * CIL library *:* CIL module *
 0001:0000eae0       ??_Eimproper_lock@tbb@@UEAAPEAXI@Z 000000018000fae0 f i * CIL library *:* CIL module *
 0001:0000eb30       ??0bad_alloc@std@@QEAA@XZ  000000018000fb30 f i tbb_misc.obj
 0001:0000eb60       ??0bad_alloc@std@@QEAA@AEBV01@@Z 000000018000fb60 f i tbb_misc.obj
 0001:0000eba0       _snprintf                  000000018000fba0 f i tbb_misc.obj
 0001:0000ec00       ?set_assertion_handler@tbb@@YAP6AXPEBDH00@ZP6AX0H00@Z@Z 000000018000fc00 f   tbb_misc.obj
 0001:0000ec10       ?assertion_failure@tbb@@YAXPEBDH00@Z 000000018000fc10 f   tbb_misc.obj
 0001:0000ecc0       ?runtime_warning@internal@tbb@@YAXPEBDZZ 000000018000fcc0 f   tbb_misc.obj
 0001:0000ed80       ??0invalid_argument@std@@QEAA@PEBD@Z 000000018000fd80 f i tbb_misc.obj
 0001:0000edd0       ??0length_error@std@@QEAA@PEBD@Z 000000018000fdd0 f i tbb_misc.obj
 0001:0000ee20       ??0out_of_range@std@@QEAA@PEBD@Z 000000018000fe20 f i tbb_misc.obj
 0001:0000ee70       ??0runtime_error@std@@QEAA@PEBD@Z 000000018000fe70 f i tbb_misc.obj
 0001:0000eec0       ??0range_error@std@@QEAA@PEBD@Z 000000018000fec0 f i tbb_misc.obj
 0001:0000ef10       ??0range_error@std@@QEAA@AEBV01@@Z 000000018000ff10 f i tbb_misc.obj
 0001:0000ef50       ??0runtime_error@std@@QEAA@AEBV01@@Z 000000018000ff50 f i tbb_misc.obj
 0001:0000ef90       ?what@bad_last_alloc@tbb@@UEBAPEBDXZ 000000018000ff90 f   tbb_misc.obj
 0001:0000efa0       ?what@improper_lock@tbb@@UEBAPEBDXZ 000000018000ffa0 f   tbb_misc.obj
 0001:0000efb0       ?what@user_abort@tbb@@UEBAPEBDXZ 000000018000ffb0 f   tbb_misc.obj
 0001:0000efc0       ?what@invalid_multiple_scheduling@tbb@@UEBAPEBDXZ 000000018000ffc0 f   tbb_misc.obj
 0001:0000efd0       ?what@missing_wait@tbb@@UEBAPEBDXZ 000000018000ffd0 f   tbb_misc.obj
 0001:0000efe0       ?handle_perror@internal@tbb@@YAXHPEBD@Z 000000018000ffe0 f   tbb_misc.obj
 0001:0000f050       ?handle_win_error@internal@tbb@@YAXH@Z 0000000180010050 f   tbb_misc.obj
 0001:0000f0c0       ?throw_bad_last_alloc_exception_v4@internal@tbb@@YAXXZ 00000001800100c0 f   tbb_misc.obj
 0001:0000f0f0       ?throw_exception_v4@internal@tbb@@YAXW4exception_id@12@@Z 00000001800100f0 f   tbb_misc.obj
 0001:0000f420       ??0bad_last_alloc@tbb@@QEAA@XZ 0000000180010420 f i tbb_misc.obj
 0001:0000f450       ??0missing_wait@tbb@@QEAA@XZ 0000000180010450 f i tbb_misc.obj
 0001:0000f470       ??0invalid_multiple_scheduling@tbb@@QEAA@XZ 0000000180010470 f i tbb_misc.obj
 0001:0000f490       ??0improper_lock@tbb@@QEAA@XZ 0000000180010490 f i tbb_misc.obj
 0001:0000f4b0       ??0user_abort@tbb@@QEAA@XZ 00000001800104b0 f i tbb_misc.obj
 0001:0000f4d0       ??0bad_last_alloc@tbb@@QEAA@AEBV01@@Z 00000001800104d0 f i tbb_misc.obj
 0001:0000f510       ??0invalid_argument@std@@QEAA@AEBV01@@Z 0000000180010510 f i tbb_misc.obj
 0001:0000f550       ??0logic_error@std@@QEAA@AEBV01@@Z 0000000180010550 f i tbb_misc.obj
 0001:0000f590       ??0out_of_range@std@@QEAA@AEBV01@@Z 0000000180010590 f i tbb_misc.obj
 0001:0000f5d0       ??0missing_wait@tbb@@QEAA@AEBV01@@Z 00000001800105d0 f i tbb_misc.obj
 0001:0000f610       ??0invalid_multiple_scheduling@tbb@@QEAA@AEBV01@@Z 0000000180010610 f i tbb_misc.obj
 0001:0000f650       ??0improper_lock@tbb@@QEAA@AEBV01@@Z 0000000180010650 f i tbb_misc.obj
 0001:0000f690       ??0length_error@std@@QEAA@AEBV01@@Z 0000000180010690 f i tbb_misc.obj
 0001:0000f6d0       ??0user_abort@tbb@@QEAA@AEBV01@@Z 00000001800106d0 f i tbb_misc.obj
 0001:0000f710       ?PrintExtraVersionInfo@internal@tbb@@YAXPEBD0ZZ 0000000180010710 f   tbb_misc.obj
 0001:0000f7e0       ?PrintRMLVersionInfo@internal@tbb@@YAXPEAXPEBD@Z 00000001800107e0 f   tbb_misc.obj
 0001:0000f7f0       TBB_runtime_interface_version 00000001800107f0 f   tbb_misc.obj
 0001:0000fb50       ?allocate@allocate_root_proxy@internal@tbb@@SAAEAVtask@3@_K@Z 0000000180010b50 f   task.obj
 0001:0000fbd0       ?free@allocate_root_proxy@internal@tbb@@SAXAEAVtask@3@@Z 0000000180010bd0 f   task.obj
 0001:0000fc40       ?allocate@allocate_root_with_context_proxy@internal@tbb@@QEBAAEAVtask@3@_K@Z 0000000180010c40 f   task.obj
 0001:0000fd40       ?free@allocate_child_proxy@internal@tbb@@QEBAXAEAVtask@3@@Z 0000000180010d40 f   task.obj
 0001:0000fd40       ?free@allocate_root_with_context_proxy@internal@tbb@@QEBAXAEAVtask@3@@Z 0000000180010d40 f   task.obj
 0001:0000fdb0       ?allocate@allocate_continuation_proxy@internal@tbb@@QEBAAEAVtask@3@_K@Z 0000000180010db0 f   task.obj
 0001:0000fe10       ?free@allocate_continuation_proxy@internal@tbb@@QEBAXAEAVtask@3@@Z 0000000180010e10 f   task.obj
 0001:0000fe90       ?allocate@allocate_child_proxy@internal@tbb@@QEBAAEAVtask@3@_K@Z 0000000180010e90 f   task.obj
 0001:0000fef0       ?allocate@allocate_additional_child_of_proxy@internal@tbb@@QEBAAEAVtask@3@_K@Z 0000000180010ef0 f   task.obj
 0001:0000ff60       ?free@allocate_additional_child_of_proxy@internal@tbb@@QEBAXAEAVtask@3@@Z 0000000180010f60 f   task.obj
 0001:00010020       ?get_initial_auto_partitioner_divisor@internal@tbb@@YA_KXZ 0000000180011020 f   task.obj
 0001:00010070       ?resize@affinity_partitioner_base_v3@internal@tbb@@AEAAXI@Z 0000000180011070 f   task.obj
 0001:00010180       ?internal_set_ref_count@task@tbb@@AEAAXH@Z 0000000180011180 f   task.obj
 0001:000101c0       ?internal_decrement_ref_count@task@tbb@@AEAA_JXZ 00000001800111c0 f   task.obj
 0001:00010220       ?self@task@tbb@@SAAEAV12@XZ 0000000180011220 f   task.obj
 0001:00010260       ?is_owned_by_current_thread@task@tbb@@QEBA_NXZ 0000000180011260 f   task.obj
 0001:00010260       __acrt_uninitialize_command_line 0000000180011260 f   libucrt:argv_data.obj
 0001:00010270       ?destroy@task_base@internal@interface5@tbb@@SAXAEAVtask@4@@Z 0000000180011270 f   task.obj
 0001:000103e0       ?spawn_and_wait_for_all@task@tbb@@QEAAXAEAVtask_list@2@@Z 00000001800113e0 f   task.obj
 0001:00010480       ?change_group@task@tbb@@QEAAXAEAVtask_group_context@2@@Z 0000000180011480 f   task.obj
 0001:00010550       ??1exception_ptr@std@@QEAA@XZ 0000000180011550 f i task_group_context.obj
 0001:00010560       ??0exception_ptr@std@@QEAA@AEBV01@@Z 0000000180011560 f i task_group_context.obj
 0001:00010580       ??0captured_exception@tbb@@QEAA@AEBV01@@Z 0000000180011580 f i task_group_context.obj
 0001:000105f0       ?throw_self@captured_exception@tbb@@UEAAXXZ 00000001800115f0 f i task_group_context.obj
 0001:00010620       ??_Gcaptured_exception@tbb@@UEAAPEAXI@Z 0000000180011620 f i task_group_context.obj
 0001:00010620       ??_Ecaptured_exception@tbb@@UEAAPEAXI@Z 0000000180011620 f i * CIL library *:* CIL module *
 0001:000106b0       ??0tbb_exception@tbb@@QEAA@AEBV01@@Z 00000001800116b0 f i task_group_context.obj
 0001:000106f0       ??_Gtbb_exception@tbb@@UEAAPEAXI@Z 00000001800116f0 f i task_group_context.obj
 0001:000106f0       ??_Etbb_exception@tbb@@UEAAPEAXI@Z 00000001800116f0 f i * CIL library *:* CIL module *
 0001:00010760       ?lock@spin_mutex@tbb@@QEAAXXZ 0000000180011760 f i task_group_context.obj
 0001:000107c0       ?duplicate_string@tbb@@YAPEADPEBD@Z 00000001800117c0 f i task_group_context.obj
 0001:00010830       ??1captured_exception@tbb@@UEAA@XZ 0000000180011830 f   task_group_context.obj
 0001:00010880       ?set@captured_exception@tbb@@QEAAXPEBD0@Z 0000000180011880 f   task_group_context.obj
 0001:000108c0       ?clear@captured_exception@tbb@@QEAAXXZ 00000001800118c0 f   task_group_context.obj
 0001:00010900       ?move@captured_exception@tbb@@UEAAPEAV12@XZ 0000000180011900 f   task_group_context.obj
 0001:00010980       ?destroy@captured_exception@tbb@@UEAAXXZ 0000000180011980 f   task_group_context.obj
 0001:000109e0       ?name@captured_exception@tbb@@UEBAPEBDXZ 00000001800119e0 f   task_group_context.obj
 0001:000109f0       ?what@captured_exception@tbb@@UEBAPEBDXZ 00000001800119f0 f   task_group_context.obj
 0001:00010a00       ?allocate@tbb_exception_ptr@internal@tbb@@SAPEAV123@AEAVcaptured_exception@3@@Z 0000000180011a00 f   task_group_context.obj
 0001:00010b30       ??1task_group_context@tbb@@QEAA@XZ 0000000180011b30 f   task_group_context.obj
 0001:00010e20       ?init@task_group_context@tbb@@IEAAXXZ 0000000180011e20 f   task_group_context.obj
 0001:00010fd0       ?register_with@task_group_context@tbb@@QEAAXPEAVgeneric_scheduler@internal@2@@Z 0000000180011fd0 f   task_group_context.obj
 0001:00011100       ?bind_to@task_group_context@tbb@@QEAAXPEAVgeneric_scheduler@internal@2@@Z 0000000180012100 f   task_group_context.obj
 0001:00011260       ?cancel_group_execution@task_group_context@tbb@@QEAA_NXZ 0000000180012260 f   task_group_context.obj
 0001:000113b0       ?is_group_execution_cancelled@task_group_context@tbb@@QEBA_NXZ 00000001800123b0 f   task_group_context.obj
 0001:000113c0       ?reset@task_group_context@tbb@@QEAAXXZ 00000001800123c0 f   task_group_context.obj
 0001:00011420       ?capture_fp_settings@task_group_context@tbb@@QEAAXXZ 0000000180012420 f   task_group_context.obj
 0001:00011460       ?register_pending_exception@task_group_context@tbb@@QEAAXXZ 0000000180012460 f   task_group_context.obj
 0001:00011490       ?set_priority@task_group_context@tbb@@QEAAXW4priority_t@2@@Z 0000000180012490 f   task_group_context.obj
 0001:00011630       ?priority@task_group_context@tbb@@QEBA?AW4priority_t@2@XZ 0000000180012630 f   task_group_context.obj
 0001:00011650       ??$propagate_task_group_state@_K@generic_scheduler@internal@tbb@@QEAAXPEQtask_group_context@2@_KAEAV32@_K@Z 0000000180012650 f i task_group_context.obj
 0001:00011750       ??$propagate_task_group_state@_J@generic_scheduler@internal@tbb@@QEAAXPEQtask_group_context@2@_JAEAV32@_J@Z 0000000180012750 f i task_group_context.obj
 0001:00011860       ?initialize_cilk_interop@internal@tbb@@YA_NXZ 0000000180012860 f   governor.obj
 0001:00011890       ?sign_on@governor@internal@tbb@@SAXPEAVgeneric_scheduler@23@@Z 0000000180012890 f   governor.obj
 0001:00011910       ?one_time_init@governor@internal@tbb@@SAXXZ 0000000180012910 f   governor.obj
 0001:000119d0       ?init_scheduler@governor@internal@tbb@@SAPEAVgeneric_scheduler@23@H_K_N@Z 00000001800129d0 f   governor.obj
 0001:00011b10       ?auto_terminate@governor@internal@tbb@@CAXPEAX@Z 0000000180012b10 f   governor.obj
 0001:00011ba0       ?stack_op_handler@governor@internal@tbb@@SAHW4__cilk_tbb_stack_op@@PEAX@Z 0000000180012ba0 f   governor.obj
 0001:00011c30       ?initialization_impl@numa_topology@internal@tbb@@YAXXZ 0000000180012c30 f   governor.obj
 0001:00011ea0       ?initialize@numa_topology@internal@tbb@@YAXXZ 0000000180012ea0 f   governor.obj
 0001:00011f50       ?nodes_count@numa_topology@internal@tbb@@YAIXZ 0000000180012f50 f   governor.obj
 0001:00011f70       ?fill@numa_topology@internal@tbb@@YAXPEAH@Z 0000000180012f70 f   governor.obj
 0001:00011fc0       ?default_concurrency@numa_topology@internal@tbb@@YAHH@Z 0000000180012fc0 f   governor.obj
 0001:00011ff0       ?initialize@task_scheduler_init@tbb@@QEAAXH@Z 0000000180012ff0 f   governor.obj
 0001:00012000       ?initialize@task_scheduler_init@tbb@@QEAAXH_K@Z 0000000180013000 f   governor.obj
 0001:000122d0       ?internal_terminate@task_scheduler_init@tbb@@AEAA_N_N@Z 00000001800132d0 f   governor.obj
 0001:00012410       ?terminate@task_scheduler_init@tbb@@QEAAXXZ 0000000180013410 f   governor.obj
 0001:00012420       ?internal_blocking_terminate@task_scheduler_init@tbb@@AEAA_N_N@Z 0000000180013420 f   governor.obj
 0001:00012460       ?default_num_threads@task_scheduler_init@tbb@@SAHXZ 0000000180013460 f   governor.obj
 0001:00012470       ??1scoped_lock@spin_rw_mutex_v3@tbb@@QEAA@XZ 0000000180013470 f i market.obj
 0001:000124a0       ?raw_length@pairNode@@UEBAHXZ 00000001800134a0 f i libvcruntime:undname.obj
 0001:000124a0       ?max_job_count@market@internal@tbb@@EEBAIXZ 00000001800134a0 f i market.obj
 0001:000124b0       ?min_stack_size@market@internal@tbb@@EEBA_KXZ 00000001800134b0 f i market.obj
 0001:000124c0       ?policy@market@internal@tbb@@EEBA?AW4policy_type@client@rml@@XZ 00000001800134c0 f i market.obj
 0001:000124c0       ?length@charNode@@UEBAHXZ  00000001800134c0 f i libvcruntime:undname.obj
 0001:000124c0       ?raw_length@charNode@@UEBAHXZ 00000001800134c0 f i libvcruntime:undname.obj
 0001:000124c0       _get_startup_argv_mode     00000001800134c0 f i LIBCMT:argv_mode.obj
 0001:000124d0       ?global_market@market@internal@tbb@@CAAEAV123@_NI_K@Z 00000001800134d0 f   market.obj
 0001:00012870       ?release@market@internal@tbb@@QEAA_N_N0@Z 0000000180013870 f   market.obj
 0001:000129f0       ?set_active_num_workers@market@internal@tbb@@SAXI@Z 00000001800139f0 f   market.obj
 0001:00012c70       ?create_arena@market@internal@tbb@@SAPEAVarena@23@HH_K@Z 0000000180013c70 f   market.obj
 0001:00012dd0       ?try_destroy_arena@market@internal@tbb@@QEAAXPEAVarena@23@_K@Z 0000000180013dd0 f   market.obj
 0001:00012f30       ?arena_in_need@market@internal@tbb@@AEAAPEAVarena@23@PEAV423@@Z 0000000180013f30 f   market.obj
 0001:00013090       ?update_allotment@market@internal@tbb@@AEAAX_J@Z 0000000180014090 f   market.obj
 0001:000131e0       ?enable_mandatory_concurrency@market@internal@tbb@@QEAAXPEAVarena@23@@Z 00000001800141e0 f   market.obj
 0001:000132e0       ?mandatory_concurrency_disable@market@internal@tbb@@QEAAXPEAVarena@23@@Z 00000001800142e0 f   market.obj
 0001:00013400       ?adjust_demand@market@internal@tbb@@QEAAXAEAVarena@23@H@Z 0000000180014400 f   market.obj
 0001:000136c0       ?process@market@internal@tbb@@EEAAXAEAVjob@rml@@@Z 00000001800146c0 f   market.obj
 0001:00013750       ?cleanup@market@internal@tbb@@EEAAXAEAVjob@rml@@@Z 0000000180014750 f   market.obj
 0001:00013850       ?acknowledge_close_connection@market@internal@tbb@@EEAAXXZ 0000000180014850 f   market.obj
 0001:00013870       ?create_one_job@market@internal@tbb@@EEAAPEAVjob@rml@@XZ 0000000180014870 f   market.obj
 0001:00013920       ?update_arena_top_priority@market@internal@tbb@@AEAAXAEAVarena@23@_J@Z 0000000180014920 f   market.obj
 0001:00013a30       ?update_arena_priority@market@internal@tbb@@QEAA_NAEAVarena@23@_J@Z 0000000180014a30 f   market.obj
 0001:00013c10       ?rethrow_exception@std@@YAXVexception_ptr@1@@Z 0000000180014c10 f i arena.obj
 0001:00013c20       ?throw_self@tbb_exception_ptr@internal@tbb@@QEAAXXZ 0000000180014c20 f i arena.obj
 0001:00013c40       ??_Etask_scheduler_observer_v3@internal@tbb@@UEAAPEAXI@Z 0000000180014c40 f i * CIL library *:* CIL module *
 0001:00013c40       ??_Gtask_scheduler_observer_v3@internal@tbb@@UEAAPEAXI@Z 0000000180014c40 f i arena.obj
 0001:00013c90       ??1task_scheduler_observer@interface6@tbb@@UEAA@XZ 0000000180014c90 f i arena.obj
 0001:00013ce0       ??_Etask_scheduler_observer@interface6@tbb@@UEAAPEAXI@Z 0000000180014ce0 f i * CIL library *:* CIL module *
 0001:00013ce0       ??_Gtask_scheduler_observer@interface6@tbb@@UEAAPEAXI@Z 0000000180014ce0 f i arena.obj
 0001:00013d50       ?notify_entry_observers@observer_list@internal@tbb@@QEAAXAEAPEAVobserver_proxy@23@_N@Z 0000000180014d50 f i arena.obj
 0001:00013ee0       ?notify_exit_observers@observer_list@internal@tbb@@QEAAXAEAPEAVobserver_proxy@23@_N@Z 0000000180014ee0 f i arena.obj
 0001:00014060       ?notify_one@concurrent_monitor@internal@tbb@@QEAAXXZ 0000000180015060 f i arena.obj
 0001:00014130       ?on_scheduler_entry@numa_binding_observer@internal@tbb@@UEAAX_N@Z 0000000180015130 f i arena.obj
 0001:00014180       ?on_scheduler_exit@numa_binding_observer@internal@tbb@@UEAAX_N@Z 0000000180015180 f i arena.obj
 0001:000141c0       ??_Enuma_binding_observer@internal@tbb@@UEAAPEAXI@Z 00000001800151c0 f i * CIL library *:* CIL module *
 0001:000141c0       ??_Gnuma_binding_observer@internal@tbb@@UEAAPEAXI@Z 00000001800151c0 f i arena.obj
 0001:00014240       ?occupy_free_slot_in_range@arena@internal@tbb@@QEAA_KAEAVgeneric_scheduler@23@_K1@Z 0000000180015240 f   arena.obj
 0001:00014330       ?process@arena@internal@tbb@@QEAAXAEAVgeneric_scheduler@23@@Z 0000000180015330 f   arena.obj
 0001:00014550       ??0arena@internal@tbb@@QEAA@AEAVmarket@12@II@Z 0000000180015550 f   arena.obj
 0001:000147a0       ??1?$padded@Uarena_base@internal@tbb@@$0IA@@internal@tbb@@QEAA@XZ 00000001800157a0 f i arena.obj
 0001:000147d0       ?free_arena@arena@internal@tbb@@QEAAXXZ 00000001800157d0 f   arena.obj
 0001:00014a30       ?is_out_of_work@arena@internal@tbb@@QEAA_NXZ 0000000180015a30 f   arena.obj
 0001:00014ee0       ?enqueue_task@arena@internal@tbb@@QEAAXAEAVtask@3@_JAEAVFastRandom@23@@Z 0000000180015ee0 f   arena.obj
 0001:00014fd0       ??0nested_arena_context@internal@tbb@@QEAA@PEAVgeneric_scheduler@12@PEAVarena@12@_K_N3@Z 0000000180015fd0 f i arena.obj
 0001:00015220       ??1nested_arena_context@internal@tbb@@QEAA@XZ 0000000180016220 f i arena.obj
 0001:000153b0       ??0auto_empty_task@internal@tbb@@QEAA@PEAVgeneric_scheduler@12@PEAVtask_group_context@2@@Z 00000001800163b0 f i arena.obj
 0001:000154b0       ??1auto_empty_task@internal@tbb@@QEAA@XZ 00000001800164b0 f i arena.obj
 0001:000154d0       ?internal_initialize@task_arena_base@internal@interface7@tbb@@IEAAXXZ 00000001800164d0 f   arena.obj
 0001:00015770       ?internal_terminate@task_arena_base@internal@interface7@tbb@@IEAAXXZ 0000000180016770 f   arena.obj
 0001:00015890       ?internal_attach@task_arena_base@internal@interface7@tbb@@IEAAXXZ 0000000180016890 f   arena.obj
 0001:00015910       ?internal_enqueue@task_arena_base@internal@interface7@tbb@@IEBAXAEAVtask@4@_J@Z 0000000180016910 f   arena.obj
 0001:00015980       ?execute@delegated_task@internal@interface7@tbb@@EEAAPEAVtask@4@XZ 0000000180016980 f i arena.obj
 0001:00015a20       ??1outermost_context@?1??execute@delegated_task@internal@interface7@tbb@@EEAAPEAVtask@5@XZ@QEAA@XZ 0000000180016a20 f i arena.obj
 0001:00015a50       ??_Edelegated_task@internal@interface7@tbb@@EEAAPEAXI@Z 0000000180016a50 f i * CIL library *:* CIL module *
 0001:00015a50       ??_Gdelegated_task@internal@interface7@tbb@@EEAAPEAXI@Z 0000000180016a50 f i arena.obj
 0001:00015be0       ?internal_execute@task_arena_base@internal@interface7@tbb@@IEBAXAEAVdelegate_base@234@@Z 0000000180016be0 f   arena.obj
 0001:000162a0       ?execute@wait_task@internal@interface7@tbb@@EEAAPEAVtask@4@XZ 00000001800172a0 f i arena.obj
 0001:00016310       ??_G?$function_task@Vspawn_functor@graph@interface10@flow@tbb@@@internal@tbb@@UEAAPEAXI@Z 0000000180017310 f i arena.obj
 0001:00016310       ??_E?$function_task@Vspawn_functor@graph@interface10@flow@tbb@@@internal@tbb@@UEAAPEAXI@Z 0000000180017310 f i * CIL library *:* CIL module *
 0001:00016310       ??_Ewait_task@internal@interface7@tbb@@UEAAPEAXI@Z 0000000180017310 f i * CIL library *:* CIL module *
 0001:00016310       ??_Gwait_task@internal@interface7@tbb@@UEAAPEAXI@Z 0000000180017310 f i arena.obj
 0001:00016340       ?internal_wait@task_arena_base@internal@interface7@tbb@@IEBAXXZ 0000000180017340 f   arena.obj
 0001:000165f0       ?internal_current_slot@task_arena_base@internal@interface7@tbb@@KAHXZ 00000001800175f0 f   arena.obj
 0001:00016620       ??1isolation_guard@internal@interface7@tbb@@QEAA@XZ 0000000180017620 f i arena.obj
 0001:00016630       ?isolate_within_arena@internal@interface7@tbb@@YAXAEAVdelegate_base@123@_J@Z 0000000180017630 f   arena.obj
 0001:000166c0       ?internal_max_concurrency@task_arena_base@internal@interface7@tbb@@KAHPEBVtask_arena@34@@Z 00000001800176c0 f   arena.obj
 0001:00016710       ?restore_default@?$context_guard_helper@$0A@@internal@tbb@@QEAAXXZ 0000000180017710 f i arena.obj
 0001:00016710       ?restore_default@?$context_guard_helper@$00@internal@tbb@@QEAAXXZ 0000000180017710 f i scheduler.obj
 0001:00016750       ??1?$context_guard_helper@$0A@@internal@tbb@@QEAA@XZ 0000000180017750 f i arena.obj
 0001:00016770       ?execute@?$function_task@Vspawn_functor@graph@interface10@flow@tbb@@@internal@tbb@@EEAAPEAVtask@3@XZ 0000000180017770 f i arena.obj
 0001:00016790       ?push@?$task_stream@$02@internal@tbb@@QEAAXPEAVtask@3@HAEAVFastRandom@23@@Z 0000000180017790 f i arena.obj
 0001:000168f0       ??1?$task_stream@$02@internal@tbb@@QEAA@XZ 00000001800178f0 f i arena.obj
 0001:00016960       ??0?$padded@U?$queue_and_mutex@PEAVtask@tbb@@Vspin_mutex@2@@internal@tbb@@$0IA@@internal@tbb@@QEAA@XZ 0000000180017960 f i arena.obj
 0001:000169d0       ??1?$padded@U?$queue_and_mutex@PEAVtask@tbb@@Vspin_mutex@2@@internal@tbb@@$0IA@@internal@tbb@@QEAA@XZ 00000001800179d0 f i arena.obj
 0001:000169e0       ??1?$deque@PEAVtask@tbb@@V?$tbb_allocator@PEAVtask@tbb@@@2@@std@@QEAA@XZ 00000001800179e0 f i arena.obj
 0001:00016a80       ??$advertise_new_work@$01@arena@internal@tbb@@QEAAXXZ 0000000180017a80 f i arena.obj
 0001:00016b50       ??$on_thread_leaving@$00@arena@internal@tbb@@QEAAXXZ 0000000180017b50 f i arena.obj
 0001:00016be0       ??$occupy_free_slot@$0A@@arena@internal@tbb@@QEAA_KAEAVgeneric_scheduler@12@@Z 0000000180017be0 f i arena.obj
 0001:00016ca0       ?_Growmap@?$deque@PEAVtask@tbb@@V?$tbb_allocator@PEAVtask@tbb@@@2@@std@@AEAAX_K@Z 0000000180017ca0 f i arena.obj
 0001:00016e00       ?_Xlen@?$deque@PEAVtask@tbb@@V?$tbb_allocator@PEAVtask@tbb@@@2@@std@@AEBAXXZ 0000000180017e00 f i arena.obj
 0001:00016e20       ??1scheduler@internal@tbb@@UEAA@XZ 0000000180017e20 f   scheduler.obj
 0001:00016e30       ??0generic_scheduler@internal@tbb@@IEAA@AEAVmarket@12@_N@Z 0000000180017e30 f   scheduler.obj
 0001:00017020       ??_G?$custom_scheduler@UDefaultSchedulerTraits@internal@tbb@@@internal@tbb@@UEAAPEAXI@Z 0000000180018020 f i scheduler.obj
 0001:00017020       ??_Ggeneric_scheduler@internal@tbb@@UEAAPEAXI@Z 0000000180018020 f i scheduler.obj
 0001:00017020       ??_Egeneric_scheduler@internal@tbb@@UEAAPEAXI@Z 0000000180018020 f i * CIL library *:* CIL module *
 0001:00017020       ??_E?$custom_scheduler@UIntelSchedulerTraits@internal@tbb@@@internal@tbb@@UEAAPEAXI@Z 0000000180018020 f i * CIL library *:* CIL module *
 0001:00017020       ??_E?$custom_scheduler@UDefaultSchedulerTraits@internal@tbb@@@internal@tbb@@UEAAPEAXI@Z 0000000180018020 f i * CIL library *:* CIL module *
 0001:00017020       ??_G?$custom_scheduler@UIntelSchedulerTraits@internal@tbb@@@internal@tbb@@UEAAPEAXI@Z 0000000180018020 f i scheduler.obj
 0001:00017050       ?cleanup_scheduler@generic_scheduler@internal@tbb@@QEAAXXZ 0000000180018050 f   scheduler.obj
 0001:00017250       ?allocate_task@generic_scheduler@internal@tbb@@QEAAAEAVtask@3@_KPEAV43@PEAVtask_group_context@3@@Z 0000000180018250 f   scheduler.obj
 0001:00017390       ?prepare_task_pool@generic_scheduler@internal@tbb@@QEAA_K_K@Z 0000000180018390 f i scheduler.obj
 0001:000176a0       ?acquire_task_pool@generic_scheduler@internal@tbb@@QEBAXXZ 00000001800186a0 f i scheduler.obj
 0001:00017760       ?prepare_for_spawning@generic_scheduler@internal@tbb@@QEAAPEAVtask@3@PEAV43@@Z 0000000180018760 f i scheduler.obj
 0001:000178e0       ?local_spawn@generic_scheduler@internal@tbb@@QEAAXPEAVtask@3@AEAPEAV43@@Z 00000001800188e0 f   scheduler.obj
 0001:00017c00       ?spawn@generic_scheduler@internal@tbb@@UEAAXAEAVtask@3@AEAPEAV43@@Z 0000000180018c00 f   scheduler.obj
 0001:00017c50       ?spawn_root_and_wait@generic_scheduler@internal@tbb@@UEAAXAEAVtask@3@AEAPEAV43@@Z 0000000180018c50 f   scheduler.obj
 0001:00017d30       ?enqueue@generic_scheduler@internal@tbb@@UEAAXAEAVtask@3@PEAX@Z 0000000180018d30 f   scheduler.obj
 0001:00017d90       ??1auto_indicator@internal@tbb@@QEAA@XZ 0000000180018d90 f i scheduler.obj
 0001:00017da0       ?get_task_and_activate_task_pool@generic_scheduler@internal@tbb@@QEAAPEAVtask@3@_K0_J@Z 0000000180018da0 f   scheduler.obj
 0001:00017f90       ?winnow_task_pool@generic_scheduler@internal@tbb@@QEAAPEAVtask@3@_J@Z 0000000180018f90 f   scheduler.obj
 0001:00018060       ?reload_tasks@generic_scheduler@internal@tbb@@QEAAPEAVtask@3@AEAPEAV43@AEAPEAPEAV43@_J2@Z 0000000180019060 f   scheduler.obj
 0001:00018370       ?reload_tasks@generic_scheduler@internal@tbb@@QEAAPEAVtask@3@_J@Z 0000000180019370 f   scheduler.obj
 0001:000184b0       ?get_task@generic_scheduler@internal@tbb@@QEAAPEAVtask@3@_J@Z 00000001800194b0 f i scheduler.obj
 0001:000187b0       ?steal_task@generic_scheduler@internal@tbb@@QEAAPEAVtask@3@_J@Z 00000001800197b0 f   scheduler.obj
 0001:000188a0       ?steal_task_from@generic_scheduler@internal@tbb@@QEAAPEAVtask@3@AEAUarena_slot@23@_J@Z 00000001800198a0 f   scheduler.obj
 0001:00018a90       ?get_mailbox_task@generic_scheduler@internal@tbb@@QEAAPEAVtask@3@_J@Z 0000000180019a90 f   scheduler.obj
 0001:00018bc0       ?create_master@generic_scheduler@internal@tbb@@SAPEAV123@PEAVarena@23@@Z 0000000180019bc0 f   scheduler.obj
 0001:00018e00       ?cleanup_master@generic_scheduler@internal@tbb@@QEAA_N_N@Z 0000000180019e00 f   scheduler.obj
 0001:00019090       ??1?$fast_reverse_vector@PEAVtask@tbb@@$0BA@@internal@tbb@@QEAA@XZ 000000018001a090 f i scheduler.obj
 0001:000190e0       ?allocate_scheduler@?$custom_scheduler@UIntelSchedulerTraits@internal@tbb@@@internal@tbb@@SAPEAVgeneric_scheduler@23@AEAVmarket@23@_N@Z 000000018001a0e0 f i scheduler.obj
 0001:00019170       ?wait_for_all@?$custom_scheduler@UIntelSchedulerTraits@internal@tbb@@@internal@tbb@@EEAAXAEAVtask@3@PEAV43@@Z 000000018001a170 f i scheduler.obj
 0001:000191c0       ?allocate_scheduler@?$custom_scheduler@UDefaultSchedulerTraits@internal@tbb@@@internal@tbb@@SAPEAVgeneric_scheduler@23@AEAVmarket@23@_N@Z 000000018001a1c0 f i scheduler.obj
 0001:00019250       ?wait_for_all@?$custom_scheduler@UDefaultSchedulerTraits@internal@tbb@@@internal@tbb@@EEAAXAEAVtask@3@PEAV43@@Z 000000018001a250 f i scheduler.obj
 0001:000192a0       ?local_wait_for_all@?$custom_scheduler@UDefaultSchedulerTraits@internal@tbb@@@internal@tbb@@EEAAXAEAVtask@3@PEAV43@@Z 000000018001a2a0 f i scheduler.obj
 0001:00019710       ?receive_or_steal_task@?$custom_scheduler@UDefaultSchedulerTraits@internal@tbb@@@internal@tbb@@UEAAPEAVtask@3@AEA_J_J@Z 000000018001a710 f i scheduler.obj
 0001:00019c10       ?local_wait_for_all@?$custom_scheduler@UIntelSchedulerTraits@internal@tbb@@@internal@tbb@@EEAAXAEAVtask@3@PEAV43@@Z 000000018001ac10 f i scheduler.obj
 0001:00019f50       ?receive_or_steal_task@?$custom_scheduler@UIntelSchedulerTraits@internal@tbb@@@internal@tbb@@UEAAPEAVtask@3@AEA_J_J@Z 000000018001af50 f i scheduler.obj
 0001:0001a3b0       ??$free_task@$05@generic_scheduler@internal@tbb@@QEAAXAEAVtask@2@@Z 000000018001b3b0 f i scheduler.obj
 0001:0001a3b0       ??$free_task@$01@generic_scheduler@internal@tbb@@QEAAXAEAVtask@2@@Z 000000018001b3b0 f i scheduler.obj
 0001:0001a3b0       ??$free_task@$0A@@generic_scheduler@internal@tbb@@QEAAXAEAVtask@2@@Z 000000018001b3b0 f i scheduler.obj
 0001:0001a4b0       ??$advertise_new_work@$0A@@arena@internal@tbb@@QEAAXXZ 000000018001b4b0 f i scheduler.obj
 0001:0001a550       ??1?$context_guard_helper@$00@internal@tbb@@QEAA@XZ 000000018001b550 f i scheduler.obj
 0001:0001a5c0       ?pop@?$task_stream@$02@internal@tbb@@QEAAPEAVtask@3@HAEAI@Z 000000018001b5c0 f i scheduler.obj
 0001:0001a6e0       ?process_bypass_loop@?$custom_scheduler@UDefaultSchedulerTraits@internal@tbb@@@internal@tbb@@AEAA_NAEAV?$context_guard_helper@$00@23@PEAVtask@3@_J@Z 000000018001b6e0 f i scheduler.obj
 0001:0001aa20       ?process_bypass_loop@?$custom_scheduler@UIntelSchedulerTraits@internal@tbb@@@internal@tbb@@AEAA_NAEAV?$context_guard_helper@$0A@@23@PEAVtask@3@_J@Z 000000018001ba20 f i scheduler.obj
 0001:0001acd0       ?tally_completion_of_predecessor@?$custom_scheduler@UIntelSchedulerTraits@internal@tbb@@@internal@tbb@@AEAAXAEAVtask@3@AEAPEAV43@_J@Z 000000018001bcd0 f i scheduler.obj
 0001:0001adf0       ?tally_completion_of_predecessor@?$custom_scheduler@UDefaultSchedulerTraits@internal@tbb@@@internal@tbb@@AEAAXAEAVtask@3@AEAPEAV43@_J@Z 000000018001bdf0 f i scheduler.obj
 0001:0001af30       ?insert@observer_list@internal@tbb@@QEAAXPEAVobserver_proxy@23@@Z 000000018001bf30 f   observer_proxy.obj
 0001:0001afc0       ?remove_ref@observer_list@internal@tbb@@QEAAXPEAVobserver_proxy@23@@Z 000000018001bfc0 f   observer_proxy.obj
 0001:0001b090       ?observe@task_scheduler_observer_v3@internal@tbb@@QEAAX_N@Z 000000018001c090 f   observer_proxy.obj
 0001:0001b350       ?terminate_auto_initialized_scheduler@governor@internal@tbb@@SAXXZ 000000018001c350 f i tbb_main.obj
 0001:0001b3f0       ?add_ref@__TBB_InitOnce@internal@tbb@@SAXXZ 000000018001c3f0 f   tbb_main.obj
 0001:0001b460       ?remove_ref@__TBB_InitOnce@internal@tbb@@SAXXZ 000000018001c460 f   tbb_main.obj
 0001:0001b520       ?ITT_DoUnsafeOneTimeInitialization@internal@tbb@@YAXXZ 000000018001c520 f   tbb_main.obj
 0001:0001b640       ITT_DoOneTimeInitialization 000000018001c640 f   tbb_main.obj
 0001:0001b6c0       ?DoOneTimeInitializations@internal@tbb@@YAXXZ 000000018001c6c0 f   tbb_main.obj
 0001:0001b980       DllMain                    000000018001c980 f   tbb_main.obj
 0001:0001b9d0       ?itt_store_pointer_with_release_v3@internal@tbb@@YAXPEAX0@Z 000000018001c9d0 f   tbb_main.obj
 0001:0001ba10       ?itt_load_pointer_with_acquire_v3@internal@tbb@@YAPEAXPEBX@Z 000000018001ca10 f   tbb_main.obj
 0001:0001ba30       ?call_itt_notify_v5@internal@tbb@@YAXHPEAX@Z 000000018001ca30 f   tbb_main.obj
 0001:0001ba80       ?itt_make_task_group_v7@internal@tbb@@YAXW4itt_domain_enum@12@PEAX_K12W4string_index@12@@Z 000000018001ca80 f   tbb_main.obj
 0001:0001bc00       ?itt_metadata_str_add_v7@internal@tbb@@YAXW4itt_domain_enum@12@PEAX_KW4string_index@12@PEBD@Z 000000018001cc00 f   tbb_main.obj
 0001:0001bce0       ?itt_metadata_ptr_add_v11@internal@tbb@@YAXW4itt_domain_enum@12@PEAX_KW4string_index@12@1@Z 000000018001cce0 f   tbb_main.obj
 0001:0001bdc0       ?itt_relation_add_v7@internal@tbb@@YAXW4itt_domain_enum@12@PEAX_KW4itt_relation@12@12@Z 000000018001cdc0 f   tbb_main.obj
 0001:0001beb0       ?itt_task_begin_v7@internal@tbb@@YAXW4itt_domain_enum@12@PEAX_K12W4string_index@12@@Z 000000018001ceb0 f   tbb_main.obj
 0001:0001bfd0       ?itt_task_end_v7@internal@tbb@@YAXW4itt_domain_enum@12@@Z 000000018001cfd0 f   tbb_main.obj
 0001:0001c020       ?itt_region_begin_v9@internal@tbb@@YAXW4itt_domain_enum@12@PEAX_K12W4string_index@12@@Z 000000018001d020 f   tbb_main.obj
 0001:0001c110       ?itt_region_end_v9@internal@tbb@@YAXW4itt_domain_enum@12@PEAX_K@Z 000000018001d110 f   tbb_main.obj
 0001:0001c1a0       ?itt_load_pointer_v3@internal@tbb@@YAPEAXPEBX@Z 000000018001d1a0 f   tbb_main.obj
 0001:0001c1b0       ?itt_set_sync_name_v3@internal@tbb@@YAXPEAXPEB_W@Z 000000018001d1b0 f   tbb_main.obj
 0001:0001c1c0       ?is_first_arg_preferred@control_storage@internal@tbb@@MEBA_N_K0@Z 000000018001d1c0 f i tbb_main.obj
 0001:0001c1d0       ?active_value@control_storage@internal@tbb@@MEBA_KXZ 000000018001d1d0 f i tbb_main.obj
 0001:0001c1f0       ?default_value@allowed_parallelism_control@internal@tbb@@EEBA_KXZ 000000018001d1f0 f i tbb_main.obj
 0001:0001c210       ?is_first_arg_preferred@allowed_parallelism_control@internal@tbb@@EEBA_N_K0@Z 000000018001d210 f i tbb_main.obj
 0001:0001c220       ?apply_active@allowed_parallelism_control@internal@tbb@@EEBAXXZ 000000018001d220 f i tbb_main.obj
 0001:0001c230       ?active_value@allowed_parallelism_control@internal@tbb@@EEBA_KXZ 000000018001d230 f i tbb_main.obj
 0001:0001c2f0       ?default_value@stack_size_control@internal@tbb@@EEBA_KXZ 000000018001d2f0 f i tbb_main.obj
 0001:0001c300       ?internal_create@global_control@interface9@tbb@@AEAAXXZ 000000018001d300 f   tbb_main.obj
 0001:0001c470       ?internal_destroy@global_control@interface9@tbb@@AEAAXXZ 000000018001d470 f   tbb_main.obj
 0001:0001c640       ?active_value@global_control@interface9@tbb@@CA_KH@Z 000000018001d640 f   tbb_main.obj
 0001:0001c6f0       ?internal_grow_to_at_least@concurrent_vector_base@internal@tbb@@IEAAX_K0P6AXPEAX0@Z@Z 000000018001d6f0 f   concurrent_vector_v2.obj
 0001:0001c730       ?extend_segment_if_necessary@helper@concurrent_vector_base@internal@tbb@@SAXAEAV234@_K@Z 000000018001d730 f i concurrent_vector_v2.obj
 0001:0001c800       ?internal_capacity@concurrent_vector_base@internal@tbb@@IEBA_KXZ 000000018001d800 f   concurrent_vector_v2.obj
 0001:0001c850       ?internal_reserve@concurrent_vector_base@internal@tbb@@IEAAX_K00@Z 000000018001d850 f   concurrent_vector_v2.obj
 0001:0001c9b0       ?internal_copy@concurrent_vector_base@internal@tbb@@IEAAXAEBV123@_KP6AXPEAXPEBX1@Z@Z 000000018001d9b0 f   concurrent_vector_v2.obj
 0001:0001cae0       ?internal_assign@concurrent_vector_base@internal@tbb@@IEAAXAEBV123@_KP6AXPEAX1@ZP6AX2PEBX1@Z5@Z 000000018001dae0 f   concurrent_vector_v2.obj
 0001:0001ccd0       ?internal_push_back@concurrent_vector_base@internal@tbb@@IEAAPEAX_KAEA_K@Z 000000018001dcd0 f   concurrent_vector_v2.obj
 0001:0001ce40       ?internal_grow_by@concurrent_vector_base@internal@tbb@@IEAA_K_K0P6AXPEAX0@Z@Z 000000018001de40 f   concurrent_vector_v2.obj
 0001:0001ce70       ?internal_grow@concurrent_vector_base@internal@tbb@@IEAAX_K00P6AXPEAX0@Z@Z 000000018001de70 f   concurrent_vector_v2.obj
 0001:0001d020       ?internal_clear@concurrent_vector_base@internal@tbb@@IEAAXP6AXPEAX_K@Z_N@Z 000000018001e020 f   concurrent_vector_v2.obj
 0001:0001d130       ??1push_finalizer@micro_queue@internal@tbb@@QEAA@XZ 000000018001e130 f i concurrent_queue_v2.obj
 0001:0001d140       ??1pop_finalizer@micro_queue@internal@tbb@@QEAA@XZ 000000018001e140 f i concurrent_queue_v2.obj
 0001:0001d210       ?push@micro_queue@internal@tbb@@QEAAXPEBX_KAEAVconcurrent_queue_base@23@@Z 000000018001e210 f   concurrent_queue_v2.obj
 0001:0001d360       ?pop@micro_queue@internal@tbb@@QEAA_NPEAX_KAEAVconcurrent_queue_base@23@@Z 000000018001e360 f   concurrent_queue_v2.obj
 0001:0001d4e0       ??0concurrent_queue_base@internal@tbb@@IEAA@_K@Z 000000018001e4e0 f   concurrent_queue_v2.obj
 0001:0001d5b0       ??_Econcurrent_queue_base@internal@tbb@@MEAAPEAXI@Z 000000018001e5b0 f i * CIL library *:* CIL module *
 0001:0001d5b0       ??_Gconcurrent_queue_base@internal@tbb@@MEAAPEAXI@Z 000000018001e5b0 f i concurrent_queue_v2.obj
 0001:0001d630       ??1concurrent_queue_base@internal@tbb@@MEAA@XZ 000000018001e630 f   concurrent_queue_v2.obj
 0001:0001d690       ?internal_push@concurrent_queue_base@internal@tbb@@IEAAXPEBX@Z 000000018001e690 f   concurrent_queue_v2.obj
 0001:0001d760       ?internal_pop@concurrent_queue_base@internal@tbb@@IEAAXPEAX@Z 000000018001e760 f   concurrent_queue_v2.obj
 0001:0001d7c0       ?internal_pop_if_present@concurrent_queue_base@internal@tbb@@IEAA_NPEAX@Z 000000018001e7c0 f   concurrent_queue_v2.obj
 0001:0001d880       ?internal_push_if_not_full@concurrent_queue_base@internal@tbb@@IEAA_NPEBX@Z 000000018001e880 f   concurrent_queue_v2.obj
 0001:0001d950       ?internal_size@concurrent_queue_base@internal@tbb@@IEBA_JXZ 000000018001e950 f   concurrent_queue_v2.obj
 0001:0001d970       ??0concurrent_queue_iterator_base@internal@tbb@@IEAA@AEBVconcurrent_queue_base@12@@Z 000000018001e970 f   concurrent_queue_v2.obj
 0001:0001da50       ?assign@concurrent_queue_iterator_base@internal@tbb@@IEAAXAEBV123@@Z 000000018001ea50 f   concurrent_queue_v2.obj
 0001:0001daf0       ?advance@concurrent_queue_iterator_base@internal@tbb@@IEAAXXZ 000000018001eaf0 f   concurrent_queue_v2.obj
 0001:0001db90       ??1concurrent_queue_iterator_base@internal@tbb@@IEAA@XZ 000000018001eb90 f   concurrent_queue_v2.obj
 0001:0001dbc0       ?internal_itt_releasing@spin_rw_mutex@tbb@@CAXPEAV12@@Z 000000018001ebc0 f   spin_rw_mutex_v2.obj
 0001:0001dbd0       ?internal_release_writer@spin_rw_mutex@tbb@@CAXPEAV12@@Z 000000018001ebd0 f   spin_rw_mutex_v2.obj
 0001:0001dc10       ?internal_acquire_reader@spin_rw_mutex@tbb@@CAXPEAV12@@Z 000000018001ec10 f   spin_rw_mutex_v2.obj
 0001:0001dcc0       ?internal_upgrade@spin_rw_mutex@tbb@@CA_NPEAV12@@Z 000000018001ecc0 f   spin_rw_mutex_v2.obj
 0001:0001de80       ?internal_downgrade@spin_rw_mutex@tbb@@CAXPEAV12@@Z 000000018001ee80 f   spin_rw_mutex_v2.obj
 0001:0001dec0       ?internal_try_acquire_reader@spin_rw_mutex@tbb@@CA_NPEAV12@@Z 000000018001eec0 f   spin_rw_mutex_v2.obj
 0001:0001df40       ?destroy@task@tbb@@QEAAXAEAV12@@Z 000000018001ef40 f   task_v2.obj
 0001:0001e0b0       __TBB_machine_fetchadd1    000000018001f0b0     atomic_support.obj
 0001:0001e0b8       __TBB_machine_fetchstore1  000000018001f0b8     atomic_support.obj
 0001:0001e0c0       __TBB_machine_cmpswp1      000000018001f0c0     atomic_support.obj
 0001:0001e0c8       __TBB_machine_fetchadd2    000000018001f0c8     atomic_support.obj
 0001:0001e0d8       __TBB_machine_fetchstore2  000000018001f0d8     atomic_support.obj
 0001:0001e0e0       __TBB_machine_cmpswp2      000000018001f0e0     atomic_support.obj
 0001:0001e0f0       __TBB_machine_pause        000000018001f0f0     atomic_support.obj
 0001:0001e100       __TBB_get_cpu_ctl_env      000000018001f100     intel64_misc.obj
 0001:0001e108       __TBB_set_cpu_ctl_env      000000018001f108     intel64_misc.obj
 0001:0001e110       __TBB_machine_try_lock_elided 000000018001f110     itsx.obj
 0001:0001e120       __TBB_machine_unlock_elided 000000018001f120     itsx.obj
 0001:0001e128       __TBB_machine_begin_transaction 000000018001f128     itsx.obj
 0001:0001e138       __TBB_machine_end_transaction 000000018001f138     itsx.obj
 0001:0001e140       __TBB_machine_transaction_conflict_abort 000000018001f140     itsx.obj
 0001:0001e148       __TBB_machine_is_in_transaction 000000018001f148     itsx.obj
 0001:0001e154       ??$_Immortalize_impl@V?$_ExceptionPtr_static@Vbad_alloc@std@@@?A0x13fc80ab@@@std@@YAHPEAX0PEAPEAX@Z 000000018001f154 f i libcpmt:excptptr.obj
 0001:0001e1c8       ??$_Immortalize_impl@V?$_ExceptionPtr_static@Vbad_exception@std@@@?A0x13fc80ab@@@std@@YAHPEAX0PEAPEAX@Z 000000018001f1c8 f i libcpmt:excptptr.obj
 0001:0001e23c       ??0bad_exception@std@@QEAA@AEBV01@@Z 000000018001f23c f i libcpmt:excptptr.obj
 0001:0001e280       ??0bad_exception@std@@QEAA@XZ 000000018001f280 f i libcpmt:excptptr.obj
 0001:0001e2b0       ??1?$shared_ptr@$$CBU_EXCEPTION_RECORD@@@std@@QEAA@XZ 000000018001f2b0 f i libcpmt:excptptr.obj
 0001:0001e300       ??1bad_exception@std@@UEAA@XZ 000000018001f300 f i libcpmt:excptptr.obj
 0001:0001e324       ??4?$shared_ptr@$$CBU_EXCEPTION_RECORD@@@std@@QEAAAEAV01@$$QEAV01@@Z 000000018001f324 f i libcpmt:excptptr.obj
 0001:0001e460       ??_G?$shared_ptr@$$CBU_EXCEPTION_RECORD@@@std@@QEAAPEAXI@Z 000000018001f460 f i libcpmt:excptptr.obj
 0001:0001e500       ??_Ebad_exception@std@@UEAAPEAXI@Z 000000018001f500 f i libcpmt:excptptr.obj
 0001:0001e500       ??_Gbad_exception@std@@UEAAPEAXI@Z 000000018001f500 f i libcpmt:excptptr.obj
 0001:0001e8c0       ?_CallMemberFunction0@@YAXQEAX0@Z 000000018001f8c0 f i libcpmt:excptptr.obj
 0001:0001e8c4       ?_CallMemberFunction1@@YAXQEAX00@Z 000000018001f8c4 f i libcpmt:excptptr.obj
 0001:0001e8d0       ?_CallMemberFunction2@@YAXQEAX00H@Z 000000018001f8d0 f i libcpmt:excptptr.obj
 0001:0001eaa0       ?__ExceptionPtrCopy@@YAXPEAXPEBX@Z 000000018001faa0 f   libcpmt:excptptr.obj
 0001:0001eac8       ?__ExceptionPtrCopyException@@YAXPEAXPEBX1@Z 000000018001fac8 f   libcpmt:excptptr.obj
 0001:0001eaf4       ?__ExceptionPtrCreate@@YAXPEAX@Z 000000018001faf4 f   libcpmt:excptptr.obj
 0001:0001eb00       ?__ExceptionPtrCurrentException@@YAXPEAX@Z 000000018001fb00 f   libcpmt:excptptr.obj
 0001:0001eb80       ?__ExceptionPtrDestroy@@YAXPEAX@Z 000000018001fb80 f   libcpmt:excptptr.obj
 0001:0001eb88       ?__ExceptionPtrRethrow@@YAXPEBX@Z 000000018001fb88 f   libcpmt:excptptr.obj
 0001:0001ed0c       ?_Xlength_error@std@@YAXPEBD@Z 000000018001fd0c f   libcpmt:xthrow.obj
 0001:0001ed30       ??0bad_array_new_length@std@@QEAA@AEBV01@@Z 000000018001fd30 f i libcpmt:xonce.obj
 0001:0001ed6c       ??0bad_array_new_length@std@@QEAA@XZ 000000018001fd6c f i libcpmt:xonce.obj
 0001:0001ed8c       ?_Execute_once@std@@YAHAEAUonce_flag@1@P6AHPEAX1PEAPEAX@Z1@Z 000000018001fd8c f   libcpmt:xonce.obj
 0001:0001f14c       __crtInitOnceExecuteOnce   000000018002014c f   libcpmt:winapisupp.obj
 0001:0001f230       __security_check_cookie    0000000180020230 f   LIBCMT:amdsecgs.obj
 0001:0001f254       ??3@YAXPEAX_K@Z            0000000180020254 f   LIBCMT:delete_scalar_size.obj
 0001:0001f254       ??_V@YAXPEAX@Z             0000000180020254 f   LIBCMT:delete_array.obj
 0001:0001f25c       ??_Etype_info@@UEAAPEAXI@Z 000000018002025c f i LIBCMT:std_type_info_static.obj
 0001:0001f25c       ??_Gtype_info@@UEAAPEAXI@Z 000000018002025c f i LIBCMT:std_type_info_static.obj
 0001:0001f288       __raise_securityfailure    0000000180020288 f   LIBCMT:gs_report.obj
 0001:0001f2bc       __report_gsfailure         00000001800202bc f   LIBCMT:gs_report.obj
 0001:0001f390       __report_rangecheckfailure 0000000180020390 f   LIBCMT:gs_report.obj
 0001:0001f3a4       __report_securityfailure   00000001800203a4 f   LIBCMT:gs_report.obj
 0001:0001f524       ??2@YAPEAX_K@Z             0000000180020524 f   LIBCMT:new_scalar.obj
 0001:0001f560       ?__scrt_initialize_type_info@@YAXXZ 0000000180020560 f   LIBCMT:tncleanup.obj
 0001:0001f570       ?__scrt_uninitialize_type_info@@YAXXZ 0000000180020570 f   LIBCMT:tncleanup.obj
 0001:0001f674       _Init_thread_abort         0000000180020674 f   LIBCMT:thread_safe_statics.obj
 0001:0001f6a4       _Init_thread_footer        00000001800206a4 f   LIBCMT:thread_safe_statics.obj
 0001:0001f704       _Init_thread_header        0000000180020704 f   LIBCMT:thread_safe_statics.obj
 0001:0001f76c       _Init_thread_notify        000000018002076c f   LIBCMT:thread_safe_statics.obj
 0001:0001f7b0       _Init_thread_wait          00000001800207b0 f   LIBCMT:thread_safe_statics.obj
 0001:0001f814       ??_V@YAXPEAX_K@Z           0000000180020814 f   LIBCMT:delete_array_size.obj
 0001:0001f81c       ??_M@YAXPEAX_K1P6AX0@Z@Z   000000018002081c f   LIBCMT:ehvecdtr.obj
 0001:0001f888       ?__ArrayUnwind@@YAXPEAX_K1P6AX0@Z@Z 0000000180020888 f   LIBCMT:ehvecdtr.obj
 0001:0001f8ec       ??_U@YAPEAX_K@Z            00000001800208ec f   LIBCMT:new_array.obj
 0001:0001f8f4       ??_L@YAXPEAX_K1P6AX0@Z2@Z  00000001800208f4 f   LIBCMT:ehvecctr.obj
[...]
 0004:00003c18       $pdata$??_G?$custom_scheduler@UDefaultSchedulerTraits@internal@tbb@@@internal@tbb@@UEAAPEAXI@Z 0000000180064c18     scheduler.obj
 0004:00003c18       $pdata$??_G?$custom_scheduler@UIntelSchedulerTraits@internal@tbb@@@internal@tbb@@UEAAPEAXI@Z 0000000180064c18     scheduler.obj
 0004:00003c18       $pdata$??_Ggeneric_scheduler@internal@tbb@@UEAAPEAXI@Z 0000000180064c18     scheduler.obj
 0004:00003c24       $pdata$?wait_for_all@?$custom_scheduler@UDefaultSchedulerTraits@internal@tbb@@@internal@tbb@@EEAAXAEAVtask@3@PEAV43@@Z 0000000180064c24     scheduler.obj
 0004:00003c30       $pdata$?allocate_scheduler@?$custom_scheduler@UDefaultSchedulerTraits@internal@tbb@@@internal@tbb@@SAPEAVgeneric_scheduler@23@AEAVmarket@23@_N@Z 0000000180064c30     scheduler.obj
 0004:00003c3c       $pdata$?wait_for_all@?$custom_scheduler@UIntelSchedulerTraits@internal@tbb@@@internal@tbb@@EEAAXAEAVtask@3@PEAV43@@Z 0000000180064c3c     scheduler.obj
 0004:00003c48       $pdata$?allocate_scheduler@?$custom_scheduler@UIntelSchedulerTraits@internal@tbb@@@internal@tbb@@SAPEAVgeneric_scheduler@23@AEAVmarket@23@_N@Z 0000000180064c48     scheduler.obj
 0004:00003c54       $pdata$??1?$fast_reverse_vector@PEAVtask@tbb@@$0BA@@internal@tbb@@QEAA@XZ 0000000180064c54     scheduler.obj
 0004:00003c60       $pdata$?get_mailbox_task@generic_scheduler@internal@tbb@@QEAAPEAVtask@3@_J@Z 0000000180064c60     scheduler.obj
 0004:00003c6c       $pdata$?steal_task_from@generic_scheduler@internal@tbb@@QEAAPEAVtask@3@AEAUarena_slot@23@_J@Z 0000000180064c6c     scheduler.obj
 0004:00003c78       $pdata$1$?steal_task_from@generic_scheduler@internal@tbb@@QEAAPEAVtask@3@AEAUarena_slot@23@_J@Z 0000000180064c78     scheduler.obj
 0004:00003c84       $pdata$2$?steal_task_from@generic_scheduler@internal@tbb@@QEAAPEAVtask@3@AEAUarena_slot@23@_J@Z 0000000180064c84     scheduler.obj
 0004:00003c90       $pdata$3$?steal_task_from@generic_scheduler@internal@tbb@@QEAAPEAVtask@3@AEAUarena_slot@23@_J@Z 0000000180064c90     scheduler.obj
 0004:00003c9c       $pdata$?steal_task@generic_scheduler@internal@tbb@@QEAAPEAVtask@3@_J@Z 0000000180064c9c     scheduler.obj
 0004:00003ca8       $pdata$?get_task@generic_scheduler@internal@tbb@@QEAAPEAVtask@3@_J@Z 0000000180064ca8     scheduler.obj
 0004:00003cb4       $pdata$?reload_tasks@generic_scheduler@internal@tbb@@QEAAPEAVtask@3@_J@Z 0000000180064cb4     scheduler.obj
 0004:00003cc0       $pdata$2$?reload_tasks@generic_scheduler@internal@tbb@@QEAAPEAVtask@3@_J@Z 0000000180064cc0     scheduler.obj
 0004:00003ccc       $pdata$3$?reload_tasks@generic_scheduler@internal@tbb@@QEAAPEAVtask@3@_J@Z 0000000180064ccc     scheduler.obj
 0004:00003cd8       $pdata$?reload_tasks@generic_scheduler@internal@tbb@@QEAAPEAVtask@3@AEAPEAV43@AEAPEAPEAV43@_J2@Z 0000000180064cd8     scheduler.obj
 0004:00003ce4       $pdata$?winnow_task_pool@generic_scheduler@internal@tbb@@QEAAPEAVtask@3@_J@Z 0000000180064ce4     scheduler.obj
 0004:00003cf0       $pdata$?get_task_and_activate_task_pool@generic_scheduler@internal@tbb@@QEAAPEAVtask@3@_K0_J@Z 0000000180064cf0     scheduler.obj
 0004:00003cfc       $pdata$1$?get_task_and_activate_task_pool@generic_scheduler@internal@tbb@@QEAAPEAVtask@3@_K0_J@Z 0000000180064cfc     scheduler.obj
 0004:00003d08       $pdata$5$?get_task_and_activate_task_pool@generic_scheduler@internal@tbb@@QEAAPEAVtask@3@_K0_J@Z 0000000180064d08     scheduler.obj
 0004:00003d14       $pdata$6$?get_task_and_activate_task_pool@generic_scheduler@internal@tbb@@QEAAPEAVtask@3@_K0_J@Z 0000000180064d14     scheduler.obj
 0004:00003d20       $pdata$7$?get_task_and_activate_task_pool@generic_scheduler@internal@tbb@@QEAAPEAVtask@3@_K0_J@Z 0000000180064d20     scheduler.obj
 0004:00003d2c       $pdata$?enqueue@generic_scheduler@internal@tbb@@UEAAXAEAVtask@3@PEAX@Z 0000000180064d2c     scheduler.obj
 0004:00003d38       $pdata$?spawn_root_and_wait@generic_scheduler@internal@tbb@@UEAAXAEAVtask@3@AEAPEAV43@@Z 0000000180064d38     scheduler.obj
 0004:00003d44       $pdata$?spawn@generic_scheduler@internal@tbb@@UEAAXAEAVtask@3@AEAPEAV43@@Z 0000000180064d44     scheduler.obj
 0004:00003d50       $pdata$?prepare_for_spawning@generic_scheduler@internal@tbb@@QEAAPEAVtask@3@PEAV43@@Z 0000000180064d50     scheduler.obj
 0004:00003d5c       $pdata$?acquire_task_pool@generic_scheduler@internal@tbb@@QEBAXXZ 0000000180064d5c     scheduler.obj
 0004:00003d68       $pdata$2$?acquire_task_pool@generic_scheduler@internal@tbb@@QEBAXXZ 0000000180064d68     scheduler.obj
 0004:00003d74       $pdata$3$?acquire_task_pool@generic_scheduler@internal@tbb@@QEBAXXZ 0000000180064d74     scheduler.obj
 0004:00003d80       $pdata$?prepare_task_pool@generic_scheduler@internal@tbb@@QEAA_K_K@Z 0000000180064d80     scheduler.obj
 0004:00003d8c       $pdata$0$?prepare_task_pool@generic_scheduler@internal@tbb@@QEAA_K_K@Z 0000000180064d8c     scheduler.obj
 0004:00003d98       $pdata$3$?prepare_task_pool@generic_scheduler@internal@tbb@@QEAA_K_K@Z 0000000180064d98     scheduler.obj
 0004:00003da4       $pdata$5$?prepare_task_pool@generic_scheduler@internal@tbb@@QEAA_K_K@Z 0000000180064da4     scheduler.obj
 0004:00003db0       $pdata$6$?prepare_task_pool@generic_scheduler@internal@tbb@@QEAA_K_K@Z 0000000180064db0     scheduler.obj
 0004:00003dbc       $pdata$7$?prepare_task_pool@generic_scheduler@internal@tbb@@QEAA_K_K@Z 0000000180064dbc     scheduler.obj
 0004:00003dc8       $pdata$8$?prepare_task_pool@generic_scheduler@internal@tbb@@QEAA_K_K@Z 0000000180064dc8     scheduler.obj
 0004:00003dd4       $pdata$9$?prepare_task_pool@generic_scheduler@internal@tbb@@QEAA_K_K@Z 0000000180064dd4     scheduler.obj
 0004:00003de0       $pdata$?cleanup_scheduler@generic_scheduler@internal@tbb@@QEAAXXZ 0000000180064de0     scheduler.obj
 0004:00003dec       $pdata$0$?cleanup_scheduler@generic_scheduler@internal@tbb@@QEAAXXZ 0000000180064dec     scheduler.obj
 0004:00003df8       $pdata$3$?cleanup_scheduler@generic_scheduler@internal@tbb@@QEAAXXZ 0000000180064df8     scheduler.obj
 0004:00003e04       $pdata$4$?cleanup_scheduler@generic_scheduler@internal@tbb@@QEAAXXZ 0000000180064e04     scheduler.obj
 0004:00003e10       $pdata$5$?cleanup_scheduler@generic_scheduler@internal@tbb@@QEAAXXZ 0000000180064e10     scheduler.obj
 0004:00003e1c       $pdata$6$?cleanup_scheduler@generic_scheduler@internal@tbb@@QEAAXXZ 0000000180064e1c     scheduler.obj
 0004:00003e28       $pdata$??0generic_scheduler@internal@tbb@@IEAA@AEAVmarket@12@_N@Z 0000000180064e28     scheduler.obj
 0004:00003e34       $pdata$??__Ethe_dummy_context@internal@tbb@@YAXXZ 0000000180064e34     scheduler.obj
 0004:00003e40       $pdata$?cleanup_master@generic_scheduler@internal@tbb@@QEAA_N_N@Z 0000000180064e40     scheduler.obj
 0004:00003e4c       $pdata$?create_master@generic_scheduler@internal@tbb@@SAPEAV123@PEAVarena@23@@Z 0000000180064e4c     scheduler.obj
 0004:00003e58       $pdata$?allocate_task@generic_scheduler@internal@tbb@@QEAAAEAVtask@3@_KPEAV43@PEAVtask_group_context@3@@Z 0000000180064e58     scheduler.obj
 0004:00003e64       $pdata$?local_spawn@generic_scheduler@internal@tbb@@QEAAXPEAVtask@3@AEAPEAV43@@Z 0000000180064e64     scheduler.obj
 0004:00003e70       $pdata$?remove_ref@observer_list@internal@tbb@@QEAAXPEAVobserver_proxy@23@@Z 0000000180064e70     observer_proxy.obj
 0004:00003e7c       $pdata$?insert@observer_list@internal@tbb@@QEAAXPEAVobserver_proxy@23@@Z 0000000180064e7c     observer_proxy.obj
 0004:00003e88       $pdata$?observe@task_scheduler_observer_v3@internal@tbb@@QEAAX_N@Z 0000000180064e88     observer_proxy.obj
 0004:00003e94       $pdata$0$?observe@task_scheduler_observer_v3@internal@tbb@@QEAAX_N@Z 0000000180064e94     observer_proxy.obj
 0004:00003ea0       $pdata$1$?observe@task_scheduler_observer_v3@internal@tbb@@QEAAX_N@Z 0000000180064ea0     observer_proxy.obj
 0004:00003eac       $pdata$?internal_destroy@global_control@interface9@tbb@@AEAAXXZ 0000000180064eac     tbb_main.obj
 0004:00003eb8       $pdata$?internal_create@global_control@interface9@tbb@@AEAAXXZ 0000000180064eb8     tbb_main.obj
 0004:00003ec4       $pdata$?active_value@allowed_parallelism_control@internal@tbb@@EEBA_KXZ 0000000180064ec4     tbb_main.obj
 0004:00003ed0       $pdata$1$?active_value@allowed_parallelism_control@internal@tbb@@EEBA_KXZ 0000000180064ed0     tbb_main.obj
 0004:00003edc       $pdata$2$?active_value@allowed_parallelism_control@internal@tbb@@EEBA_KXZ 0000000180064edc     tbb_main.obj
 0004:00003ee8       $pdata$?default_value@allowed_parallelism_control@internal@tbb@@EEBA_KXZ 0000000180064ee8     tbb_main.obj
 0004:00003ef4       $pdata$?itt_region_end_v9@internal@tbb@@YAXW4itt_domain_enum@12@PEAX_K@Z 0000000180064ef4     tbb_main.obj
 0004:00003f00       $pdata$?itt_region_begin_v9@internal@tbb@@YAXW4itt_domain_enum@12@PEAX_K12W4string_index@12@@Z 0000000180064f00     tbb_main.obj
 0004:00003f0c       $pdata$?itt_relation_add_v7@internal@tbb@@YAXW4itt_domain_enum@12@PEAX_KW4itt_relation@12@12@Z 0000000180064f0c     tbb_main.obj
 0004:00003f18       $pdata$?itt_metadata_ptr_add_v11@internal@tbb@@YAXW4itt_domain_enum@12@PEAX_KW4string_index@12@1@Z 0000000180064f18     tbb_main.obj
 0004:00003f24       $pdata$?itt_metadata_str_add_v7@internal@tbb@@YAXW4itt_domain_enum@12@PEAX_KW4string_index@12@PEBD@Z 0000000180064f24     tbb_main.obj
 0004:00003f30       $pdata$?itt_load_pointer_with_acquire_v3@internal@tbb@@YAPEAXPEBX@Z 0000000180064f30     tbb_main.obj
 0004:00003f3c       $pdata$?itt_store_pointer_with_release_v3@internal@tbb@@YAXPEAX0@Z 0000000180064f3c     tbb_main.obj
 0004:00003f48       $pdata$DllMain             0000000180064f48     tbb_main.obj
 0004:00003f54       $pdata$?ITT_DoUnsafeOneTimeInitialization@internal@tbb@@YAXXZ 0000000180064f54     tbb_main.obj
 0004:00003f60       $pdata$1$?ITT_DoUnsafeOneTimeInitialization@internal@tbb@@YAXXZ 0000000180064f60     tbb_main.obj
 0004:00003f6c       $pdata$2$?ITT_DoUnsafeOneTimeInitialization@internal@tbb@@YAXXZ 0000000180064f6c     tbb_main.obj
 0004:00003f78       $pdata$?terminate_auto_initialized_scheduler@governor@internal@tbb@@SAXXZ 0000000180064f78     tbb_main.obj
 0004:00003f84       $pdata$?itt_task_end_v7@internal@tbb@@YAXW4itt_domain_enum@12@@Z 0000000180064f84     tbb_main.obj
 0004:00003f90       $pdata$?itt_task_begin_v7@internal@tbb@@YAXW4itt_domain_enum@12@PEAX_K12W4string_index@12@@Z 0000000180064f90     tbb_main.obj
 0004:00003f9c       $pdata$?remove_ref@__TBB_InitOnce@internal@tbb@@SAXXZ 0000000180064f9c     tbb_main.obj
 0004:00003fa8       $pdata$1$?remove_ref@__TBB_InitOnce@internal@tbb@@SAXXZ 0000000180064fa8     tbb_main.obj
 0004:00003fb4       $pdata$2$?remove_ref@__TBB_InitOnce@internal@tbb@@SAXXZ 0000000180064fb4     tbb_main.obj
 0004:00003fc0       $pdata$3$?remove_ref@__TBB_InitOnce@internal@tbb@@SAXXZ 0000000180064fc0     tbb_main.obj
 0004:00003fcc       $pdata$4$?remove_ref@__TBB_InitOnce@internal@tbb@@SAXXZ 0000000180064fcc     tbb_main.obj
 0004:00003fd8       $pdata$?add_ref@__TBB_InitOnce@internal@tbb@@SAXXZ 0000000180064fd8     tbb_main.obj
 0004:00003fe4       $pdata$0$?add_ref@__TBB_InitOnce@internal@tbb@@SAXXZ 0000000180064fe4     tbb_main.obj
 0004:00003ff0       $pdata$1$?add_ref@__TBB_InitOnce@internal@tbb@@SAXXZ 0000000180064ff0     tbb_main.obj
 0004:00003ffc       $pdata$?DoOneTimeInitializations@internal@tbb@@YAXXZ 0000000180064ffc     tbb_main.obj
 0004:00004008       $pdata$?itt_make_task_group_v7@internal@tbb@@YAXW4itt_domain_enum@12@PEAX_K12W4string_index@12@@Z 0000000180065008     tbb_main.obj
 0004:00004014       $pdata$?active_value@global_control@interface9@tbb@@CA_KH@Z 0000000180065014     tbb_main.obj
 0004:00004020       $pdata$ITT_DoOneTimeInitialization 0000000180065020     tbb_main.obj
 0004:0000402c       $pdata$1$ITT_DoOneTimeInitialization 000000018006502c     tbb_main.obj
 0004:00004038       $pdata$2$ITT_DoOneTimeInitialization 0000000180065038     tbb_main.obj
 0004:00004044       $pdata$?internal_clear@concurrent_vector_base@internal@tbb@@IEAAXP6AXPEAX_K@Z_N@Z 0000000180065044     concurrent_vector_v2.obj
 0004:00004050       $pdata$0$?internal_clear@concurrent_vector_base@internal@tbb@@IEAAXP6AXPEAX_K@Z_N@Z 0000000180065050     concurrent_vector_v2.obj
 0004:0000405c       $pdata$1$?internal_clear@concurrent_vector_base@internal@tbb@@IEAAXP6AXPEAX_K@Z_N@Z 000000018006505c     concurrent_vector_v2.obj
 0004:00004068       $pdata$2$?internal_clear@concurrent_vector_base@internal@tbb@@IEAAXP6AXPEAX_K@Z_N@Z 0000000180065068     concurrent_vector_v2.obj
 0004:00004074       $pdata$3$?internal_clear@concurrent_vector_base@internal@tbb@@IEAAXP6AXPEAX_K@Z_N@Z 0000000180065074     concurrent_vector_v2.obj
 0004:00004080       $pdata$?internal_grow@concurrent_vector_base@internal@tbb@@IEAAX_K00P6AXPEAX0@Z@Z 0000000180065080     concurrent_vector_v2.obj
 0004:0000408c       $pdata$?internal_grow_by@concurrent_vector_base@internal@tbb@@IEAA_K_K0P6AXPEAX0@Z@Z 000000018006508c     concurrent_vector_v2.obj
 0004:00004098       $pdata$?internal_push_back@concurrent_vector_base@internal@tbb@@IEAAPEAX_KAEA_K@Z 0000000180065098     concurrent_vector_v2.obj
 0004:000040a4       $pdata$?internal_assign@concurrent_vector_base@internal@tbb@@IEAAXAEBV123@_KP6AXPEAX1@ZP6AX2PEBX1@Z5@Z 00000001800650a4     concurrent_vector_v2.obj
 0004:000040b0       $pdata$1$?internal_assign@concurrent_vector_base@internal@tbb@@IEAAXAEBV123@_KP6AXPEAX1@ZP6AX2PEBX1@Z5@Z 00000001800650b0     concurrent_vector_v2.obj
 0004:000040bc       $pdata$2$?internal_assign@concurrent_vector_base@internal@tbb@@IEAAXAEBV123@_KP6AXPEAX1@ZP6AX2PEBX1@Z5@Z 00000001800650bc     concurrent_vector_v2.obj
 0004:000040c8       $pdata$?internal_copy@concurrent_vector_base@internal@tbb@@IEAAXAEBV123@_KP6AXPEAXPEBX1@Z@Z 00000001800650c8     concurrent_vector_v2.obj
 0004:000040d4       $pdata$1$?internal_copy@concurrent_vector_base@internal@tbb@@IEAAXAEBV123@_KP6AXPEAXPEBX1@Z@Z 00000001800650d4     concurrent_vector_v2.obj
 0004:000040e0       $pdata$4$?internal_copy@concurrent_vector_base@internal@tbb@@IEAAXAEBV123@_KP6AXPEAXPEBX1@Z@Z 00000001800650e0     concurrent_vector_v2.obj
 0004:000040ec       $pdata$5$?internal_copy@concurrent_vector_base@internal@tbb@@IEAAXAEBV123@_KP6AXPEAXPEBX1@Z@Z 00000001800650ec     concurrent_vector_v2.obj
 0004:000040f8       $pdata$6$?internal_copy@concurrent_vector_base@internal@tbb@@IEAAXAEBV123@_KP6AXPEAXPEBX1@Z@Z 00000001800650f8     concurrent_vector_v2.obj
 0004:00004104       $pdata$?internal_reserve@concurrent_vector_base@internal@tbb@@IEAAX_K00@Z 0000000180065104     concurrent_vector_v2.obj
 0004:00004110       $pdata$2$?internal_reserve@concurrent_vector_base@internal@tbb@@IEAAX_K00@Z 0000000180065110     concurrent_vector_v2.obj
 0004:0000411c       $pdata$4$?internal_reserve@concurrent_vector_base@internal@tbb@@IEAAX_K00@Z 000000018006511c     concurrent_vector_v2.obj
 0004:00004128       $pdata$5$?internal_reserve@concurrent_vector_base@internal@tbb@@IEAAX_K00@Z 0000000180065128     concurrent_vector_v2.obj
 0004:00004134       $pdata$6$?internal_reserve@concurrent_vector_base@internal@tbb@@IEAAX_K00@Z 0000000180065134     concurrent_vector_v2.obj
 0004:00004140       $pdata$?extend_segment_if_necessary@helper@concurrent_vector_base@internal@tbb@@SAXAEAV234@_K@Z 0000000180065140     concurrent_vector_v2.obj
 0004:0000414c       $pdata$0$?extend_segment_if_necessary@helper@concurrent_vector_base@internal@tbb@@SAXAEAV234@_K@Z 000000018006514c     concurrent_vector_v2.obj
 0004:00004158       $pdata$2$?extend_segment_if_necessary@helper@concurrent_vector_base@internal@tbb@@SAXAEAV234@_K@Z 0000000180065158     concurrent_vector_v2.obj
 0004:00004164       $pdata$3$?extend_segment_if_necessary@helper@concurrent_vector_base@internal@tbb@@SAXAEAV234@_K@Z 0000000180065164     concurrent_vector_v2.obj
 0004:00004170       $pdata$4$?extend_segment_if_necessary@helper@concurrent_vector_base@internal@tbb@@SAXAEAV234@_K@Z 0000000180065170     concurrent_vector_v2.obj
 0004:0000417c       $pdata$5$?extend_segment_if_necessary@helper@concurrent_vector_base@internal@tbb@@SAXAEAV234@_K@Z 000000018006517c     concurrent_vector_v2.obj
 0004:00004188       $pdata$?internal_grow_to_at_least@concurrent_vector_base@internal@tbb@@IEAAX_K0P6AXPEAX0@Z@Z 0000000180065188     concurrent_vector_v2.obj
 0004:00004194       $pdata$??1concurrent_queue_iterator_base@internal@tbb@@IEAA@XZ 0000000180065194     concurrent_queue_v2.obj
 0004:000041a0       $pdata$?assign@concurrent_queue_iterator_base@internal@tbb@@IEAAXAEBV123@@Z 00000001800651a0     concurrent_queue_v2.obj
 0004:000041ac       $pdata$??0concurrent_queue_iterator_base@internal@tbb@@IEAA@AEBVconcurrent_queue_base@12@@Z 00000001800651ac     concurrent_queue_v2.obj
 0004:000041b8       $pdata$?internal_push_if_not_full@concurrent_queue_base@internal@tbb@@IEAA_NPEBX@Z 00000001800651b8     concurrent_queue_v2.obj
 0004:000041c4       $pdata$?internal_pop_if_present@concurrent_queue_base@internal@tbb@@IEAA_NPEAX@Z 00000001800651c4     concurrent_queue_v2.obj
 0004:000041d0       $pdata$?internal_pop@concurrent_queue_base@internal@tbb@@IEAAXPEAX@Z 00000001800651d0     concurrent_queue_v2.obj
 0004:000041dc       $pdata$?internal_push@concurrent_queue_base@internal@tbb@@IEAAXPEBX@Z 00000001800651dc     concurrent_queue_v2.obj
 0004:000041e8       $pdata$??1concurrent_queue_base@internal@tbb@@MEAA@XZ 00000001800651e8     concurrent_queue_v2.obj
 0004:000041f4       $pdata$??_Gconcurrent_queue_base@internal@tbb@@MEAAPEAXI@Z 00000001800651f4     concurrent_queue_v2.obj
 0004:00004200       $pdata$??0concurrent_queue_base@internal@tbb@@IEAA@_K@Z 0000000180065200     concurrent_queue_v2.obj
 0004:0000420c       $pdata$?pop@micro_queue@internal@tbb@@QEAA_NPEAX_KAEAVconcurrent_queue_base@23@@Z 000000018006520c     concurrent_queue_v2.obj
 0004:00004218       $pdata$?push@micro_queue@internal@tbb@@QEAAXPEBX_KAEAVconcurrent_queue_base@23@@Z 0000000180065218     concurrent_queue_v2.obj
 0004:00004224       $pdata$??1pop_finalizer@micro_queue@internal@tbb@@QEAA@XZ 0000000180065224     concurrent_queue_v2.obj
 0004:00004230       $pdata$0$??1pop_finalizer@micro_queue@internal@tbb@@QEAA@XZ 0000000180065230     concurrent_queue_v2.obj
 0004:0000423c       $pdata$3$??1pop_finalizer@micro_queue@internal@tbb@@QEAA@XZ 000000018006523c     concurrent_queue_v2.obj
 0004:00004248       $pdata$4$??1pop_finalizer@micro_queue@internal@tbb@@QEAA@XZ 0000000180065248     concurrent_queue_v2.obj
 0004:00004254       $pdata$5$??1pop_finalizer@micro_queue@internal@tbb@@QEAA@XZ 0000000180065254     concurrent_queue_v2.obj
 0004:00004260       $pdata$6$??1pop_finalizer@micro_queue@internal@tbb@@QEAA@XZ 0000000180065260     concurrent_queue_v2.obj
 0004:0000426c       $pdata$?internal_try_acquire_reader@spin_rw_mutex@tbb@@CA_NPEAV12@@Z 000000018006526c     spin_rw_mutex_v2.obj
 0004:00004278       $pdata$?internal_downgrade@spin_rw_mutex@tbb@@CAXPEAV12@@Z 0000000180065278     spin_rw_mutex_v2.obj
 0004:00004284       $pdata$?internal_upgrade@spin_rw_mutex@tbb@@CA_NPEAV12@@Z 0000000180065284     spin_rw_mutex_v2.obj
 0004:00004290       $pdata$?internal_acquire_reader@spin_rw_mutex@tbb@@CAXPEAV12@@Z 0000000180065290     spin_rw_mutex_v2.obj
 0004:0000429c       $pdata$?internal_release_writer@spin_rw_mutex@tbb@@CAXPEAV12@@Z 000000018006529c     spin_rw_mutex_v2.obj
 0004:000042a8       $pdata$?destroy@task@tbb@@QEAAXAEAV12@@Z 00000001800652a8     task_v2.obj
 0004:000042b4       $pdata$0$?destroy@task@tbb@@QEAAXAEAV12@@Z 00000001800652b4     task_v2.obj
 0004:000042c0       $pdata$1$?destroy@task@tbb@@QEAAXAEAV12@@Z 00000001800652c0     task_v2.obj
 0005:00000000       MoveSmall                  0000000180066000     libvcruntime:memcpy.obj
 0005:00000050       MsetTab                    0000000180066050     libvcruntime:memset.obj
 0006:000000a0       $R000000                   00000001800670a0     tbb_resource.res
 0006:00000480       $R0003E0                   0000000180067480     tbb_resource.res
